Component: ARM Compiler 5.06 update 6 (build 750) Tool: armlink [4d35ed]

==============================================================================

Section Cross References

    startup_w7500x.o(STACK) refers (Special) to heapauxi.o(.text) for __use_two_region_memory
    startup_w7500x.o(HEAP) refers (Special) to heapauxi.o(.text) for __use_two_region_memory
    startup_w7500x.o(RESET) refers (Special) to heapauxi.o(.text) for __use_two_region_memory
    startup_w7500x.o(RESET) refers to startup_w7500x.o(STACK) for __initial_sp
    startup_w7500x.o(RESET) refers to startup_w7500x.o(.text) for Reset_Handler
    startup_w7500x.o(RESET) refers to isr_vector.o(.ARM.__at_0x00007D00) for Remap_NMI_Handler
    startup_w7500x.o(RESET) refers to isr_vector.o(.ARM.__at_0x00007D0C) for Remap_SVC_Handler
    startup_w7500x.o(RESET) refers to isr_vector.o(.ARM.__at_0x00007D14) for Remap_PendSV_Handler
    startup_w7500x.o(RESET) refers to isr_vector.o(.ARM.__at_0x00007D1C) for Remap_SysTick_Handler
    startup_w7500x.o(RESET) refers to isr_vector.o(.ARM.__at_0x00007D24) for Remap_SSP0_Handler
    startup_w7500x.o(RESET) refers to isr_vector.o(.ARM.__at_0x00007D2C) for Remap_SSP1_Handler
    startup_w7500x.o(RESET) refers to isr_vector.o(.ARM.__at_0x00007D34) for Remap_UART0_Handler
    startup_w7500x.o(RESET) refers to isr_vector.o(.ARM.__at_0x00007D3C) for Remap_UART1_Handler
    startup_w7500x.o(RESET) refers to isr_vector.o(.ARM.__at_0x00007D44) for Remap_UART2_Handler
    startup_w7500x.o(RESET) refers to isr_vector.o(.ARM.__at_0x00007D4C) for Remap_I2C0_Handler
    startup_w7500x.o(RESET) refers to isr_vector.o(.ARM.__at_0x00007D54) for Remap_I2C1_Handler
    startup_w7500x.o(RESET) refers to isr_vector.o(.ARM.__at_0x00007D5C) for Remap_PORT0_Handler
    startup_w7500x.o(RESET) refers to isr_vector.o(.ARM.__at_0x00007D64) for Remap_PORT1_Handler
    startup_w7500x.o(RESET) refers to isr_vector.o(.ARM.__at_0x00007D6C) for Remap_PORT2_Handler
    startup_w7500x.o(RESET) refers to isr_vector.o(.ARM.__at_0x00007D74) for Remap_PORT3_Handler
    startup_w7500x.o(RESET) refers to isr_vector.o(.ARM.__at_0x00007D7C) for Remap_DMA_Handler
    startup_w7500x.o(RESET) refers to isr_vector.o(.ARM.__at_0x00007D84) for Remap_DUALTIMER0_Handler
    startup_w7500x.o(RESET) refers to isr_vector.o(.ARM.__at_0x00007D8C) for Remap_DUALTIMER1_Handler
    startup_w7500x.o(RESET) refers to isr_vector.o(.ARM.__at_0x00007D94) for Remap_PWM0_Handler
    startup_w7500x.o(RESET) refers to isr_vector.o(.ARM.__at_0x00007D9C) for Remap_PWM1_Handler
    startup_w7500x.o(RESET) refers to isr_vector.o(.ARM.__at_0x00007DA4) for Remap_PWM2_Handler
    startup_w7500x.o(RESET) refers to isr_vector.o(.ARM.__at_0x00007DAC) for Remap_PWM3_Handler
    startup_w7500x.o(RESET) refers to isr_vector.o(.ARM.__at_0x00007DB4) for Remap_PWM4_Handler
    startup_w7500x.o(RESET) refers to isr_vector.o(.ARM.__at_0x00007DBC) for Remap_PWM5_Handler
    startup_w7500x.o(RESET) refers to isr_vector.o(.ARM.__at_0x00007DC4) for Remap_PWM6_Handler
    startup_w7500x.o(RESET) refers to isr_vector.o(.ARM.__at_0x00007DCC) for Remap_PWM7_Handler
    startup_w7500x.o(RESET) refers to isr_vector.o(.ARM.__at_0x00007DD4) for Remap_RTC_Handler
    startup_w7500x.o(RESET) refers to isr_vector.o(.ARM.__at_0x00007DDC) for Remap_ADC_Handler
    startup_w7500x.o(RESET) refers to isr_vector.o(.ARM.__at_0x00007DE4) for Remap_WZTOE_Handler
    startup_w7500x.o(RESET) refers to isr_vector.o(.ARM.__at_0x00007DEC) for Remap_EXTI_Handler
    startup_w7500x.o(.text) refers (Special) to heapauxi.o(.text) for __use_two_region_memory
    startup_w7500x.o(.text) refers to system_w7500x.o(.text) for SystemInit
    startup_w7500x.o(.text) refers to __main.o(!!!main) for __main
    startup_w7500x.o(.text) refers to startup_w7500x.o(HEAP) for Heap_Mem
    startup_w7500x.o(.text) refers to startup_w7500x.o(STACK) for Stack_Mem
    system_w7500x.o(.text) refers to aeabi_sdiv.o(.text) for __aeabi_uidivmod
    system_w7500x.o(.text) refers to system_w7500x.o(.data) for .data
    w7500x_gpio.o(.text) refers to w7500x_gpio.o(.text) for GPIO_StructInit
    w7500x_gpio.o(.text) refers to w7500x_gpio.o(.text) for GPIO_INT_Polarity_Bits
    w7500x_uart.o(.text) refers to system_w7500x.o(.text) for GetPLLSource
    w7500x_uart.o(.text) refers to system_w7500x.o(.text) for GetSystemClock
    w7500x_uart.o(.text) refers to aeabi_sdiv.o(.text) for __aeabi_uidivmod
    w7500x_uart.o(.text) refers to fflti.o(.text) for __aeabi_ui2f
    w7500x_uart.o(.text) refers to fdiv.o(.text) for __aeabi_fdiv
    w7500x_uart.o(.text) refers to ffixui.o(.text) for __aeabi_f2uiz
    w7500x_uart.o(.text) refers to faddsub.o(x$fpl$frsb) for __aeabi_frsub
    w7500x_uart.o(.text) refers to fscalbn.o(.text) for __ARM_scalbnf
    w7500x_uart.o(.text) refers to f2d.o(.text) for __aeabi_f2d
    w7500x_uart.o(.text) refers to daddsub.o(.text) for __aeabi_dadd
    w7500x_uart.o(.text) refers to dfixui.o(.text) for __aeabi_d2uiz
[...]
    wizchip_getinterruptmask$$BuildAttributes$$THM_ISAv3M$S$PE$A:L22$X:L11$S22$IEEE1$~IW$USESV6$~STKCKD$USESV7$~SHL$OSPACE$EBA8$REQ8$PRES8$EABIv2 0x00000000   Number         0  wizchip_conf.o ABSOLUTE
    wizchip_getnetinfo$$BuildAttributes$$THM_ISAv3M$S$PE$A:L22$X:L11$S22$IEEE1$~IW$USESV6$~STKCKD$USESV7$~SHL$OSPACE$EBA8$REQ8$PRES8$EABIv2 0x00000000   Number         0  wizchip_conf.o ABSOLUTE
    wizchip_getnetmode$$BuildAttributes$$THM_ISAv3M$S$PE$A:L22$X:L11$S22$IEEE1$~IW$USESV6$~STKCKD$USESV7$~SHL$OSPACE$EBA8$REQ8$PRES8$EABIv2 0x00000000   Number         0  wizchip_conf.o ABSOLUTE
    wizchip_gettimeout$$BuildAttributes$$THM_ISAv3M$S$PE$A:L22$X:L11$S22$IEEE1$~IW$USESV6$~STKCKD$USESV7$~SHL$OSPACE$EBA8$REQ8$PRES8$EABIv2 0x00000000   Number         0  wizchip_conf.o ABSOLUTE
    wizchip_init$$BuildAttributes$$THM_ISAv3M$S$PE$A:L22$X:L11$S22$IEEE1$~IW$USESV6$~STKCKD$USESV7$~SHL$OSPACE$EBA8$REQ8$PRES8$EABIv2 0x00000000   Number         0  wizchip_conf.o ABSOLUTE
    wizchip_setinterruptmask$$BuildAttributes$$THM_ISAv3M$S$PE$A:L22$X:L11$S22$IEEE1$~IW$USESV6$~STKCKD$USESV7$~SHL$OSPACE$EBA8$REQ8$PRES8$EABIv2 0x00000000   Number         0  wizchip_conf.o ABSOLUTE
    wizchip_setnetinfo$$BuildAttributes$$THM_ISAv3M$S$PE$A:L22$X:L11$S22$IEEE1$~IW$USESV6$~STKCKD$USESV7$~SHL$OSPACE$EBA8$REQ8$PRES8$EABIv2 0x00000000   Number         0  wizchip_conf.o ABSOLUTE
    wizchip_setnetmode$$BuildAttributes$$THM_ISAv3M$S$PE$A:L22$X:L11$S22$IEEE1$~IW$USESV6$~STKCKD$USESV7$~SHL$OSPACE$EBA8$REQ8$PRES8$EABIv2 0x00000000   Number         0  wizchip_conf.o ABSOLUTE
    wizchip_settimeout$$BuildAttributes$$THM_ISAv3M$S$PE$A:L22$X:L11$S22$IEEE1$~IW$USESV6$~STKCKD$USESV7$~SHL$OSPACE$EBA8$REQ8$PRES8$EABIv2 0x00000000   Number         0  wizchip_conf.o ABSOLUTE
    wizchip_sw_reset$$BuildAttributes$$THM_ISAv3M$S$PE$A:L22$X:L11$S22$IEEE1$~IW$USESV6$~STKCKD$USESV7$~SHL$OSPACE$EBA8$REQ8$PRES8$EABIv2 0x00000000   Number         0  wizchip_conf.o ABSOLUTE
    wizphy_getphylink$$BuildAttributes$$THM_ISAv3M$S$PE$A:L22$X:L11$S22$IEEE1$~IW$USESV6$~STKCKD$USESV7$~SHL$OSPACE$EBA8$REQ8$PRES8$EABIv2 0x00000000   Number         0  wizchip_conf.o ABSOLUTE
    wizphy_getphypmode$$BuildAttributes$$THM_ISAv3M$S$PE$A:L22$X:L11$S22$IEEE1$~IW$USESV6$~STKCKD$USESV7$~SHL$OSPACE$EBA8$REQ8$PRES8$EABIv2 0x00000000   Number         0  wizchip_conf.o ABSOLUTE
    write_eeprom$$BuildAttributes$$THM_ISAv3M$S$PE$A:L22$X:L11$S22$IEEE1$~IW$USESV6$~STKCKD$USESV7$~SHL$OSPACE$EBA8$REQ8$PRES8$EABIv2 0x00000000   Number         0  eepromhandler.o ABSOLUTE
    write_flash$$BuildAttributes$$THM_ISAv3M$S$PE$A:L22$X:L11$S22$IEEE1$~IW$USESV6$~STKCKD$USESV7$~SHL$OSPACE$EBA8$REQ8$PRES8$EABIv2 0x00000000   Number         0  flashhandler.o ABSOLUTE
    write_storage$$BuildAttributes$$THM_ISAv3M$S$PE$A:L22$X:L11$S22$IEEE1$~IW$USESV6$~STKCKD$USESV7$~SHL$OSPACE$EBA8$REQ8$PRES8$EABIv2 0x00000000   Number         0  storagehandler.o ABSOLUTE
    !!!main                                  0x000000a8   Section        8  __main.o(!!!main)
    !!!scatter                               0x000000b0   Section       60  __scatter.o(!!!scatter)
    !!handler_zi                             0x000000ec   Section       28  __scatter_zi.o(!!handler_zi)
    .ARM.Collect$$_printf_percent$$00000000  0x00000108   Section        2  _printf_percent.o(.ARM.Collect$$_printf_percent$$00000000)
    .ARM.Collect$$_printf_percent$$00000009  0x0000010a   Section       10  _printf_d.o(.ARM.Collect$$_printf_percent$$00000009)
    .ARM.Collect$$_printf_percent$$0000000C  0x00000114   Section       10  _printf_x.o(.ARM.Collect$$_printf_percent$$0000000C)
    .ARM.Collect$$_printf_percent$$00000013  0x0000011e   Section       10  _printf_c.o(.ARM.Collect$$_printf_percent$$00000013)
    .ARM.Collect$$_printf_percent$$00000014  0x00000128   Section       10  _printf_s.o(.ARM.Collect$$_printf_percent$$00000014)
    .ARM.Collect$$_printf_percent$$00000017  0x00000132   Section        4  _printf_percent_end.o(.ARM.Collect$$_printf_percent$$00000017)
    .ARM.Collect$$libinit$$00000000          0x00000136   Section        2  libinit.o(.ARM.Collect$$libinit$$00000000)
    .ARM.Collect$$libinit$$00000002          0x00000138   Section        0  libinit2.o(.ARM.Collect$$libinit$$00000002)
    .ARM.Collect$$libinit$$00000004          0x00000138   Section        0  libinit2.o(.ARM.Collect$$libinit$$00000004)
    .ARM.Collect$$libinit$$0000000A          0x00000138   Section        0  libinit2.o(.ARM.Collect$$libinit$$0000000A)
    .ARM.Collect$$libinit$$0000000C          0x00000138   Section        0  libinit2.o(.ARM.Collect$$libinit$$0000000C)
    .ARM.Collect$$libinit$$0000000E          0x00000138   Section        0  libinit2.o(.ARM.Collect$$libinit$$0000000E)
    .ARM.Collect$$libinit$$0000000F          0x00000138   Section        6  libinit2.o(.ARM.Collect$$libinit$$0000000F)
    .ARM.Collect$$libinit$$00000011          0x0000013e   Section        0  libinit2.o(.ARM.Collect$$libinit$$00000011)
    .ARM.Collect$$libinit$$00000012          0x0000013e   Section       12  libinit2.o(.ARM.Collect$$libinit$$00000012)
    .ARM.Collect$$libinit$$00000013          0x0000014a   Section        0  libinit2.o(.ARM.Collect$$libinit$$00000013)
    .ARM.Collect$$libinit$$00000015          0x0000014a   Section        0  libinit2.o(.ARM.Collect$$libinit$$00000015)
    .ARM.Collect$$libinit$$00000017          0x0000014a   Section        0  libinit2.o(.ARM.Collect$$libinit$$00000017)
    .ARM.Collect$$libinit$$00000019          0x0000014a   Section        0  libinit2.o(.ARM.Collect$$libinit$$00000019)
    .ARM.Collect$$libinit$$0000001B          0x0000014a   Section        0  libinit2.o(.ARM.Collect$$libinit$$0000001B)
    .ARM.Collect$$libinit$$0000001D          0x0000014a   Section        0  libinit2.o(.ARM.Collect$$libinit$$0000001D)
    .ARM.Collect$$libinit$$0000001F          0x0000014a   Section        0  libinit2.o(.ARM.Collect$$libinit$$0000001F)
    .ARM.Collect$$libinit$$00000021          0x0000014a   Section        0  libinit2.o(.ARM.Collect$$libinit$$00000021)
    .ARM.Collect$$libinit$$00000023          0x0000014a   Section        0  libinit2.o(.ARM.Collect$$libinit$$00000023)
    .ARM.Collect$$libinit$$00000025          0x0000014a   Section        0  libinit2.o(.ARM.Collect$$libinit$$00000025)
    .ARM.Collect$$libinit$$0000002C          0x0000014a   Section        0  libinit2.o(.ARM.Collect$$libinit$$0000002C)
    .ARM.Collect$$libinit$$0000002E          0x0000014a   Section        0  libinit2.o(.ARM.Collect$$libinit$$0000002E)
    .ARM.Collect$$libinit$$00000030          0x0000014a   Section        0  libinit2.o(.ARM.Collect$$libinit$$00000030)
    .ARM.Collect$$libinit$$00000032          0x0000014a   Section        0  libinit2.o(.ARM.Collect$$libinit$$00000032)
    .ARM.Collect$$libinit$$00000033          0x0000014a   Section        2  libinit2.o(.ARM.Collect$$libinit$$00000033)
    .ARM.Collect$$libshutdown$$00000000      0x0000014c   Section        2  libshutdown.o(.ARM.Collect$$libshutdown$$00000000)
    .ARM.Collect$$libshutdown$$00000002      0x0000014e   Section        0  libshutdown2.o(.ARM.Collect$$libshutdown$$00000002)
    .ARM.Collect$$libshutdown$$00000004      0x0000014e   Section        0  libshutdown2.o(.ARM.Collect$$libshutdown$$00000004)
    .ARM.Collect$$libshutdown$$00000007      0x0000014e   Section        0  libshutdown2.o(.ARM.Collect$$libshutdown$$00000007)
    .ARM.Collect$$libshutdown$$0000000A      0x0000014e   Section        0  libshutdown2.o(.ARM.Collect$$libshutdown$$0000000A)
    .ARM.Collect$$libshutdown$$0000000C      0x0000014e   Section        0  libshutdown2.o(.ARM.Collect$$libshutdown$$0000000C)
    .ARM.Collect$$libshutdown$$0000000F      0x0000014e   Section        0  libshutdown2.o(.ARM.Collect$$libshutdown$$0000000F)
    .ARM.Collect$$libshutdown$$00000010      0x0000014e   Section        2  libshutdown2.o(.ARM.Collect$$libshutdown$$00000010)
    .ARM.Collect$$rtentry$$00000000          0x00000150   Section        0  __rtentry.o(.ARM.Collect$$rtentry$$00000000)
    .ARM.Collect$$rtentry$$00000002          0x00000150   Section        0  __rtentry2.o(.ARM.Collect$$rtentry$$00000002)
    .ARM.Collect$$rtentry$$00000004          0x00000150   Section        6  __rtentry4.o(.ARM.Collect$$rtentry$$00000004)
    .ARM.Collect$$rtentry$$00000009          0x00000156   Section        0  __rtentry2.o(.ARM.Collect$$rtentry$$00000009)
    .ARM.Collect$$rtentry$$0000000A          0x00000156   Section        4  __rtentry2.o(.ARM.Collect$$rtentry$$0000000A)
    .ARM.Collect$$rtentry$$0000000C          0x0000015a   Section        0  __rtentry2.o(.ARM.Collect$$rtentry$$0000000C)
    .ARM.Collect$$rtentry$$0000000D          0x0000015a   Section        8  __rtentry2.o(.ARM.Collect$$rtentry$$0000000D)
    .ARM.Collect$$rtexit$$00000000           0x00000162   Section        2  rtexit.o(.ARM.Collect$$rtexit$$00000000)
    .ARM.Collect$$rtexit$$00000002           0x00000164   Section        0  rtexit2.o(.ARM.Collect$$rtexit$$00000002)
    .ARM.Collect$$rtexit$$00000003           0x00000164   Section        4  rtexit2.o(.ARM.Collect$$rtexit$$00000003)
    .ARM.Collect$$rtexit$$00000004           0x00000168   Section        6  rtexit2.o(.ARM.Collect$$rtexit$$00000004)
    .emb_text                                0x00000170   Section       56  rt_memcpy.o(.emb_text)
    .text                                    0x000001a8   Section       56  startup_w7500x.o(.text)
    .text                                    0x000001e0   Section        0  system_w7500x.o(.text)
    .text                                    0x000002d0   Section        0  w7500x_gpio.o(.text)
    .text                                    0x00000488   Section        0  w7500x_uart.o(.text)
    .text                                    0x000004f8   Section        0  w7500x_wztoe.o(.text)
    .text                                    0x000005ac   Section        0  socket.o(.text)
    .text                                    0x00000db0   Section        0  wizchip_conf.o(.text)
    .text                                    0x0000116c   Section        0  w7500x_miim.o(.text)
    .text                                    0x00001364   Section        0  dhcp.o(.text)
    .text                                    0x000014a8   Section        0  w7500x_it.o(.text)
    .text                                    0x000014e4   Section        0  retarget.o(.text)
    .text                                    0x000014f8   Section        0  main.o(.text)
    .text                                    0x000017d8   Section        0  segcp.o(.text)
    .text                                    0x00002610   Section        0  util.o(.text)
    .text                                    0x000027f4   Section        0  flashhandler.o(.text)
    .text                                    0x000028d0   Section        0  storagehandler.o(.text)
    .text                                    0x000029a8   Section        0  timerhandler.o(.text)
    .text                                    0x00002a30   Section        0  uarthandler.o(.text)
    .text                                    0x00002a3c   Section        0  devicehandler.o(.text)
    .text                                    0x00002dd4   Section        0  w7500x_board.o(.text)
    .text                                    0x00002f40   Section        0  configdata.o(.text)
    .text                                    0x00003474   Section        2  use_no_semi.o(.text)
    .text                                    0x00003478   Section       16  rt_ctype_table.o(.text)
    .text                                    0x00003488   Section        0  toupper.o(.text)
    .text                                    0x000034a8   Section        0  noretval__2printf.o(.text)
    .text                                    0x000034c4   Section        0  noretval__2sprintf.o(.text)
    .text                                    0x000034ec   Section        0  _printf_pad.o(.text)
    .text                                    0x0000353a   Section        0  _printf_str.o(.text)
    .text                                    0x0000358c   Section        0  _printf_dec.o(.text)
    .text                                    0x000035f8   Section        0  _printf_hex_int.o(.text)
    .text                                    0x00003650   Section        0  __printf_flags_wp.o(.text)
    .text                                    0x00003788   Section        0  atoi.o(.text)
    .text                                    0x000037a2   Section        0  atol.o(.text)
    .text                                    0x000037bc   Section        0  strtok.o(.text)
    .text                                    0x000037cc   Section        0  strchr.o(.text)
    .text                                    0x000037e0   Section        0  memcmp.o(.text)
    .text                                    0x0000383c   Section        0  strcpy.o(.text)
    .text                                    0x00003888   Section        0  strlen.o(.text)
    .text                                    0x000038cc   Section        0  strncmp.o(.text)
    .text                                    0x0000396c   Section        0  strcat.o(.text)
    .text                                    0x00003984   Section        0  rt_memcpy.o(.text)
    .text                                    0x00003a06   Section        0  rt_memclr.o(.text)
    .text                                    0x00003a48   Section        0  strcmp.o(.text)
    .text                                    0x00003ad0   Section        0  uread4.o(.text)
    .text                                    0x00003af2   Section        0  uwrite4.o(.text)
    .text                                    0x00003b02   Section      346  aeabi_sdiv.o(.text)
    .text                                    0x00003c5c   Section        0  heapauxi.o(.text)
    .text                                    0x00003c64   Section        8  rt_locale_intlibspace.o(.text)
    .text                                    0x00003c6c   Section        8  rt_errno_addr_intlibspace.o(.text)
    .text                                    0x00003c74   Section        0  _printf_intcommon.o(.text)
    .text                                    0x00003d24   Section        0  _printf_char_common.o(.text)
    _printf_input_char                       0x00003d25   Thumb Code    10  _printf_char_common.o(.text)
    .text                                    0x00003d54   Section        0  _sputc.o(.text)
    .text                                    0x00003d5e   Section        0  _printf_char.o(.text)
    .text                                    0x00003d8c   Section        0  _printf_char_file.o(.text)
    .text                                    0x00003db4   Section        0  strtol.o(.text)
    .text                                    0x00003e24   Section        0  strtok_int.o(.text)
    .text                                    0x00003e6c   Section        0  rtudiv10.o(.text)
    .text                                    0x00003e94   Section        8  libspace.o(.text)
    .text                                    0x00003e9c   Section        0  _strtoul.o(.text)
    .text                                    0x00003f42   Section        0  strcspn.o(.text)
    .text                                    0x00003f64   Section        0  strspn.o(.text)
    .text                                    0x00003f84   Section       62  sys_stackheap_outer.o(.text)
    .text                                    0x00003fc2   Section        0  _chval.o(.text)
    .text                                    0x00003fe0   Section        0  exit.o(.text)
    .text                                    0x00003ff0   Section        0  __dczerorl.o(.text)
    i.__ARM_common_switch8                   0x0000402a   Section        0  socket.o(i.__ARM_common_switch8)
    i._is_digit                              0x00004044   Section        0  __printf_wp.o(i._is_digit)
    locale$$code                             0x00004054   Section       44  lc_ctype_c.o(locale$$code)
    .constdata                               0x00004080   Section        6  w7500x_board.o(.constdata)
    .constdata                               0x00004086   Section       40  _printf_hex_int.o(.constdata)
    uc_hextab                                0x00004086   Data          20  _printf_hex_int.o(.constdata)
    lc_hextab                                0x0000409a   Data          20  _printf_hex_int.o(.constdata)
    .constdata                               0x000040ae   Section       17  __printf_flags_wp.o(.constdata)
    maptable                                 0x000040ae   Data          17  __printf_flags_wp.o(.constdata)
    .conststring                             0x000040c0   Section      275  segcp.o(.conststring)
    .conststring                             0x000041d4   Section       23  uarthandler.o(.conststring)
    .conststring                             0x000041ec   Section      174  devicehandler.o(.conststring)
    locale$$data                             0x000042bc   Section      272  lc_ctype_c.o(locale$$data)
    __lcctype_c_name                         0x000042c0   Data           2  lc_ctype_c.o(locale$$data)
    __lcctype_c_start                        0x000042c8   Data           0  lc_ctype_c.o(locale$$data)
    __lcctype_c_end                          0x000043cc   Data           0  lc_ctype_c.o(locale$$data)
    .ARM.__at_0x00007D00                     0x00007d00   Section        0  isr_vector.o(.ARM.__at_0x00007D00)
    .ARM.__at_0x00007D0C                     0x00007d0c   Section        0  isr_vector.o(.ARM.__at_0x00007D0C)
    .ARM.__at_0x00007D14                     0x00007d14   Section        0  isr_vector.o(.ARM.__at_0x00007D14)
    .ARM.__at_0x00007D1C                     0x00007d1c   Section        0  isr_vector.o(.ARM.__at_0x00007D1C)
    .ARM.__at_0x00007D24                     0x00007d24   Section        0  isr_vector.o(.ARM.__at_0x00007D24)
    .ARM.__at_0x00007D2C                     0x00007d2c   Section        0  isr_vector.o(.ARM.__at_0x00007D2C)
    .ARM.__at_0x00007D34                     0x00007d34   Section        0  isr_vector.o(.ARM.__at_0x00007D34)
    .ARM.__at_0x00007D3C                     0x00007d3c   Section        0  isr_vector.o(.ARM.__at_0x00007D3C)
    .ARM.__at_0x00007D44                     0x00007d44   Section        0  isr_vector.o(.ARM.__at_0x00007D44)
    .ARM.__at_0x00007D4C                     0x00007d4c   Section        0  isr_vector.o(.ARM.__at_0x00007D4C)
    .ARM.__at_0x00007D54                     0x00007d54   Section        0  isr_vector.o(.ARM.__at_0x00007D54)
    .ARM.__at_0x00007D5C                     0x00007d5c   Section        0  isr_vector.o(.ARM.__at_0x00007D5C)
    .ARM.__at_0x00007D64                     0x00007d64   Section        0  isr_vector.o(.ARM.__at_0x00007D64)
    .ARM.__at_0x00007D6C                     0x00007d6c   Section        0  isr_vector.o(.ARM.__at_0x00007D6C)
    .ARM.__at_0x00007D74                     0x00007d74   Section        0  isr_vector.o(.ARM.__at_0x00007D74)
    .ARM.__at_0x00007D7C                     0x00007d7c   Section        0  isr_vector.o(.ARM.__at_0x00007D7C)
    .ARM.__at_0x00007D84                     0x00007d84   Section        0  isr_vector.o(.ARM.__at_0x00007D84)
    .ARM.__at_0x00007D8C                     0x00007d8c   Section        0  isr_vector.o(.ARM.__at_0x00007D8C)
    .ARM.__at_0x00007D94                     0x00007d94   Section        0  isr_vector.o(.ARM.__at_0x00007D94)
    .ARM.__at_0x00007D9C                     0x00007d9c   Section        0  isr_vector.o(.ARM.__at_0x00007D9C)
    .ARM.__at_0x00007DA4                     0x00007da4   Section        0  isr_vector.o(.ARM.__at_0x00007DA4)
    .ARM.__at_0x00007DAC                     0x00007dac   Section        0  isr_vector.o(.ARM.__at_0x00007DAC)
    .ARM.__at_0x00007DB4                     0x00007db4   Section        0  isr_vector.o(.ARM.__at_0x00007DB4)
    .ARM.__at_0x00007DBC                     0x00007dbc   Section        0  isr_vector.o(.ARM.__at_0x00007DBC)
    .ARM.__at_0x00007DC4                     0x00007dc4   Section        0  isr_vector.o(.ARM.__at_0x00007DC4)
    .ARM.__at_0x00007DCC                     0x00007dcc   Section        0  isr_vector.o(.ARM.__at_0x00007DCC)
    .ARM.__at_0x00007DD4                     0x00007dd4   Section        0  isr_vector.o(.ARM.__at_0x00007DD4)
    .ARM.__at_0x00007DDC                     0x00007ddc   Section        0  isr_vector.o(.ARM.__at_0x00007DDC)
    .ARM.__at_0x00007DE4                     0x00007de4   Section        0  isr_vector.o(.ARM.__at_0x00007DE4)
    .ARM.__at_0x00007DEC                     0x00007dec   Section        0  isr_vector.o(.ARM.__at_0x00007DEC)
    .data                                    0x20000000   Section        8  system_w7500x.o(.data)
    .data                                    0x20000008   Section       14  socket.o(.data)
    sock_any_port                            0x20000008   Data           2  socket.o(.data)
    sock_io_mode                             0x2000000a   Data           2  socket.o(.data)
    sock_is_sending                          0x2000000c   Data           2  socket.o(.data)
    sock_pack_info                           0x2000000e   Data           8  socket.o(.data)
    .data                                    0x20000018   Section       40  wizchip_conf.o(.data)
    _DHCP_                                   0x20000018   Data           1  wizchip_conf.o(.data)
    _DNS_                                    0x20000019   Data           4  wizchip_conf.o(.data)
    .data                                    0x20000040   Section        8  w7500x_miim.o(.data)
    MDIO                                     0x20000040   Data           2  w7500x_miim.o(.data)
    MDC                                      0x20000042   Data           2  w7500x_miim.o(.data)
    .data                                    0x20000048   Section       78  dhcp.o(.data)
    .data                                    0x20000098   Section        4  retarget.o(.data)
    .data                                    0x2000009c   Section        1  main.o(.data)
    .data                                    0x200000a0   Section      272  segcp.o(.data)
    .data                                    0x200001b0   Section       16  timerhandler.o(.data)
    msec_cnt                                 0x200001b2   Data           2  timerhandler.o(.data)
    sec_cnt                                  0x200001b4   Data           2  timerhandler.o(.data)
    uptime_min                               0x200001b8   Data           4  timerhandler.o(.data)
    time_cnt                                 0x200001bc   Data           4  timerhandler.o(.data)
    .data                                    0x200001c0   Section        8  uarthandler.o(.data)
    .data                                    0x200001c8   Section       16  devicehandler.o(.data)
    write_fw_len                             0x200001d0   Data           4  devicehandler.o(.data)
    recv_fwsize                              0x200001d4   Data           4  devicehandler.o(.data)
    .data                                    0x200001d8   Section       20  w7500x_board.o(.data)
    .data                                    0x200001ec   Section        4  strtok.o(.data)
    _strtok_saves1                           0x200001ec   Data           4  strtok.o(.data)
    .bss                                     0x200001f0   Section       16  socket.o(.bss)
    sock_remained_size                       0x200001f0   Data          16  socket.o(.bss)
    .bss                                     0x20000200   Section     2048  main.o(.bss)
    .bss                                     0x20000a00   Section     1024  segcp.o(.bss)
    gSEGCPREQ                                0x20000a00   Data         512  segcp.o(.bss)
    gSEGCPREP                                0x20000c00   Data         512  segcp.o(.bss)
    .bss                                     0x20000e00   Section      249  configdata.o(.bss)
    dev_config                               0x20000e00   Data         249  configdata.o(.bss)
    .bss                                     0x20000efc   Section       96  libspace.o(.bss)
    HEAP                                     0x20000f60   Section     1024  startup_w7500x.o(HEAP)
    Heap_Mem                                 0x20000f60   Data        1024  startup_w7500x.o(HEAP)
    STACK                                    0x20001360   Section     2048  startup_w7500x.o(STACK)
    Stack_Mem                                0x20001360   Data        2048  startup_w7500x.o(STACK)
    __initial_sp                             0x20001b60   Data           0  startup_w7500x.o(STACK)

    Global Symbols

    Symbol Name                              Value     Ov Type        Size  Object(Section)

    BuildAttributes$$THM_ISAv3M$S$PE$A:L22$X:L11$S22$IEEE1$IW$~IW$USESV6$~STKCKD$USESV7$~SHL$OSPACE$ROPI$EBA8$UX$STANDARDLIB$REQ8$PRES8$EABIv2 0x00000000   Number         0  anon$$obj.o ABSOLUTE
    __ARM_use_no_argv                        0x00000000   Number         0  main.o ABSOLUTE
    __Vectors                                0x00000000   Data           4  startup_w7500x.o(RESET)
    _printf_flags                            0x00000000   Number         0  printf_stubs.o ABSOLUTE
    _printf_return_value                     0x00000000   Number         0  printf_stubs.o ABSOLUTE
    _printf_sizespec                         0x00000000   Number         0  printf_stubs.o ABSOLUTE
    _printf_widthprec                        0x00000000   Number         0  printf_stubs.o ABSOLUTE
    __ARM_exceptions_init                     - Undefined Weak Reference
    __alloca_initialize                       - Undefined Weak Reference
    __arm_preinit_                            - Undefined Weak Reference
    __cpp_initialize__aeabi_                  - Undefined Weak Reference
    __cxa_finalize                            - Undefined Weak Reference
    __sigvec_lookup                           - Undefined Weak Reference
    _atexit_init                              - Undefined Weak Reference
    _call_atexit_fns                          - Undefined Weak Reference
    _clock_init                               - Undefined Weak Reference
    _fp_trap_init                             - Undefined Weak Reference
    _fp_trap_shutdown                         - Undefined Weak Reference
    _get_lc_collate                           - Undefined Weak Reference
    _get_lc_monetary                          - Undefined Weak Reference
    _get_lc_numeric                           - Undefined Weak Reference
    _get_lc_time                              - Undefined Weak Reference
    _getenv_init                              - Undefined Weak Reference
    _handle_redirection                       - Undefined Weak Reference
    _init_alloc                               - Undefined Weak Reference
    _init_user_alloc                          - Undefined Weak Reference
    _initio                                   - Undefined Weak Reference
    _printf_mbtowc                            - Undefined Weak Reference
    _printf_truncate_signed                   - Undefined Weak Reference
    _printf_truncate_unsigned                 - Undefined Weak Reference
    _rand_init                                - Undefined Weak Reference
    _signal_finish                            - Undefined Weak Reference
    _signal_init                              - Undefined Weak Reference
    _terminate_alloc                          - Undefined Weak Reference
    _terminate_user_alloc                     - Undefined Weak Reference
    _terminateio                              - Undefined Weak Reference
    __Vectors_End                            0x000000a8   Data           0  startup_w7500x.o(RESET)
    __Vectors_Size                           0x000000a8   Number         0  startup_w7500x.o ABSOLUTE
    __main                                   0x000000a9   Thumb Code     8  __main.o(!!!main)
    __scatterload                            0x000000b1   Thumb Code     0  __scatter.o(!!!scatter)
    __scatterload_rt2                        0x000000b1   Thumb Code    52  __scatter.o(!!!scatter)
    __scatterload_rt2_thumb_only             0x000000b1   Thumb Code     0  __scatter.o(!!!scatter)
    __scatterload_null                       0x000000c1   Thumb Code     0  __scatter.o(!!!scatter)
    __scatterload_zeroinit                   0x000000ed   Thumb Code    28  __scatter_zi.o(!!handler_zi)
    _printf_percent                          0x00000109   Thumb Code     0  _printf_percent.o(.ARM.Collect$$_printf_percent$$00000000)
    _printf_d                                0x0000010b   Thumb Code     0  _printf_d.o(.ARM.Collect$$_printf_percent$$00000009)
    _printf_x                                0x00000115   Thumb Code     0  _printf_x.o(.ARM.Collect$$_printf_percent$$0000000C)
    _printf_c                                0x0000011f   Thumb Code     0  _printf_c.o(.ARM.Collect$$_printf_percent$$00000013)
    _printf_s                                0x00000129   Thumb Code     0  _printf_s.o(.ARM.Collect$$_printf_percent$$00000014)
    _printf_percent_end                      0x00000133   Thumb Code     0  _printf_percent_end.o(.ARM.Collect$$_printf_percent$$00000017)
    __rt_lib_init                            0x00000137   Thumb Code     0  libinit.o(.ARM.Collect$$libinit$$00000000)
    __rt_lib_init_fp_1                       0x00000139   Thumb Code     0  libinit2.o(.ARM.Collect$$libinit$$00000002)
    __rt_lib_init_heap_1                     0x00000139   Thumb Code     0  libinit2.o(.ARM.Collect$$libinit$$0000000A)
    __rt_lib_init_lc_common                  0x00000139   Thumb Code     0  libinit2.o(.ARM.Collect$$libinit$$0000000F)
    __rt_lib_init_preinit_1                  0x00000139   Thumb Code     0  libinit2.o(.ARM.Collect$$libinit$$00000004)
    __rt_lib_init_rand_1                     0x00000139   Thumb Code     0  libinit2.o(.ARM.Collect$$libinit$$0000000E)
    __rt_lib_init_user_alloc_1               0x00000139   Thumb Code     0  libinit2.o(.ARM.Collect$$libinit$$0000000C)
    __rt_lib_init_lc_collate_1               0x0000013f   Thumb Code     0  libinit2.o(.ARM.Collect$$libinit$$00000011)
    __rt_lib_init_lc_ctype_2                 0x0000013f   Thumb Code     0  libinit2.o(.ARM.Collect$$libinit$$00000012)
    __rt_lib_init_alloca_1                   0x0000014b   Thumb Code     0  libinit2.o(.ARM.Collect$$libinit$$0000002E)
    __rt_lib_init_argv_1                     0x0000014b   Thumb Code     0  libinit2.o(.ARM.Collect$$libinit$$0000002C)
    __rt_lib_init_atexit_1                   0x0000014b   Thumb Code     0  libinit2.o(.ARM.Collect$$libinit$$0000001B)
    __rt_lib_init_clock_1                    0x0000014b   Thumb Code     0  libinit2.o(.ARM.Collect$$libinit$$00000021)
    __rt_lib_init_cpp_1                      0x0000014b   Thumb Code     0  libinit2.o(.ARM.Collect$$libinit$$00000032)
    __rt_lib_init_exceptions_1               0x0000014b   Thumb Code     0  libinit2.o(.ARM.Collect$$libinit$$00000030)
    __rt_lib_init_fp_trap_1                  0x0000014b   Thumb Code     0  libinit2.o(.ARM.Collect$$libinit$$0000001F)
    __rt_lib_init_getenv_1                   0x0000014b   Thumb Code     0  libinit2.o(.ARM.Collect$$libinit$$00000023)
    __rt_lib_init_lc_ctype_1                 0x0000014b   Thumb Code     0  libinit2.o(.ARM.Collect$$libinit$$00000013)
    __rt_lib_init_lc_monetary_1              0x0000014b   Thumb Code     0  libinit2.o(.ARM.Collect$$libinit$$00000015)
    __rt_lib_init_lc_numeric_1               0x0000014b   Thumb Code     0  libinit2.o(.ARM.Collect$$libinit$$00000017)
    __rt_lib_init_lc_time_1                  0x0000014b   Thumb Code     0  libinit2.o(.ARM.Collect$$libinit$$00000019)
    __rt_lib_init_return                     0x0000014b   Thumb Code     0  libinit2.o(.ARM.Collect$$libinit$$00000033)
    __rt_lib_init_signal_1                   0x0000014b   Thumb Code     0  libinit2.o(.ARM.Collect$$libinit$$0000001D)
    __rt_lib_init_stdio_1                    0x0000014b   Thumb Code     0  libinit2.o(.ARM.Collect$$libinit$$00000025)
    __rt_lib_shutdown                        0x0000014d   Thumb Code     0  libshutdown.o(.ARM.Collect$$libshutdown$$00000000)
    __rt_lib_shutdown_cpp_1                  0x0000014f   Thumb Code     0  libshutdown2.o(.ARM.Collect$$libshutdown$$00000002)
    __rt_lib_shutdown_fp_trap_1              0x0000014f   Thumb Code     0  libshutdown2.o(.ARM.Collect$$libshutdown$$00000007)
    __rt_lib_shutdown_heap_1                 0x0000014f   Thumb Code     0  libshutdown2.o(.ARM.Collect$$libshutdown$$0000000F)
    __rt_lib_shutdown_return                 0x0000014f   Thumb Code     0  libshutdown2.o(.ARM.Collect$$libshutdown$$00000010)
    __rt_lib_shutdown_signal_1               0x0000014f   Thumb Code     0  libshutdown2.o(.ARM.Collect$$libshutdown$$0000000A)
    __rt_lib_shutdown_stdio_1                0x0000014f   Thumb Code     0  libshutdown2.o(.ARM.Collect$$libshutdown$$00000004)
    __rt_lib_shutdown_user_alloc_1           0x0000014f   Thumb Code     0  libshutdown2.o(.ARM.Collect$$libshutdown$$0000000C)
    __rt_entry                               0x00000151   Thumb Code     0  __rtentry.o(.ARM.Collect$$rtentry$$00000000)
    __rt_entry_presh_1                       0x00000151   Thumb Code     0  __rtentry2.o(.ARM.Collect$$rtentry$$00000002)
    __rt_entry_sh                            0x00000151   Thumb Code     0  __rtentry4.o(.ARM.Collect$$rtentry$$00000004)
    __rt_entry_li                            0x00000157   Thumb Code     0  __rtentry2.o(.ARM.Collect$$rtentry$$0000000A)
    __rt_entry_postsh_1                      0x00000157   Thumb Code     0  __rtentry2.o(.ARM.Collect$$rtentry$$00000009)
    __rt_entry_main                          0x0000015b   Thumb Code     0  __rtentry2.o(.ARM.Collect$$rtentry$$0000000D)
    __rt_entry_postli_1                      0x0000015b   Thumb Code     0  __rtentry2.o(.ARM.Collect$$rtentry$$0000000C)
    __rt_exit                                0x00000163   Thumb Code     0  rtexit.o(.ARM.Collect$$rtexit$$00000000)
    __rt_exit_ls                             0x00000165   Thumb Code     0  rtexit2.o(.ARM.Collect$$rtexit$$00000003)
    __rt_exit_prels_1                        0x00000165   Thumb Code     0  rtexit2.o(.ARM.Collect$$rtexit$$00000002)
    __rt_exit_exit                           0x00000169   Thumb Code     0  rtexit2.o(.ARM.Collect$$rtexit$$00000004)
    __aeabi_memcpy4                          0x00000171   Thumb Code    56  rt_memcpy.o(.emb_text)
    __aeabi_memcpy8                          0x00000171   Thumb Code     0  rt_memcpy.o(.emb_text)
    Reset_Handler                            0x000001a9   Thumb Code     8  startup_w7500x.o(.text)
    Remap_HardFault_Handler                  0x000001b3   Thumb Code     2  startup_w7500x.o(.text)
    __user_initial_stackheap                 0x000001bd   Thumb Code    10  startup_w7500x.o(.text)
    GetSystemClock                           0x000001e1   Thumb Code     6  system_w7500x.o(.text)
    GetSourceClock                           0x000001e7   Thumb Code     6  system_w7500x.o(.text)
    SystemInit                               0x000001ed   Thumb Code    68  system_w7500x.o(.text)
    SystemCoreClockUpdate_User               0x00000231   Thumb Code   114  system_w7500x.o(.text)
    SystemInit_User                          0x000002a3   Thumb Code    20  system_w7500x.o(.text)
    GPIO_Init                                0x000002d1   Thumb Code   194  w7500x_gpio.o(.text)
    GPIO_StructInit                          0x00000393   Thumb Code    14  w7500x_gpio.o(.text)
    GPIO_ReadInputDataBit                    0x000003a1   Thumb Code    14  w7500x_gpio.o(.text)
    GPIO_SetBits                             0x000003af   Thumb Code    28  w7500x_gpio.o(.text)
    GPIO_ResetBits                           0x000003cb   Thumb Code    32  w7500x_gpio.o(.text)
    PAD_AFConfig                             0x000003eb   Thumb Code    80  w7500x_gpio.o(.text)
    GPIO_Configuration                       0x0000043b   Thumb Code    64  w7500x_gpio.o(.text)
    S_UART_SetBaud                           0x00000489   Thumb Code    40  w7500x_uart.o(.text)
    S_UART_Init                              0x000004b1   Thumb Code    24  w7500x_uart.o(.text)
    S_UART_SendData                          0x000004c9   Thumb Code    12  w7500x_uart.o(.text)
    S_UartPutc                               0x000004d5   Thumb Code    12  w7500x_uart.o(.text)
    S_UartGetc                               0x000004e1   Thumb Code    14  w7500x_uart.o(.text)
    WIZCHIP_READ                             0x000004f9   Thumb Code     4  w7500x_wztoe.o(.text)
    WIZCHIP_WRITE                            0x000004fd   Thumb Code     4  w7500x_wztoe.o(.text)
    WIZCHIP_READ_BUF                         0x00000501   Thumb Code    24  w7500x_wztoe.o(.text)
    WIZCHIP_WRITE_BUF                        0x00000519   Thumb Code    24  w7500x_wztoe.o(.text)
    wiz_send_data                            0x00000531   Thumb Code    40  w7500x_wztoe.o(.text)
    wiz_recv_data                            0x00000559   Thumb Code    40  w7500x_wztoe.o(.text)
    wiz_recv_ignore                          0x00000581   Thumb Code    32  w7500x_wztoe.o(.text)
    close                                    0x000005ad   Thumb Code    96  socket.o(.text)
    socket                                   0x0000060d   Thumb Code   214  socket.o(.text)
    listen                                   0x000006e3   Thumb Code   110  socket.o(.text)
    disconnect                               0x00000751   Thumb Code   132  socket.o(.text)
    send                                     0x000007d5   Thumb Code   260  socket.o(.text)
    recv                                     0x000008d9   Thumb Code   232  socket.o(.text)
    sendto                                   0x000009c1   Thumb Code   346  socket.o(.text)
    recvfrom                                 0x00000b1b   Thumb Code   430  socket.o(.text)
    setsockopt                               0x00000cc9   Thumb Code   206  socket.o(.text)
    wizchip_cris_enter                       0x00000db1   Thumb Code     2  wizchip_conf.o(.text)
    wizchip_cris_exit                        0x00000db3   Thumb Code     2  wizchip_conf.o(.text)
    wizchip_cs_select                        0x00000db5   Thumb Code     2  wizchip_conf.o(.text)
    wizchip_cs_deselect                      0x00000db7   Thumb Code     2  wizchip_conf.o(.text)
    wizchip_bus_readbyte                     0x00000db9   Thumb Code     4  wizchip_conf.o(.text)
    wizchip_bus_writebyte                    0x00000dbd   Thumb Code     4  wizchip_conf.o(.text)
    wizchip_sw_reset                         0x00000dc1   Thumb Code   332  wizchip_conf.o(.text)
    wizchip_gettimeout                       0x00000f0d   Thumb Code    24  wizchip_conf.o(.text)
    wizchip_settimeout                       0x00000f25   Thumb Code    28  wizchip_conf.o(.text)
    wizchip_getnetmode                       0x00000f41   Thumb Code    10  wizchip_conf.o(.text)
    wizchip_setnetmode                       0x00000f4b   Thumb Code    38  wizchip_conf.o(.text)
    wizchip_getnetinfo                       0x00000f71   Thumb Code   210  wizchip_conf.o(.text)
    wizchip_setnetinfo                       0x00001043   Thumb Code   210  wizchip_conf.o(.text)
    ctlnetwork                               0x00001115   Thumb Code    74  wizchip_conf.o(.text)
    idle_MDIO                                0x0000116d   Thumb Code    40  w7500x_miim.o(.text)
    input_MDIO                               0x00001195   Thumb Code    58  w7500x_miim.o(.text)
    turnaround_MDIO                          0x000011cf   Thumb Code    46  w7500x_miim.o(.text)
    output_MDIO                              0x000011fd   Thumb Code    74  w7500x_miim.o(.text)
    mdio_write                               0x00001247   Thumb Code    78  w7500x_miim.o(.text)
    phy_id                                   0x00001295   Thumb Code   106  w7500x_miim.o(.text)
    mdio_init                                0x000012ff   Thumb Code    66  w7500x_miim.o(.text)
    default_ip_assign                        0x00001365   Thumb Code   128  dhcp.o(.text)
    default_ip_update                        0x000013e5   Thumb Code    88  dhcp.o(.text)
    default_ip_conflict                      0x0000143d   Thumb Code    84  dhcp.o(.text)
    DHCP_time_handler                        0x00001491   Thumb Code    12  dhcp.o(.text)
    NMI_Handler                              0x000014a9   Thumb Code     2  w7500x_it.o(.text)
    SVC_Handler                              0x000014ab   Thumb Code     2  w7500x_it.o(.text)
    PendSV_Handler                           0x000014ad   Thumb Code     2  w7500x_it.o(.text)
    SysTick_Handler                          0x000014af   Thumb Code     2  w7500x_it.o(.text)
    SSP0_Handler                             0x000014b1   Thumb Code     2  w7500x_it.o(.text)
    SSP1_Handler                             0x000014b3   Thumb Code     2  w7500x_it.o(.text)
    UART0_Handler                            0x000014b5   Thumb Code     2  w7500x_it.o(.text)
    UART1_Handler                            0x000014b7   Thumb Code     2  w7500x_it.o(.text)
    UART2_Handler                            0x000014b9   Thumb Code     2  w7500x_it.o(.text)
    I2C0_Handler                             0x000014bb   Thumb Code     2  w7500x_it.o(.text)
    I2C1_Handler                             0x000014bd   Thumb Code     2  w7500x_it.o(.text)
    PORT0_Handler                            0x000014bf   Thumb Code     2  w7500x_it.o(.text)
    PORT1_Handler                            0x000014c1   Thumb Code     2  w7500x_it.o(.text)
    PORT2_Handler                            0x000014c3   Thumb Code     2  w7500x_it.o(.text)
    PORT3_Handler                            0x000014c5   Thumb Code     2  w7500x_it.o(.text)
    DMA_Handler                              0x000014c7   Thumb Code     2  w7500x_it.o(.text)
    DUALTIMER0_Handler                       0x000014c9   Thumb Code     2  w7500x_it.o(.text)
    DUALTIMER1_Handler                       0x000014cb   Thumb Code     2  w7500x_it.o(.text)
    PWM0_Handler                             0x000014cd   Thumb Code     2  w7500x_it.o(.text)
    PWM1_Handler                             0x000014cf   Thumb Code     2  w7500x_it.o(.text)
    PWM2_Handler                             0x000014d1   Thumb Code     2  w7500x_it.o(.text)
    PWM3_Handler                             0x000014d3   Thumb Code     2  w7500x_it.o(.text)
    PWM4_Handler                             0x000014d5   Thumb Code     2  w7500x_it.o(.text)
    PWM5_Handler                             0x000014d7   Thumb Code     2  w7500x_it.o(.text)
    PWM6_Handler                             0x000014d9   Thumb Code     2  w7500x_it.o(.text)
    PWM7_Handler                             0x000014db   Thumb Code     2  w7500x_it.o(.text)
    RTC_Handler                              0x000014dd   Thumb Code     2  w7500x_it.o(.text)
    ADC_Handler                              0x000014df   Thumb Code     2  w7500x_it.o(.text)
    WZTOE_Handler                            0x000014e1   Thumb Code     2  w7500x_it.o(.text)
    EXTI_Handler                             0x000014e3   Thumb Code     2  w7500x_it.o(.text)
    fputc                                    0x000014e5   Thumb Code    10  retarget.o(.text)
    ferror                                   0x000014ef   Thumb Code     6  retarget.o(.text)
    _sys_exit                                0x000014f5   Thumb Code     2  retarget.o(.text)
    display_Dev_Info_header                  0x000014f9   Thumb Code    54  main.o(.text)
    check_mac_address                        0x0000152f   Thumb Code   228  main.o(.text)
    delay                                    0x00001613   Thumb Code    30  main.o(.text)
    main                                     0x00001631   Thumb Code   222  main.o(.text)
    parse_SEGCP                              0x000017d9   Thumb Code   138  segcp.o(.text)
    proc_SEGCP                               0x00001863   Thumb Code  2458  segcp.o(.text)
    send_keepalive_packet_configtool         0x000021fd   Thumb Code    12  segcp.o(.text)
    proc_SEGCP_tcp                           0x00002209   Thumb Code   386  segcp.o(.text)
    proc_SEGCP_udp                           0x0000238b   Thumb Code   408  segcp.o(.text)
    do_segcp                                 0x00002523   Thumb Code   166  segcp.o(.text)
    segcp_timer_msec                         0x000025c9   Thumb Code    44  segcp.o(.text)
    is_ipaddr                                0x00002611   Thumb Code   150  util.o(.text)
    is_hexstr                                0x000026a7   Thumb Code    48  util.o(.text)
    is_hex                                   0x000026d7   Thumb Code    60  util.o(.text)
    str_to_hex                               0x00002713   Thumb Code   118  util.o(.text)
    is_macaddr                               0x00002789   Thumb Code   108  util.o(.text)
    DO_IAP                                   0x000027f5   Thumb Code    18  flashhandler.o(.text)
    erase_flash_sector                       0x00002807   Thumb Code    60  flashhandler.o(.text)
    erase_flash_block                        0x00002843   Thumb Code    24  flashhandler.o(.text)
    write_flash                              0x0000285b   Thumb Code    76  flashhandler.o(.text)
    read_flash                               0x000028a7   Thumb Code    20  flashhandler.o(.text)
    read_storage                             0x000028d1   Thumb Code    50  storagehandler.o(.text)
    erase_storage                            0x00002903   Thumb Code    92  storagehandler.o(.text)
    write_storage                            0x0000295f   Thumb Code    64  storagehandler.o(.text)
    Time_Counter_Configuration               0x000029a9   Thumb Code     8  timerhandler.o(.text)
    Timer_IRQ_Handler                        0x000029b1   Thumb Code    94  timerhandler.o(.text)
    Time_Counter                             0x00002a0f   Thumb Code    24  timerhandler.o(.text)
    set_phylink_time_check                   0x00002a27   Thumb Code     2  timerhandler.o(.text)
    UART2_Configuration                      0x00002a31   Thumb Code    12  uarthandler.o(.text)
    device_set_factory_default               0x00002a3d   Thumb Code    12  devicehandler.o(.text)
    device_socket_termination                0x00002a49   Thumb Code    38  devicehandler.o(.text)
    device_reboot                            0x00002a6f   Thumb Code    20  devicehandler.o(.text)
    reset_fw_update_timer                    0x00002a83   Thumb Code    18  devicehandler.o(.text)
    get_firmware_from_network                0x00002a95   Thumb Code   244  devicehandler.o(.text)
    device_firmware_update                   0x00002b89   Thumb Code   240  devicehandler.o(.text)
    device_timer_msec                        0x00002c79   Thumb Code    78  devicehandler.o(.text)
    LED_Init                                 0x00002dd5   Thumb Code    60  w7500x_board.o(.text)
    init_boot_entry_pin                      0x00002e11   Thumb Code    24  w7500x_board.o(.text)
    init_phylink_in_pin                      0x00002e29   Thumb Code    18  w7500x_board.o(.text)
    get_hw_trig_pin                          0x00002e3b   Thumb Code    46  w7500x_board.o(.text)
    init_hw_trig_pin                         0x00002e69   Thumb Code    24  w7500x_board.o(.text)
    W7500x_Board_Init                        0x00002e81   Thumb Code    94  w7500x_board.o(.text)
    Supervisory_IC_Init                      0x00002edf   Thumb Code    12  w7500x_board.o(.text)
    init_uart_if_sel_pin                     0x00002eeb   Thumb Code     2  w7500x_board.o(.text)
    get_uart_if_sel_pin                      0x00002eed   Thumb Code     4  w7500x_board.o(.text)
    get_boot_entry_pin                       0x00002ef1   Thumb Code    16  w7500x_board.o(.text)
    LED_On                                   0x00002f01   Thumb Code    24  w7500x_board.o(.text)
    LED_Toggle                               0x00002f19   Thumb Code    24  w7500x_board.o(.text)
    get_DevConfig_pointer                    0x00002f41   Thumb Code     4  configdata.o(.text)
    set_DevConfig_to_factory_value           0x00002f45   Thumb Code   366  configdata.o(.text)
    load_DevConfig_from_storage              0x000030b3   Thumb Code   102  configdata.o(.text)
    save_DevConfig_to_storage                0x00003119   Thumb Code    94  configdata.o(.text)
    get_DevConfig_value                      0x00003177   Thumb Code     8  configdata.o(.text)
    display_Net_Info                         0x0000317f   Thumb Code   252  configdata.o(.text)
    Net_Conf                                 0x0000327b   Thumb Code   102  configdata.o(.text)
    __I$use$semihosting                      0x00003475   Thumb Code     0  use_no_semi.o(.text)
    __use_no_semihosting_swi                 0x00003475   Thumb Code     2  use_no_semi.o(.text)
    __rt_ctype_table                         0x00003479   Thumb Code    16  rt_ctype_table.o(.text)
    toupper                                  0x00003489   Thumb Code    30  toupper.o(.text)
    __2printf                                0x000034a9   Thumb Code    22  noretval__2printf.o(.text)
    __2sprintf                               0x000034c5   Thumb Code    36  noretval__2sprintf.o(.text)
    _printf_pre_padding                      0x000034ed   Thumb Code    44  _printf_pad.o(.text)
    _printf_post_padding                     0x00003519   Thumb Code    34  _printf_pad.o(.text)
    _printf_str                              0x0000353b   Thumb Code    82  _printf_str.o(.text)
    _printf_int_dec                          0x0000358d   Thumb Code    90  _printf_dec.o(.text)
    _printf_int_hex                          0x000035f9   Thumb Code    84  _printf_hex_int.o(.text)
    _printf_longlong_hex                     0x000035f9   Thumb Code     0  _printf_hex_int.o(.text)
    __printf                                 0x00003651   Thumb Code   306  __printf_flags_wp.o(.text)
    atoi                                     0x00003789   Thumb Code    26  atoi.o(.text)
    atol                                     0x000037a3   Thumb Code    26  atol.o(.text)
    strtok                                   0x000037bd   Thumb Code    10  strtok.o(.text)
    strchr                                   0x000037cd   Thumb Code    20  strchr.o(.text)
    memcmp                                   0x000037e1   Thumb Code    90  memcmp.o(.text)
    strcpy                                   0x0000383d   Thumb Code    70  strcpy.o(.text)
    strlen                                   0x00003889   Thumb Code    62  strlen.o(.text)
    strncmp                                  0x000038cd   Thumb Code   154  strncmp.o(.text)
    strcat                                   0x0000396d   Thumb Code    24  strcat.o(.text)
    __aeabi_memcpy                           0x00003985   Thumb Code   130  rt_memcpy.o(.text)
    __rt_memcpy                              0x00003985   Thumb Code     0  rt_memcpy.o(.text)
    _memset_w                                0x00003a07   Thumb Code    26  rt_memclr.o(.text)
    _memset                                  0x00003a21   Thumb Code    30  rt_memclr.o(.text)
    __aeabi_memclr                           0x00003a3f   Thumb Code     4  rt_memclr.o(.text)
    __rt_memclr                              0x00003a3f   Thumb Code     0  rt_memclr.o(.text)
    __aeabi_memclr4                          0x00003a43   Thumb Code     0  rt_memclr.o(.text)
    __aeabi_memclr8                          0x00003a43   Thumb Code     0  rt_memclr.o(.text)
    __rt_memclr_w                            0x00003a43   Thumb Code     4  rt_memclr.o(.text)
    strcmp                                   0x00003a49   Thumb Code   132  strcmp.o(.text)
    __aeabi_uread4                           0x00003ad1   Thumb Code    34  uread4.o(.text)
    __rt_uread4                              0x00003ad1   Thumb Code     0  uread4.o(.text)
    __aeabi_uwrite4                          0x00003af3   Thumb Code    16  uwrite4.o(.text)
    __rt_uwrite4                             0x00003af3   Thumb Code     0  uwrite4.o(.text)
    __aeabi_uidiv                            0x00003b03   Thumb Code     0  aeabi_sdiv.o(.text)
    __aeabi_uidivmod                         0x00003b03   Thumb Code    20  aeabi_sdiv.o(.text)
    __aeabi_idiv                             0x00003b17   Thumb Code     0  aeabi_sdiv.o(.text)
    __aeabi_idivmod                          0x00003b17   Thumb Code   326  aeabi_sdiv.o(.text)
    __use_two_region_memory                  0x00003c5d   Thumb Code     2  heapauxi.o(.text)
    __rt_heap_escrow$2region                 0x00003c5f   Thumb Code     2  heapauxi.o(.text)
    __rt_heap_expand$2region                 0x00003c61   Thumb Code     2  heapauxi.o(.text)
    __rt_locale                              0x00003c65   Thumb Code     8  rt_locale_intlibspace.o(.text)
    __aeabi_errno_addr                       0x00003c6d   Thumb Code     8  rt_errno_addr_intlibspace.o(.text)
    __errno$intlibspace                      0x00003c6d   Thumb Code     0  rt_errno_addr_intlibspace.o(.text)
    __rt_errno_addr$intlibspace              0x00003c6d   Thumb Code     0  rt_errno_addr_intlibspace.o(.text)
    _printf_int_common                       0x00003c75   Thumb Code   176  _printf_intcommon.o(.text)
    _printf_char_common                      0x00003d2f   Thumb Code    32  _printf_char_common.o(.text)
    _sputc                                   0x00003d55   Thumb Code    10  _sputc.o(.text)
    _printf_cs_common                        0x00003d5f   Thumb Code    22  _printf_char.o(.text)
    _printf_char                             0x00003d75   Thumb Code    16  _printf_char.o(.text)
    _printf_string                           0x00003d85   Thumb Code     8  _printf_char.o(.text)
    _printf_char_file                        0x00003d8d   Thumb Code    34  _printf_char_file.o(.text)
    strtol                                   0x00003db5   Thumb Code   108  strtol.o(.text)
    __strtok_internal                        0x00003e25   Thumb Code    66  strtok_int.o(.text)
    __rt_udiv10                              0x00003e6d   Thumb Code    40  rtudiv10.o(.text)
    __user_libspace                          0x00003e95   Thumb Code     8  libspace.o(.text)
    __user_perproc_libspace                  0x00003e95   Thumb Code     0  libspace.o(.text)
    __user_perthread_libspace                0x00003e95   Thumb Code     0  libspace.o(.text)
    _strtoul                                 0x00003e9d   Thumb Code   166  _strtoul.o(.text)
    strcspn                                  0x00003f43   Thumb Code    34  strcspn.o(.text)
    strspn                                   0x00003f65   Thumb Code    32  strspn.o(.text)
    __user_setup_stackheap                   0x00003f85   Thumb Code    62  sys_stackheap_outer.o(.text)
    _chval                                   0x00003fc3   Thumb Code    30  _chval.o(.text)
    exit                                     0x00003fe1   Thumb Code    16  exit.o(.text)
    __decompress                             0x00003ff1   Thumb Code     0  __dczerorl.o(.text)
    __decompress0                            0x00003ff1   Thumb Code    58  __dczerorl.o(.text)
    __ARM_common_switch8                     0x0000402b   Thumb Code    26  socket.o(i.__ARM_common_switch8)
    _is_digit                                0x00004045   Thumb Code    14  __printf_wp.o(i._is_digit)
    _get_lc_ctype                            0x00004055   Thumb Code    44  lc_ctype_c.o(locale$$code)
    LED_PIN                                  0x00004080   Data           6  w7500x_board.o(.constdata)
    Region$$Table$$Base                      0x0000429c   Number         0  anon$$obj.o(Region$$Table)
    Region$$Table$$Limit                     0x000042bc   Number         0  anon$$obj.o(Region$$Table)
    __ctype                                  0x000042c9   Data           0  lc_ctype_c.o(locale$$data)
    Remap_NMI_Handler                        0x00007d01   Thumb Code     8  isr_vector.o(.ARM.__at_0x00007D00)
    Remap_SVC_Handler                        0x00007d0d   Thumb Code     8  isr_vector.o(.ARM.__at_0x00007D0C)
    Remap_PendSV_Handler                     0x00007d15   Thumb Code     8  isr_vector.o(.ARM.__at_0x00007D14)
    Remap_SysTick_Handler                    0x00007d1d   Thumb Code     8  isr_vector.o(.ARM.__at_0x00007D1C)
    Remap_SSP0_Handler                       0x00007d25   Thumb Code     8  isr_vector.o(.ARM.__at_0x00007D24)
    Remap_SSP1_Handler                       0x00007d2d   Thumb Code     8  isr_vector.o(.ARM.__at_0x00007D2C)
    Remap_UART0_Handler                      0x00007d35   Thumb Code     8  isr_vector.o(.ARM.__at_0x00007D34)
    Remap_UART1_Handler                      0x00007d3d   Thumb Code     8  isr_vector.o(.ARM.__at_0x00007D3C)
    Remap_UART2_Handler                      0x00007d45   Thumb Code     8  isr_vector.o(.ARM.__at_0x00007D44)
    Remap_I2C0_Handler                       0x00007d4d   Thumb Code     8  isr_vector.o(.ARM.__at_0x00007D4C)
    Remap_I2C1_Handler                       0x00007d55   Thumb Code     8  isr_vector.o(.ARM.__at_0x00007D54)
    Remap_PORT0_Handler                      0x00007d5d   Thumb Code     8  isr_vector.o(.ARM.__at_0x00007D5C)
    Remap_PORT1_Handler                      0x00007d65   Thumb Code     8  isr_vector.o(.ARM.__at_0x00007D64)
    Remap_PORT2_Handler                      0x00007d6d   Thumb Code     8  isr_vector.o(.ARM.__at_0x00007D6C)
    Remap_PORT3_Handler                      0x00007d75   Thumb Code     8  isr_vector.o(.ARM.__at_0x00007D74)
    Remap_DMA_Handler                        0x00007d7d   Thumb Code     8  isr_vector.o(.ARM.__at_0x00007D7C)
    Remap_DUALTIMER0_Handler                 0x00007d85   Thumb Code     8  isr_vector.o(.ARM.__at_0x00007D84)
    Remap_DUALTIMER1_Handler                 0x00007d8d   Thumb Code     8  isr_vector.o(.ARM.__at_0x00007D8C)
    Remap_PWM0_Handler                       0x00007d95   Thumb Code     8  isr_vector.o(.ARM.__at_0x00007D94)
    Remap_PWM1_Handler                       0x00007d9d   Thumb Code     8  isr_vector.o(.ARM.__at_0x00007D9C)
    Remap_PWM2_Handler                       0x00007da5   Thumb Code     8  isr_vector.o(.ARM.__at_0x00007DA4)
    Remap_PWM3_Handler                       0x00007dad   Thumb Code     8  isr_vector.o(.ARM.__at_0x00007DAC)
    Remap_PWM4_Handler                       0x00007db5   Thumb Code     8  isr_vector.o(.ARM.__at_0x00007DB4)
    Remap_PWM5_Handler                       0x00007dbd   Thumb Code     8  isr_vector.o(.ARM.__at_0x00007DBC)
    Remap_PWM6_Handler                       0x00007dc5   Thumb Code     8  isr_vector.o(.ARM.__at_0x00007DC4)
    Remap_PWM7_Handler                       0x00007dcd   Thumb Code     8  isr_vector.o(.ARM.__at_0x00007DCC)
    Remap_RTC_Handler                        0x00007dd5   Thumb Code     8  isr_vector.o(.ARM.__at_0x00007DD4)
    Remap_ADC_Handler                        0x00007ddd   Thumb Code     8  isr_vector.o(.ARM.__at_0x00007DDC)
    Remap_WZTOE_Handler                      0x00007de5   Thumb Code     8  isr_vector.o(.ARM.__at_0x00007DE4)
    Remap_EXTI_Handler                       0x00007ded   Thumb Code     8  isr_vector.o(.ARM.__at_0x00007DEC)
    SystemFrequency                          0x20000000   Data           4  system_w7500x.o(.data)
    SourceFrequency                          0x20000004   Data           4  system_w7500x.o(.data)
    WIZCHIP                                  0x20000020   Data          32  wizchip_conf.o(.data)
    PHY_ADDR                                 0x20000044   Data           4  w7500x_miim.o(.data)
    dhcp_state                               0x20000048   Data           1  dhcp.o(.data)
    dhcp_retry_count                         0x20000049   Data           1  dhcp.o(.data)
    DHCP_SOCKET                              0x2000004a   Data           1  dhcp.o(.data)
    OLD_allocated_ip                         0x2000004b   Data           4  dhcp.o(.data)
    DHCP_allocated_ip                        0x2000004f   Data           4  dhcp.o(.data)
    DHCP_allocated_gw                        0x20000053   Data           4  dhcp.o(.data)
    DHCP_allocated_sn                        0x20000057   Data           4  dhcp.o(.data)
    DHCP_allocated_dns                       0x2000005b   Data           4  dhcp.o(.data)
    dhcp_lease_time                          0x20000060   Data           4  dhcp.o(.data)
    dhcp_tick_1s                             0x20000064   Data           4  dhcp.o(.data)
    dhcp_tick_next                           0x20000068   Data           4  dhcp.o(.data)
    dhcp_ip_assign                           0x2000006c   Data           4  dhcp.o(.data)
    dhcp_ip_update                           0x20000070   Data           4  dhcp.o(.data)
    dhcp_ip_conflict                         0x20000074   Data           4  dhcp.o(.data)
    DHCP_SIP                                 0x20000078   Data           4  dhcp.o(.data)
    DHCP_REAL_SIP                            0x2000007c   Data           4  dhcp.o(.data)
    DHCP_XID                                 0x20000080   Data           4  dhcp.o(.data)
    pDHCPMSG                                 0x20000084   Data           4  dhcp.o(.data)
    DHCP_CHADDR                              0x20000088   Data           6  dhcp.o(.data)
    HOST_NAME                                0x2000008e   Data           8  dhcp.o(.data)
    __stdout                                 0x20000098   Data           4  retarget.o(.data)
    flag_s2e_application_running             0x2000009c   Data           1  main.o(.data)
    gSEGCPPRIVILEGE                          0x200000a0   Data           1  segcp.o(.data)
    enable_configtool_keepalive_timer        0x200000a1   Data           1  segcp.o(.data)
    flag_send_configtool_keepalive           0x200000a2   Data           1  segcp.o(.data)
    configtool_keepalive_time                0x200000a4   Data           2  segcp.o(.data)
    strDEVSTATUS                             0x200000a8   Data          28  segcp.o(.data)
    tbSEGCPCMD                               0x200000c4   Data         236  segcp.o(.data)
    flag_check_main_routine                  0x200001b0   Data           1  timerhandler.o(.data)
    main_routine_check_time_msec             0x200001b6   Data           2  timerhandler.o(.data)
    uart_if_table                            0x200001c0   Data           8  uarthandler.o(.data)
    enable_fw_update_timer                   0x200001c8   Data           1  devicehandler.o(.data)
    flag_fw_update_timeout                   0x200001c9   Data           1  devicehandler.o(.data)
    enable_fw_from_network_timer             0x200001ca   Data           1  devicehandler.o(.data)
    flag_fw_from_network_timeout             0x200001cb   Data           1  devicehandler.o(.data)
    fw_update_time                           0x200001cc   Data           2  devicehandler.o(.data)
    fw_from_network_time                     0x200001ce   Data           2  devicehandler.o(.data)
    flag_hw_trig_enable                      0x200001d8   Data           1  w7500x_board.o(.data)
    LED_PAD                                  0x200001d9   Data           3  w7500x_board.o(.data)
    LED_PAD_AF                               0x200001dc   Data           3  w7500x_board.o(.data)
    LED_PORT                                 0x200001e0   Data          12  w7500x_board.o(.data)
    g_recv_buf                               0x20000200   Data        2048  main.o(.bss)
    __libspace_start                         0x20000efc   Data          96  libspace.o(.bss)
    __temporary_stack_top$libspace           0x20000f5c   Data           0  libspace.o(.bss)



==============================================================================

Memory Map of the image

  Image Entry point : 0x000000a9

  Load Region LR_IROM1 (Base: 0x00000000, Size: 0x000045bc, Max: 0x00007000, ABSOLUTE, COMPRESSED[0x000044dc])

    Execution Region ER_IROM1 (Exec base: 0x00000000, Load base: 0x00000000, Size: 0x000043cc, Max: 0x00007000, ABSOLUTE)

    Exec Addr    Load Addr    Size         Type   Attr      Idx    E Section Name        Object

    0x00000000   0x00000000   0x000000a8   Data   RO            3    RESET               startup_w7500x.o
    0x000000a8   0x000000a8   0x00000008   Code   RO         1967  * !!!main             c_p.l(__main.o)
    0x000000b0   0x000000b0   0x0000003c   Code   RO         2194    !!!scatter          c_p.l(__scatter.o)
    0x000000ec   0x000000ec   0x0000001c   Code   RO         2196    !!handler_zi        c_p.l(__scatter_zi.o)
    0x00000108   0x00000108   0x00000002   Code   RO         1927    .ARM.Collect$$_printf_percent$$00000000  c_p.l(_printf_percent.o)
    0x0000010a   0x0000010a   0x0000000a   Code   RO         1926    .ARM.Collect$$_printf_percent$$00000009  c_p.l(_printf_d.o)
    0x00000114   0x00000114   0x0000000a   Code   RO         1925    .ARM.Collect$$_printf_percent$$0000000C  c_p.l(_printf_x.o)
    0x0000011e   0x0000011e   0x0000000a   Code   RO         1923    .ARM.Collect$$_printf_percent$$00000013  c_p.l(_printf_c.o)
    0x00000128   0x00000128   0x0000000a   Code   RO         1924    .ARM.Collect$$_printf_percent$$00000014  c_p.l(_printf_s.o)
    0x00000132   0x00000132   0x00000004   Code   RO         2015    .ARM.Collect$$_printf_percent$$00000017  c_p.l(_printf_percent_end.o)
    0x00000136   0x00000136   0x00000002   Code   RO         2117    .ARM.Collect$$libinit$$00000000  c_p.l(libinit.o)
    0x00000138   0x00000138   0x00000000   Code   RO         2055    .ARM.Collect$$libinit$$00000002  c_p.l(libinit2.o)
    0x00000138   0x00000138   0x00000000   Code   RO         2057    .ARM.Collect$$libinit$$00000004  c_p.l(libinit2.o)
    0x00000138   0x00000138   0x00000000   Code   RO         2060    .ARM.Collect$$libinit$$0000000A  c_p.l(libinit2.o)
    0x00000138   0x00000138   0x00000000   Code   RO         2062    .ARM.Collect$$libinit$$0000000C  c_p.l(libinit2.o)
    0x00000138   0x00000138   0x00000000   Code   RO         2064    .ARM.Collect$$libinit$$0000000E  c_p.l(libinit2.o)
    0x00000138   0x00000138   0x00000006   Code   RO         2065    .ARM.Collect$$libinit$$0000000F  c_p.l(libinit2.o)
    0x0000013e   0x0000013e   0x00000000   Code   RO         2067    .ARM.Collect$$libinit$$00000011  c_p.l(libinit2.o)
    0x0000013e   0x0000013e   0x0000000c   Code   RO         2068    .ARM.Collect$$libinit$$00000012  c_p.l(libinit2.o)
    0x0000014a   0x0000014a   0x00000000   Code   RO         2069    .ARM.Collect$$libinit$$00000013  c_p.l(libinit2.o)
    0x0000014a   0x0000014a   0x00000000   Code   RO         2071    .ARM.Collect$$libinit$$00000015  c_p.l(libinit2.o)
    0x0000014a   0x0000014a   0x00000000   Code   RO         2073    .ARM.Collect$$libinit$$00000017  c_p.l(libinit2.o)
    0x0000014a   0x0000014a   0x00000000   Code   RO         2075    .ARM.Collect$$libinit$$00000019  c_p.l(libinit2.o)
    0x0000014a   0x0000014a   0x00000000   Code   RO         2077    .ARM.Collect$$libinit$$0000001B  c_p.l(libinit2.o)
    0x0000014a   0x0000014a   0x00000000   Code   RO         2079    .ARM.Collect$$libinit$$0000001D  c_p.l(libinit2.o)
    0x0000014a   0x0000014a   0x00000000   Code   RO         2081    .ARM.Collect$$libinit$$0000001F  c_p.l(libinit2.o)
    0x0000014a   0x0000014a   0x00000000   Code   RO         2083    .ARM.Collect$$libinit$$00000021  c_p.l(libinit2.o)
    0x0000014a   0x0000014a   0x00000000   Code   RO         2085    .ARM.Collect$$libinit$$00000023  c_p.l(libinit2.o)
    0x0000014a   0x0000014a   0x00000000   Code   RO         2087    .ARM.Collect$$libinit$$00000025  c_p.l(libinit2.o)
    0x0000014a   0x0000014a   0x00000000   Code   RO         2091    .ARM.Collect$$libinit$$0000002C  c_p.l(libinit2.o)
    0x0000014a   0x0000014a   0x00000000   Code   RO         2093    .ARM.Collect$$libinit$$0000002E  c_p.l(libinit2.o)
    0x0000014a   0x0000014a   0x00000000   Code   RO         2095    .ARM.Collect$$libinit$$00000030  c_p.l(libinit2.o)
    0x0000014a   0x0000014a   0x00000000   Code   RO         2097    .ARM.Collect$$libinit$$00000032  c_p.l(libinit2.o)
    0x0000014a   0x0000014a   0x00000002   Code   RO         2098    .ARM.Collect$$libinit$$00000033  c_p.l(libinit2.o)
    0x0000014c   0x0000014c   0x00000002   Code   RO         2159    .ARM.Collect$$libshutdown$$00000000  c_p.l(libshutdown.o)
    0x0000014e   0x0000014e   0x00000000   Code   RO         2175    .ARM.Collect$$libshutdown$$00000002  c_p.l(libshutdown2.o)
    0x0000014e   0x0000014e   0x00000000   Code   RO         2177    .ARM.Collect$$libshutdown$$00000004  c_p.l(libshutdown2.o)
    0x0000014e   0x0000014e   0x00000000   Code   RO         2180    .ARM.Collect$$libshutdown$$00000007  c_p.l(libshutdown2.o)
    0x0000014e   0x0000014e   0x00000000   Code   RO         2183    .ARM.Collect$$libshutdown$$0000000A  c_p.l(libshutdown2.o)
    0x0000014e   0x0000014e   0x00000000   Code   RO         2185    .ARM.Collect$$libshutdown$$0000000C  c_p.l(libshutdown2.o)
    0x0000014e   0x0000014e   0x00000000   Code   RO         2188    .ARM.Collect$$libshutdown$$0000000F  c_p.l(libshutdown2.o)
    0x0000014e   0x0000014e   0x00000002   Code   RO         2189    .ARM.Collect$$libshutdown$$00000010  c_p.l(libshutdown2.o)
    0x00000150   0x00000150   0x00000000   Code   RO         1990    .ARM.Collect$$rtentry$$00000000  c_p.l(__rtentry.o)
    0x00000150   0x00000150   0x00000000   Code   RO         2030    .ARM.Collect$$rtentry$$00000002  c_p.l(__rtentry2.o)
    0x00000150   0x00000150   0x00000006   Code   RO         2042    .ARM.Collect$$rtentry$$00000004  c_p.l(__rtentry4.o)
    0x00000156   0x00000156   0x00000000   Code   RO         2032    .ARM.Collect$$rtentry$$00000009  c_p.l(__rtentry2.o)
    0x00000156   0x00000156   0x00000004   Code   RO         2033    .ARM.Collect$$rtentry$$0000000A  c_p.l(__rtentry2.o)
    0x0000015a   0x0000015a   0x00000000   Code   RO         2035    .ARM.Collect$$rtentry$$0000000C  c_p.l(__rtentry2.o)
    0x0000015a   0x0000015a   0x00000008   Code   RO         2036    .ARM.Collect$$rtentry$$0000000D  c_p.l(__rtentry2.o)
    0x00000162   0x00000162   0x00000002   Code   RO         2121    .ARM.Collect$$rtexit$$00000000  c_p.l(rtexit.o)
    0x00000164   0x00000164   0x00000000   Code   RO         2136    .ARM.Collect$$rtexit$$00000002  c_p.l(rtexit2.o)
    0x00000164   0x00000164   0x00000004   Code   RO         2137    .ARM.Collect$$rtexit$$00000003  c_p.l(rtexit2.o)
    0x00000168   0x00000168   0x00000006   Code   RO         2138    .ARM.Collect$$rtexit$$00000004  c_p.l(rtexit2.o)
    0x0000016e   0x0000016e   0x00000002   PAD
    0x00000170   0x00000170   0x00000038   Code   RO         1947    .emb_text           c_p.l(rt_memcpy.o)
    0x000001a8   0x000001a8   0x00000038   Code   RO            4    .text               startup_w7500x.o
    0x000001e0   0x000001e0   0x000000f0   Code   RO           12    .text               system_w7500x.o
    0x000002d0   0x000002d0   0x000001b8   Code   RO          193    .text               w7500x_gpio.o
    0x00000488   0x00000488   0x00000070   Code   RO          311    .text               w7500x_uart.o
    0x000004f8   0x000004f8   0x000000b4   Code   RO          468    .text               w7500x_wztoe.o
    0x000005ac   0x000005ac   0x00000804   Code   RO          651    .text               socket.o
    0x00000db0   0x00000db0   0x000003bc   Code   RO          701    .text               wizchip_conf.o
    0x0000116c   0x0000116c   0x000001f8   Code   RO          813    .text               w7500x_miim.o
    0x00001364   0x00001364   0x00000144   Code   RO          858    .text               dhcp.o
    0x000014a8   0x000014a8   0x0000003c   Code   RO         1015    .text               w7500x_it.o
    0x000014e4   0x000014e4   0x00000012   Code   RO         1052    .text               retarget.o
    0x000014f6   0x000014f6   0x00000002   PAD
    0x000014f8   0x000014f8   0x000002e0   Code   RO         1101    .text               main.o
    0x000017d8   0x000017d8   0x00000e38   Code   RO         1170    .text               segcp.o
    0x00002610   0x00002610   0x000001e4   Code   RO         1206    .text               util.o
    0x000027f4   0x000027f4   0x000000dc   Code   RO         1229    .text               flashhandler.o
    0x000028d0   0x000028d0   0x000000d8   Code   RO         1254    .text               storagehandler.o
    0x000029a8   0x000029a8   0x00000088   Code   RO         1274    .text               timerhandler.o
    0x00002a30   0x00002a30   0x0000000c   Code   RO         1326    .text               uarthandler.o
    0x00002a3c   0x00002a3c   0x00000398   Code   RO         1361    .text               devicehandler.o
    0x00002dd4   0x00002dd4   0x0000016c   Code   RO         1747    .text               w7500x_board.o
    0x00002f40   0x00002f40   0x00000534   Code   RO         1796    .text               configdata.o
    0x00003474   0x00003474   0x00000002   Code   RO         1860    .text               c_p.l(use_no_semi.o)
    0x00003476   0x00003476   0x00000002   PAD
    0x00003478   0x00003478   0x00000010   Code   RO         1862    .text               c_p.l(rt_ctype_table.o)
    0x00003488   0x00003488   0x0000001e   Code   RO         1864    .text               c_p.l(toupper.o)
    0x000034a6   0x000034a6   0x00000002   PAD
    0x000034a8   0x000034a8   0x0000001c   Code   RO         1870    .text               c_p.l(noretval__2printf.o)
    0x000034c4   0x000034c4   0x00000028   Code   RO         1872    .text               c_p.l(noretval__2sprintf.o)
    0x000034ec   0x000034ec   0x0000004e   Code   RO         1876    .text               c_p.l(_printf_pad.o)
    0x0000353a   0x0000353a   0x00000052   Code   RO         1878    .text               c_p.l(_printf_str.o)
    0x0000358c   0x0000358c   0x0000006c   Code   RO         1880    .text               c_p.l(_printf_dec.o)
    0x000035f8   0x000035f8   0x00000058   Code   RO         1885    .text               c_p.l(_printf_hex_int.o)
    0x00003650   0x00003650   0x00000138   Code   RO         1915    .text               c_p.l(__printf_flags_wp.o)
    0x00003788   0x00003788   0x0000001a   Code   RO         1928    .text               c_p.l(atoi.o)
    0x000037a2   0x000037a2   0x0000001a   Code   RO         1930    .text               c_p.l(atol.o)
    0x000037bc   0x000037bc   0x00000010   Code   RO         1932    .text               c_p.l(strtok.o)
    0x000037cc   0x000037cc   0x00000014   Code   RO         1935    .text               c_p.l(strchr.o)
    0x000037e0   0x000037e0   0x0000005a   Code   RO         1937    .text               c_p.l(memcmp.o)
    0x0000383a   0x0000383a   0x00000002   PAD
    0x0000383c   0x0000383c   0x0000004c   Code   RO         1939    .text               c_p.l(strcpy.o)
    0x00003888   0x00003888   0x00000044   Code   RO         1941    .text               c_p.l(strlen.o)
    0x000038cc   0x000038cc   0x000000a0   Code   RO         1943    .text               c_p.l(strncmp.o)
    0x0000396c   0x0000396c   0x00000018   Code   RO         1945    .text               c_p.l(strcat.o)
    0x00003984   0x00003984   0x00000082   Code   RO         1948    .text               c_p.l(rt_memcpy.o)
    0x00003a06   0x00003a06   0x00000040   Code   RO         1953    .text               c_p.l(rt_memclr.o)
    0x00003a46   0x00003a46   0x00000002   PAD
    0x00003a48   0x00003a48   0x00000088   Code   RO         1955    .text               c_p.l(strcmp.o)
    0x00003ad0   0x00003ad0   0x00000022   Code   RO         1957    .text               c_p.l(uread4.o)
    0x00003af2   0x00003af2   0x00000010   Code   RO         1959    .text               c_p.l(uwrite4.o)
    0x00003b02   0x00003b02   0x0000015a   Code   RO         1961    .text               c_p.l(aeabi_sdiv.o)
    0x00003c5c   0x00003c5c   0x00000006   Code   RO         1965    .text               c_p.l(heapauxi.o)
    0x00003c62   0x00003c62   0x00000002   PAD
    0x00003c64   0x00003c64   0x00000008   Code   RO         1998    .text               c_p.l(rt_locale_intlibspace.o)
    0x00003c6c   0x00003c6c   0x00000008   Code   RO         2003    .text               c_p.l(rt_errno_addr_intlibspace.o)
    0x00003c74   0x00003c74   0x000000b0   Code   RO         2005    .text               c_p.l(_printf_intcommon.o)
    0x00003d24   0x00003d24   0x00000030   Code   RO         2007    .text               c_p.l(_printf_char_common.o)
    0x00003d54   0x00003d54   0x0000000a   Code   RO         2009    .text               c_p.l(_sputc.o)
    0x00003d5e   0x00003d5e   0x0000002e   Code   RO         2011    .text               c_p.l(_printf_char.o)
    0x00003d8c   0x00003d8c   0x00000028   Code   RO         2013    .text               c_p.l(_printf_char_file.o)
    0x00003db4   0x00003db4   0x00000070   Code   RO         2016    .text               c_p.l(strtol.o)
    0x00003e24   0x00003e24   0x00000048   Code   RO         2021    .text               c_p.l(strtok_int.o)
    0x00003e6c   0x00003e6c   0x00000028   Code   RO         2023    .text               c_p.l(rtudiv10.o)
    0x00003e94   0x00003e94   0x00000008   Code   RO         2026    .text               c_p.l(libspace.o)
    0x00003e9c   0x00003e9c   0x000000a6   Code   RO         2048    .text               c_p.l(_strtoul.o)
    0x00003f42   0x00003f42   0x00000022   Code   RO         2050    .text               c_p.l(strcspn.o)
    0x00003f64   0x00003f64   0x00000020   Code   RO         2052    .text               c_p.l(strspn.o)
    0x00003f84   0x00003f84   0x0000003e   Code   RO         2099    .text               c_p.l(sys_stackheap_outer.o)
    0x00003fc2   0x00003fc2   0x0000001e   Code   RO         2102    .text               c_p.l(_chval.o)
    0x00003fe0   0x00003fe0   0x00000010   Code   RO         2104    .text               c_p.l(exit.o)
    0x00003ff0   0x00003ff0   0x0000003a   Code   RO         2192    .text               c_p.l(__dczerorl.o)
    0x0000402a   0x0000402a   0x0000001a   Code   RO          687    i.__ARM_common_switch8  socket.o
    0x00004044   0x00004044   0x0000000e   Code   RO         1913    i._is_digit         c_p.l(__printf_wp.o)
    0x00004052   0x00004052   0x00000002   PAD
    0x00004054   0x00004054   0x0000002c   Code   RO         2019    locale$$code        c_p.l(lc_ctype_c.o)
    0x00004080   0x00004080   0x00000006   Data   RO         1751    .constdata          w7500x_board.o
    0x00004086   0x00004086   0x00000028   Data   RO         1886    .constdata          c_p.l(_printf_hex_int.o)
    0x000040ae   0x000040ae   0x00000011   Data   RO         1916    .constdata          c_p.l(__printf_flags_wp.o)
    0x000040bf   0x000040bf   0x00000001   PAD
    0x000040c0   0x000040c0   0x00000113   Data   RO         1172    .conststring        segcp.o
    0x000041d3   0x000041d3   0x00000001   PAD
    0x000041d4   0x000041d4   0x00000017   Data   RO         1327    .conststring        uarthandler.o
    0x000041eb   0x000041eb   0x00000001   PAD
    0x000041ec   0x000041ec   0x000000ae   Data   RO         1362    .conststring        devicehandler.o
    0x0000429a   0x0000429a   0x00000002   PAD
    0x0000429c   0x0000429c   0x00000020   Data   RO         2190    Region$$Table       anon$$obj.o
    0x000042bc   0x000042bc   0x00000110   Data   RO         2018    locale$$data        c_p.l(lc_ctype_c.o)


    Execution Region RW_IRAM1 (Exec base: 0x20000000, Load base: 0x000043cc, Size: 0x00001b60, Max: 0x00004000, ABSOLUTE, COMPRESSED[0x00000110])

    Exec Addr    Load Addr    Size         Type   Attr      Idx    E Section Name        Object

    0x20000000   COMPRESSED   0x00000008   Data   RW           14    .data               system_w7500x.o
    0x20000008   COMPRESSED   0x0000000e   Data   RW          656    .data               socket.o
    0x20000016   COMPRESSED   0x00000002   PAD
    0x20000018   COMPRESSED   0x00000028   Data   RW          716    .data               wizchip_conf.o
    0x20000040   COMPRESSED   0x00000008   Data   RW          817    .data               w7500x_miim.o
    0x20000048   COMPRESSED   0x0000004e   Data   RW          876    .data               dhcp.o
    0x20000096   COMPRESSED   0x00000002   PAD
    0x20000098   COMPRESSED   0x00000004   Data   RW         1055    .data               retarget.o
    0x2000009c   COMPRESSED   0x00000001   Data   RW         1106    .data               main.o
    0x2000009d   COMPRESSED   0x00000003   PAD
    0x200000a0   COMPRESSED   0x00000110   Data   RW         1174    .data               segcp.o
    0x200001b0   COMPRESSED   0x00000010   Data   RW         1279    .data               timerhandler.o
    0x200001c0   COMPRESSED   0x00000008   Data   RW         1328    .data               uarthandler.o
    0x200001c8   COMPRESSED   0x00000010   Data   RW         1363    .data               devicehandler.o
    0x200001d8   COMPRESSED   0x00000014   Data   RW         1752    .data               w7500x_board.o
    0x200001ec   COMPRESSED   0x00000004   Data   RW         1933    .data               c_p.l(strtok.o)
    0x200001f0        -       0x00000010   Zero   RW          655    .bss                socket.o
    0x20000200        -       0x00000800   Zero   RW         1105    .bss                main.o
    0x20000a00        -       0x00000400   Zero   RW         1171    .bss                segcp.o
    0x20000e00        -       0x000000f9   Zero   RW         1804    .bss                configdata.o
    0x20000ef9   COMPRESSED   0x00000003   PAD
    0x20000efc        -       0x00000060   Zero   RW         2027    .bss                c_p.l(libspace.o)
    0x20000f5c   COMPRESSED   0x00000004   PAD
    0x20000f60        -       0x00000400   Zero   RW            2    HEAP                startup_w7500x.o
    0x20001360        -       0x00000800   Zero   RW            1    STACK               startup_w7500x.o



  Load Region LR_IROM2 (Base: 0x00007d00, Size: 0x000000f4, Max: 0x000000ff, ABSOLUTE)

    Execution Region ER_IROM2 (Exec base: 0x00007d00, Load base: 0x00007d00, Size: 0x000000f4, Max: 0x000000ff, ABSOLUTE)

    Exec Addr    Load Addr    Size         Type   Attr      Idx    E Section Name        Object

    0x00007d00   0x00007d00   0x00000008   Code   RO         1550    .ARM.__at_0x00007D00  isr_vector.o
    0x00007d08   0x00007d08   0x00000004   PAD
    0x00007d0c   0x00007d0c   0x00000008   Code   RO         1551    .ARM.__at_0x00007D0C  isr_vector.o
    0x00007d14   0x00007d14   0x00000008   Code   RO         1552    .ARM.__at_0x00007D14  isr_vector.o
    0x00007d1c   0x00007d1c   0x00000008   Code   RO         1553    .ARM.__at_0x00007D1C  isr_vector.o
    0x00007d24   0x00007d24   0x00000008   Code   RO         1554    .ARM.__at_0x00007D24  isr_vector.o
    0x00007d2c   0x00007d2c   0x00000008   Code   RO         1555    .ARM.__at_0x00007D2C  isr_vector.o
    0x00007d34   0x00007d34   0x00000008   Code   RO         1556    .ARM.__at_0x00007D34  isr_vector.o
    0x00007d3c   0x00007d3c   0x00000008   Code   RO         1557    .ARM.__at_0x00007D3C  isr_vector.o
    0x00007d44   0x00007d44   0x00000008   Code   RO         1558    .ARM.__at_0x00007D44  isr_vector.o
    0x00007d4c   0x00007d4c   0x00000008   Code   RO         1559    .ARM.__at_0x00007D4C  isr_vector.o
    0x00007d54   0x00007d54   0x00000008   Code   RO         1560    .ARM.__at_0x00007D54  isr_vector.o
    0x00007d5c   0x00007d5c   0x00000008   Code   RO         1561    .ARM.__at_0x00007D5C  isr_vector.o
    0x00007d64   0x00007d64   0x00000008   Code   RO         1562    .ARM.__at_0x00007D64  isr_vector.o
    0x00007d6c   0x00007d6c   0x00000008   Code   RO         1563    .ARM.__at_0x00007D6C  isr_vector.o
    0x00007d74   0x00007d74   0x00000008   Code   RO         1564    .ARM.__at_0x00007D74  isr_vector.o
    0x00007d7c   0x00007d7c   0x00000008   Code   RO         1565    .ARM.__at_0x00007D7C  isr_vector.o
    0x00007d84   0x00007d84   0x00000008   Code   RO         1566    .ARM.__at_0x00007D84  isr_vector.o
    0x00007d8c   0x00007d8c   0x00000008   Code   RO         1567    .ARM.__at_0x00007D8C  isr_vector.o
    0x00007d94   0x00007d94   0x00000008   Code   RO         1568    .ARM.__at_0x00007D94  isr_vector.o
    0x00007d9c   0x00007d9c   0x00000008   Code   RO         1569    .ARM.__at_0x00007D9C  isr_vector.o
    0x00007da4   0x00007da4   0x00000008   Code   RO         1570    .ARM.__at_0x00007DA4  isr_vector.o
    0x00007dac   0x00007dac   0x00000008   Code   RO         1571    .ARM.__at_0x00007DAC  isr_vector.o
    0x00007db4   0x00007db4   0x00000008   Code   RO         1572    .ARM.__at_0x00007DB4  isr_vector.o
    0x00007dbc   0x00007dbc   0x00000008   Code   RO         1573    .ARM.__at_0x00007DBC  isr_vector.o
    0x00007dc4   0x00007dc4   0x00000008   Code   RO         1574    .ARM.__at_0x00007DC4  isr_vector.o
    0x00007dcc   0x00007dcc   0x00000008   Code   RO         1575    .ARM.__at_0x00007DCC  isr_vector.o
    0x00007dd4   0x00007dd4   0x00000008   Code   RO         1576    .ARM.__at_0x00007DD4  isr_vector.o
    0x00007ddc   0x00007ddc   0x00000008   Code   RO         1577    .ARM.__at_0x00007DDC  isr_vector.o
    0x00007de4   0x00007de4   0x00000008   Code   RO         1578    .ARM.__at_0x00007DE4  isr_vector.o
    0x00007dec   0x00007dec   0x00000008   Code   RO         1579    .ARM.__at_0x00007DEC  isr_vector.o


==============================================================================

Image component sizes


      Code (inc. data)   RO Data    RW Data    ZI Data      Debug   Object Name

      1332        404          0          0        249       3417   configdata.o
       920        270        174         16          0       9809   devicehandler.o
       324         12          0         78          0       4575   dhcp.o
         0          0          0          0          0       2392   dhcp_cb.o
       220         22          0          0          0       2363   flashhandler.o
       240          0          0          0          0      13954   isr_vector.o
       736        202          0          1       2048       4337   main.o
        18          0          0          4          0       2655   retarget.o
      3640        420        275        272       1024       7172   segcp.o
      2078         62          0         14         16      11192   socket.o
        56         26        168          0       3072        812   startup_w7500x.o
       216         10          0          0          0       2215   storagehandler.o
       240         26          0          8          0      23800   system_w7500x.o
       136          8          0         16          0       2065   timerhandler.o
        12          0         23          8          0       1250   uarthandler.o
       484          0          0          0          0       3719   util.o
       364         16          6         20          0       6267   w7500x_board.o
       440         14          0          0          0       5811   w7500x_gpio.o
        60          0          0          0          0       3032   w7500x_it.o
       504         36          0          8          0       2982   w7500x_miim.o
       112         10          0          0          0       8316   w7500x_uart.o
       180         12          0          0          0       2730   w7500x_wztoe.o
       956         22          0         40          0       7147   wizchip_conf.o

    ----------------------------------------------------------------------
     13274       1572        682        492       6412     132012   Object Totals
         0          0         32          0          0          0   (incl. Generated)
         6          0          4          7          3          0   (incl. Padding)

    ----------------------------------------------------------------------

      Code (inc. data)   RO Data    RW Data    ZI Data      Debug   Library Member Name

        58          0          0          0          0          0   __dczerorl.o
         8          0          0          0          0         68   __main.o
       312          6         17          0          0         76   __printf_flags_wp.o
        14          0          0          0          0         60   __printf_wp.o
         0          0          0          0          0          0   __rtentry.o
        12          0          0          0          0          0   __rtentry2.o
         6          0          0          0          0          0   __rtentry4.o
        60          8          0          0          0          0   __scatter.o
        28          0          0          0          0          0   __scatter_zi.o
        30          0          0          0          0         60   _chval.o
        10          0          0          0          0          0   _printf_c.o
        46          0          0          0          0        100   _printf_char.o
        48          6          0          0          0         88   _printf_char_common.o
        40          6          0          0          0         72   _printf_char_file.o
        10          0          0          0          0          0   _printf_d.o
       108         18          0          0          0         76   _printf_dec.o
        88          4         40          0          0         72   _printf_hex_int.o
       176          0          0          0          0         84   _printf_intcommon.o
        78          0          0          0          0        100   _printf_pad.o
         2          0          0          0          0          0   _printf_percent.o
         4          0          0          0          0          0   _printf_percent_end.o
        10          0          0          0          0          0   _printf_s.o
        82          0          0          0          0         72   _printf_str.o
        10          0          0          0          0          0   _printf_x.o
        10          0          0          0          0         60   _sputc.o
       166          0          0          0          0         84   _strtoul.o
       346          0          0          0          0         92   aeabi_sdiv.o
        26          0          0          0          0         72   atoi.o
        26          0          0          0          0         72   atol.o
        16          0          0          0          0         68   exit.o
         6          0          0          0          0        136   heapauxi.o
        44         10        272          0          0         76   lc_ctype_c.o
         2          0          0          0          0          0   libinit.o
        20          0          0          0          0          0   libinit2.o
         2          0          0          0          0          0   libshutdown.o
         2          0          0          0          0          0   libshutdown2.o
         8          4          0          0         96         68   libspace.o
        90          0          0          0          0         68   memcmp.o
        28          6          0          0          0         84   noretval__2printf.o
        40          4          0          0          0         84   noretval__2sprintf.o
        16          4          0          0          0         76   rt_ctype_table.o
         8          4          0          0          0         68   rt_errno_addr_intlibspace.o
         8          4          0          0          0         68   rt_locale_intlibspace.o
        64          0          0          0          0        108   rt_memclr.o
       186          0          0          0          0        144   rt_memcpy.o
         2          0          0          0          0          0   rtexit.o
        10          0          0          0          0          0   rtexit2.o
        40          0          0          0          0         60   rtudiv10.o
        24          0          0          0          0         60   strcat.o
        20          0          0          0          0         60   strchr.o
       136          4          0          0          0         72   strcmp.o
        76          6          0          0          0         72   strcpy.o
        34          0          0          0          0         72   strcspn.o
        68          6          0          0          0         72   strlen.o
       160          6          0          0          0         76   strncmp.o
        32          0          0          0          0         72   strspn.o
        16          6          0          4          0         68   strtok.o
        72          6          0          0          0         76   strtok_int.o
       112          4          0          0          0         76   strtol.o
        62          0          0          0          0         80   sys_stackheap_outer.o
        30          0          0          0          0         68   toupper.o
        34          0          0          0          0         60   uread4.o
         2          0          0          0          0         68   use_no_semi.o
        16          0          0          0          0         60   uwrite4.o

    ----------------------------------------------------------------------
      3314        122        330          4        100       3528   Library Totals
        14          0          1          0          4          0   (incl. Padding)

    ----------------------------------------------------------------------

      Code (inc. data)   RO Data    RW Data    ZI Data      Debug   Library Name

      3300        122        329          4         96       3528   c_p.l

    ----------------------------------------------------------------------
      3314        122        330          4        100       3528   Library Totals

    ----------------------------------------------------------------------

==============================================================================


      Code (inc. data)   RO Data    RW Data    ZI Data      Debug   

     16588       1694       1012        496       6512     130520   Grand Totals
     16588       1694       1012        272       6512     130520   ELF Image Totals (compressed)
     16588       1694       1012        272          0          0   ROM Totals

==============================================================================

    Total RO  Size (Code + RO Data)                17600 (  17.19kB)
    Total RW  Size (RW Data + ZI Data)              7008 (   6.84kB)
    Total ROM Size (Code + RO Data + RW Data)      17872 (  17.45kB)

==============================================================================

