<html>
<body>
<pre>
<h1>µVision Build Log</h1>
<h2>Tool Versions:</h2>
IDE-Version: µVision V5.28.0.0
Copyright (C) 2019 ARM Ltd and ARM Germany GmbH. All rights reserved.
License Information: chanmi jeong wiznet Flex license: MDK Essential 5.28 (Flex) (mdk_essential) Support: Sep 2020
 
Tool Versions:
Toolchain:       MDK Essential 5.28 (Flex)  Version: 5.28.0.0
Toolchain Path:  C:\Keil_v5\ARM\ARMCC\Bin
C Compiler:      Armcc.exe V5.06 update 6 (build 750)
Assembler:       Armasm.exe V5.06 update 6 (build 750)
Linker/Locator:  ArmLink.exe V5.06 update 6 (build 750)
Library Manager: ArmAr.exe V5.06 update 6 (build 750)
Hex Converter:   FromElf.exe V5.06 update 6 (build 750)
CPU DLL:         SARMCM3.DLL V5.28.0.0
Dialog DLL:      DARMCM1.DLL V1.19.2.0
Target DLL:      CMSIS_AGDI.dll V1.31.18.0
Dialog DLL:      TARMCM1.DLL V1.14.1.0
 
<h2>Project:</h2>
C:\Users\becky\Documents\becky-test1\Projects\S2E_App\W7500x_S2E.uvproj
Project File Date:  06/02/2020

<h2>Output:</h2>
*** Using Compiler 'V5.06 update 6 (build 750)', folder: 'C:\Keil_v5\ARM\ARMCC\Bin'
Build target 'W7500x_S2E_App'
compiling gpioHandler.c...
linking...
Program Size: Code=37516 RO-data=1768 RW-data=820 ZI-data=12884  
FromELF: creating hex file...
After Build - User command #1: fromelf --bin -o "C:\Users\becky\Documents\becky-test1\Projects\S2E_App\obj\W7500x_S2E_App.bin" "C:\Users\becky\Documents\becky-test1\Projects\S2E_App\obj\W7500x_S2E_App.axf"
After Build - User command #2: w7500_s2e_app_gen_production_hex2bin.bat
C:\Users\becky\Documents\becky-test1\Projects\S2E_App>copy /b /y obj\W7500x_S2E_App.bin bin\ 
        1 file(s) copied.
C:\Users\becky\Documents\becky-test1\Projects\S2E_App>copy /b /y obj\W7500x_S2E_App.hex bin\ 
        1 file(s) copied.
C:\Users\becky\Documents\becky-test1\Projects\S2E_App>copy /b /y ..\S2E_Boot\bin\W7500x_S2E_Boot.hex + bin\W7500x_S2E_App.hex ..\W7500x_S2E_Production.hex 
..\S2E_Boot\bin\W7500x_S2E_Boot.hex
bin\W7500x_S2E_App.hex
        1 file(s) copied.
C:\Users\becky\Documents\becky-test1\Projects\S2E_App>..\hex2bin.exe ..\W7500x_S2E_Production.hex 
hex2bin v1.0.4, Copyright (C) 1998 Jacques Pelletier
checksum extensions Copyright (C) 2004 Rockwell Automation
Lowest address  = 00000000
Highest address = 00010B23
Pad Byte        = FF
8-bit Checksum = CC
".\obj\W7500x_S2E_App.axf" - 0 Error(s), 0 Warning(s).
Build Time Elapsed:  00:00:02
</pre>
</body>
</html>
