Component: ARM Compiler 5.06 update 6 (build 750) Tool: armlink [4d35ed]

==============================================================================

Section Cross References

    startup_w7500x.o(STACK) refers (Special) to heapauxi.o(.text) for __use_two_region_memory
    startup_w7500x.o(HEAP) refers (Special) to heapauxi.o(.text) for __use_two_region_memory
    startup_w7500x.o(RESET) refers (Special) to heapauxi.o(.text) for __use_two_region_memory
    startup_w7500x.o(RESET) refers to startup_w7500x.o(STACK) for __initial_sp
    startup_w7500x.o(RESET) refers to startup_w7500x.o(.text) for Reset_Handler
    startup_w7500x.o(RESET) refers to isr_vector.o(.ARM.__at_0x00007D00) for Remap_NMI_Handler
    startup_w7500x.o(RESET) refers to isr_vector.o(.ARM.__at_0x00007D0C) for Remap_SVC_Handler
    startup_w7500x.o(RESET) refers to isr_vector.o(.ARM.__at_0x00007D14) for Remap_PendSV_Handler
    startup_w7500x.o(RESET) refers to isr_vector.o(.ARM.__at_0x00007D1C) for Remap_SysTick_Handler
    startup_w7500x.o(RESET) refers to isr_vector.o(.ARM.__at_0x00007D24) for Remap_SSP0_Handler
    startup_w7500x.o(RESET) refers to isr_vector.o(.ARM.__at_0x00007D2C) for Remap_SSP1_Handler
    startup_w7500x.o(RESET) refers to isr_vector.o(.ARM.__at_0x00007D34) for Remap_UART0_Handler
    startup_w7500x.o(RESET) refers to isr_vector.o(.ARM.__at_0x00007D3C) for Remap_UART1_Handler
    startup_w7500x.o(RESET) refers to isr_vector.o(.ARM.__at_0x00007D44) for Remap_UART2_Handler
    startup_w7500x.o(RESET) refers to isr_vector.o(.ARM.__at_0x00007D4C) for Remap_I2C0_Handler
    startup_w7500x.o(RESET) refers to isr_vector.o(.ARM.__at_0x00007D54) for Remap_I2C1_Handler
    startup_w7500x.o(RESET) refers to isr_vector.o(.ARM.__at_0x00007D5C) for Remap_PORT0_Handler
    startup_w7500x.o(RESET) refers to isr_vector.o(.ARM.__at_0x00007D64) for Remap_PORT1_Handler
    startup_w7500x.o(RESET) refers to isr_vector.o(.ARM.__at_0x00007D6C) for Remap_PORT2_Handler
    startup_w7500x.o(RESET) refers to isr_vector.o(.ARM.__at_0x00007D74) for Remap_PORT3_Handler
    startup_w7500x.o(RESET) refers to isr_vector.o(.ARM.__at_0x00007D7C) for Remap_DMA_Handler
    startup_w7500x.o(RESET) refers to isr_vector.o(.ARM.__at_0x00007D84) for Remap_DUALTIMER0_Handler
    startup_w7500x.o(RESET) refers to isr_vector.o(.ARM.__at_0x00007D8C) for Remap_DUALTIMER1_Handler
    startup_w7500x.o(RESET) refers to isr_vector.o(.ARM.__at_0x00007D94) for Remap_PWM0_Handler
    startup_w7500x.o(RESET) refers to isr_vector.o(.ARM.__at_0x00007D9C) for Remap_PWM1_Handler
    startup_w7500x.o(RESET) refers to isr_vector.o(.ARM.__at_0x00007DA4) for Remap_PWM2_Handler
    startup_w7500x.o(RESET) refers to isr_vector.o(.ARM.__at_0x00007DAC) for Remap_PWM3_Handler
    startup_w7500x.o(RESET) refers to isr_vector.o(.ARM.__at_0x00007DB4) for Remap_PWM4_Handler
    startup_w7500x.o(RESET) refers to isr_vector.o(.ARM.__at_0x00007DBC) for Remap_PWM5_Handler
    startup_w7500x.o(RESET) refers to isr_vector.o(.ARM.__at_0x00007DC4) for Remap_PWM6_Handler
    startup_w7500x.o(RESET) refers to isr_vector.o(.ARM.__at_0x00007DCC) for Remap_PWM7_Handler
    startup_w7500x.o(RESET) refers to isr_vector.o(.ARM.__at_0x00007DD4) for Remap_RTC_Handler
    startup_w7500x.o(RESET) refers to isr_vector.o(.ARM.__at_0x00007DDC) for Remap_ADC_Handler
    startup_w7500x.o(RESET) refers to isr_vector.o(.ARM.__at_0x00007DE4) for Remap_WZTOE_Handler
    startup_w7500x.o(RESET) refers to isr_vector.o(.ARM.__at_0x00007DEC) for Remap_EXTI_Handler
    startup_w7500x.o(.text) refers (Special) to heapauxi.o(.text) for __use_two_region_memory
    startup_w7500x.o(.text) refers to system_w7500x.o(.text) for SystemInit
    startup_w7500x.o(.text) refers to __main.o(!!!main) for __main
    startup_w7500x.o(.text) refers to startup_w7500x.o(HEAP) for Heap_Mem
    startup_w7500x.o(.text) refers to startup_w7500x.o(STACK) for Stack_Mem
    system_w7500x.o(.text) refers to aeabi_sdiv.o(.text) for __aeabi_uidivmod
    system_w7500x.o(.text) refers to system_w7500x.o(.data) for .data
    w7500x_adc.o(.text) refers to w7500x_adc.o(.text) for ADC_PowerDownEnable
    w7500x_adc.o(.text) refers to w7500x_adc.o(.text) for ADC_InterruptMask
    w7500x_gpio.o(.text) refers to w7500x_gpio.o(.text) for GPIO_StructInit
    w7500x_gpio.o(.text) refers to w7500x_gpio.o(.text) for GPIO_INT_Polarity_Bits
    w7500x_pwm.o(.text) refers to w7500x_pwm.o(.text) for PWM_CHn_Stop
    w7500x_pwm.o(.text) refers to w7500x_pwm.o(.text) for PWM_CHn_Stop
    w7500x_pwm.o(.text) refers to w7500x_pwm.o(.text) for PWM_CtrlPWMOutput
    w7500x_pwm.o(.text) refers to w7500x_pwm.o(.text) for PWM_CtrlPWMOutput
    w7500x_pwm.o(.text) refers to w7500x_pwm.o(.text) for PWM_CHn_Stop
    w7500x_pwm.o(.text) refers to w7500x_pwm.o(.text) for PWM_CHn_Stop
    w7500x_uart.o(.text) refers to system_w7500x.o(.text) for GetPLLSource
    w7500x_uart.o(.text) refers to aeabi_sdiv.o(.text) for __aeabi_uidivmod
[...]
    _DHCP_                                   0x20000018   Data           1  wizchip_conf.o(.data)
    _DNS_                                    0x20000019   Data           4  wizchip_conf.o(.data)
    .data                                    0x20000040   Section        8  w7500x_miim.o(.data)
    MDIO                                     0x20000040   Data           2  w7500x_miim.o(.data)
    MDC                                      0x20000042   Data           2  w7500x_miim.o(.data)
    .data                                    0x20000048   Section       78  dhcp.o(.data)
    .data                                    0x20000098   Section       12  dns.o(.data)
    retry_count                              0x20000098   Data           1  dns.o(.data)
    .data                                    0x200000a4   Section        4  retarget.o(.data)
    .data                                    0x200000a8   Section        4  main.o(.data)
    TimingDelay                              0x200000a8   Data           4  main.o(.data)
    .data                                    0x200000ac   Section       20  w7500x_board.o(.data)
    .data                                    0x200000c0   Section        2  w7500x_board.o(.data)
    .data                                    0x200000c2   Section        1  w7500x_board.o(.data)
    .data                                    0x200000c3   Section        1  seg.o(.data)
    .data                                    0x200000c4   Section       72  seg.o(.data)
    mixed_state                              0x200000c5   Data           1  seg.o(.data)
    reconnection_count                       0x200000d5   Data           1  seg.o(.data)
    client_any_port                          0x200000d8   Data           2  seg.o(.data)
    ch_tmp                                   0x200000ee   Data           3  seg.o(.data)
    .data                                    0x2000010c   Section       16  seg.o(.data)
    .data                                    0x2000011c   Section        1  seg.o(.data)
    .data                                    0x2000011d   Section        1  seg.o(.data)
    .data                                    0x20000120   Section      372  segcp.o(.data)
    temp_interrupt                           0x20000128   Data           4  segcp.o(.data)
    .data                                    0x20000294   Section       20  timerhandler.o(.data)
    sec_cnt                                  0x20000294   Data           1  timerhandler.o(.data)
    min_cnt                                  0x20000295   Data           1  timerhandler.o(.data)
    hour_cnt                                 0x20000296   Data           1  timerhandler.o(.data)
    enable_phylink_check                     0x20000297   Data           1  timerhandler.o(.data)
    msec_cnt                                 0x20000298   Data           2  timerhandler.o(.data)
    day_cnt                                  0x2000029a   Data           2  timerhandler.o(.data)
    devtime_sec                              0x2000029c   Data           4  timerhandler.o(.data)
    devtime_msec                             0x200002a0   Data           4  timerhandler.o(.data)
    phylink_down_time_msec                   0x200002a4   Data           4  timerhandler.o(.data)
    .data                                    0x200002a8   Section       16  uarthandler.o(.data)
    xonoff_status                            0x200002aa   Data           1  uarthandler.o(.data)
    rts_status                               0x200002ab   Data           1  uarthandler.o(.data)
    uart_if_mode                             0x200002ac   Data           1  uarthandler.o(.data)
    .data                                    0x200002b8   Section        3  uarthandler.o(.data)
    .data                                    0x200002bc   Section       12  uarthandler.o(.data)
    .data                                    0x200002c8   Section        2  uarthandler.o(.data)
    .data                                    0x200002cc   Section       16  uarthandler.o(.data)
    .data                                    0x200002dc   Section        8  uarthandler.o(.data)
    .data                                    0x200002e4   Section       28  devicehandler.o(.data)
    isHTTPHeaderParsed                       0x200002e9   Data           1  devicehandler.o(.data)
    any_port                                 0x200002ee   Data           2  devicehandler.o(.data)
    write_fw_len                             0x200002f0   Data           4  devicehandler.o(.data)
    write_fw_len                             0x200002f4   Data           4  devicehandler.o(.data)
    recv_fwsize                              0x200002f8   Data           4  devicehandler.o(.data)
    recv_fwsize                              0x200002fc   Data           4  devicehandler.o(.data)
    .data                                    0x20000300   Section       24  gpiohandler.o(.data)
    prev_link_status                         0x20000300   Data           1  gpiohandler.o(.data)
    .data                                    0x20000318   Section        4  gpiohandler.o(.data)
    .data                                    0x2000031c   Section        8  gpiohandler.o(.data)
    .data                                    0x20000324   Section        8  gpiohandler.o(.data)
    .data                                    0x2000032c   Section        4  strtok.o(.data)
    _strtok_saves1                           0x2000032c   Data           4  strtok.o(.data)
    .bss                                     0x20000330   Section       16  socket.o(.bss)
    sock_remained_size                       0x20000330   Data          16  socket.o(.bss)
    .bss                                     0x20000340   Section     2048  main.o(.bss)
    .bss                                     0x20000b40   Section     2048  main.o(.bss)
    .bss                                     0x20001340   Section      249  configdata.o(.bss)
    dev_config                               0x20001340   Data         249  configdata.o(.bss)
    .bss                                     0x20001439   Section     1024  segcp.o(.bss)
    gSEGCPREQ                                0x20001439   Data         512  segcp.o(.bss)
    gSEGCPREP                                0x20001639   Data         512  segcp.o(.bss)
    .bss                                     0x20001839   Section     4096  uarthandler.o(.bss)
    .bss                                     0x2000283c   Section      228  rand.o(.bss)
    .bss                                     0x20002920   Section       96  libspace.o(.bss)
    HEAP                                     0x20002980   Section     1024  startup_w7500x.o(HEAP)
    Heap_Mem                                 0x20002980   Data        1024  startup_w7500x.o(HEAP)
    STACK                                    0x20002d80   Section     2048  startup_w7500x.o(STACK)
    Stack_Mem                                0x20002d80   Data        2048  startup_w7500x.o(STACK)
    __initial_sp                             0x20003580   Data           0  startup_w7500x.o(STACK)

    Global Symbols

    Symbol Name                              Value     Ov Type        Size  Object(Section)

    BuildAttributes$$THM_ISAv3M$S$PE$A:L22$X:L11$S22$IEEE1$IW$~IW$USESV6$~STKCKD$USESV7$~SHL$OSPACE$ROPI$EBA8$UX$STANDARDLIB$REQ8$PRES8$EABIv2 0x00000000   Number         0  anon$$obj.o ABSOLUTE
    __ARM_use_no_argv                        0x00000000   Number         0  main.o ABSOLUTE
    _printf_flags                            0x00000000   Number         0  printf_stubs.o ABSOLUTE
    _printf_return_value                     0x00000000   Number         0  printf_stubs.o ABSOLUTE
    _printf_sizespec                         0x00000000   Number         0  printf_stubs.o ABSOLUTE
    _printf_widthprec                        0x00000000   Number         0  printf_stubs.o ABSOLUTE
    __ARM_exceptions_init                     - Undefined Weak Reference
    __alloca_initialize                       - Undefined Weak Reference
    __arm_preinit_                            - Undefined Weak Reference
    __cpp_initialize__aeabi_                  - Undefined Weak Reference
    __cxa_finalize                            - Undefined Weak Reference
    __sigvec_lookup                           - Undefined Weak Reference
    _atexit_init                              - Undefined Weak Reference
    _call_atexit_fns                          - Undefined Weak Reference
    _clock_init                               - Undefined Weak Reference
    _fp_trap_init                             - Undefined Weak Reference
    _fp_trap_shutdown                         - Undefined Weak Reference
    _get_lc_collate                           - Undefined Weak Reference
    _get_lc_monetary                          - Undefined Weak Reference
    _get_lc_numeric                           - Undefined Weak Reference
    _get_lc_time                              - Undefined Weak Reference
    _getenv_init                              - Undefined Weak Reference
    _handle_redirection                       - Undefined Weak Reference
    _init_alloc                               - Undefined Weak Reference
    _init_user_alloc                          - Undefined Weak Reference
    _initio                                   - Undefined Weak Reference
    _printf_mbtowc                            - Undefined Weak Reference
    _printf_truncate_signed                   - Undefined Weak Reference
    _printf_truncate_unsigned                 - Undefined Weak Reference
    _signal_finish                            - Undefined Weak Reference
    _signal_init                              - Undefined Weak Reference
    _terminate_alloc                          - Undefined Weak Reference
    _terminate_user_alloc                     - Undefined Weak Reference
    _terminateio                              - Undefined Weak Reference
    __Vectors_Size                           0x000000a8   Number         0  startup_w7500x.o ABSOLUTE
    __Vectors                                0x00007000   Data           4  startup_w7500x.o(RESET)
    __Vectors_End                            0x000070a8   Data           0  startup_w7500x.o(RESET)
    __main                                   0x000070a9   Thumb Code     8  __main.o(!!!main)
    __scatterload                            0x000070b1   Thumb Code     0  __scatter.o(!!!scatter)
    __scatterload_rt2                        0x000070b1   Thumb Code    52  __scatter.o(!!!scatter)
    __scatterload_rt2_thumb_only             0x000070b1   Thumb Code     0  __scatter.o(!!!scatter)
    __scatterload_null                       0x000070c1   Thumb Code     0  __scatter.o(!!!scatter)
    __scatterload_zeroinit                   0x000070ed   Thumb Code    28  __scatter_zi.o(!!handler_zi)
    _printf_percent                          0x00007109   Thumb Code     0  _printf_percent.o(.ARM.Collect$$_printf_percent$$00000000)
    _printf_d                                0x0000710b   Thumb Code     0  _printf_d.o(.ARM.Collect$$_printf_percent$$00000009)
    _printf_u                                0x00007115   Thumb Code     0  _printf_u.o(.ARM.Collect$$_printf_percent$$0000000A)
    _printf_x                                0x0000711f   Thumb Code     0  _printf_x.o(.ARM.Collect$$_printf_percent$$0000000C)
    _printf_c                                0x00007129   Thumb Code     0  _printf_c.o(.ARM.Collect$$_printf_percent$$00000013)
    _printf_s                                0x00007133   Thumb Code     0  _printf_s.o(.ARM.Collect$$_printf_percent$$00000014)
    _printf_percent_end                      0x0000713d   Thumb Code     0  _printf_percent_end.o(.ARM.Collect$$_printf_percent$$00000017)
    __rt_lib_init                            0x00007141   Thumb Code     0  libinit.o(.ARM.Collect$$libinit$$00000000)
    __rt_lib_init_fp_1                       0x00007143   Thumb Code     0  libinit2.o(.ARM.Collect$$libinit$$00000002)
    __rt_lib_init_heap_1                     0x00007143   Thumb Code     0  libinit2.o(.ARM.Collect$$libinit$$0000000A)
    __rt_lib_init_preinit_1                  0x00007143   Thumb Code     0  libinit2.o(.ARM.Collect$$libinit$$00000004)
    __rt_lib_init_rand_2                     0x00007143   Thumb Code     0  libinit2.o(.ARM.Collect$$libinit$$0000000D)
    __rt_lib_init_user_alloc_1               0x00007143   Thumb Code     0  libinit2.o(.ARM.Collect$$libinit$$0000000C)
    __rt_lib_init_lc_common                  0x00007147   Thumb Code     0  libinit2.o(.ARM.Collect$$libinit$$0000000F)
    __rt_lib_init_rand_1                     0x00007147   Thumb Code     0  libinit2.o(.ARM.Collect$$libinit$$0000000E)
    __rt_lib_init_lc_collate_1               0x0000714d   Thumb Code     0  libinit2.o(.ARM.Collect$$libinit$$00000011)
    __rt_lib_init_lc_ctype_2                 0x0000714d   Thumb Code     0  libinit2.o(.ARM.Collect$$libinit$$00000012)
    __rt_lib_init_alloca_1                   0x00007159   Thumb Code     0  libinit2.o(.ARM.Collect$$libinit$$0000002E)
    __rt_lib_init_argv_1                     0x00007159   Thumb Code     0  libinit2.o(.ARM.Collect$$libinit$$0000002C)
    __rt_lib_init_atexit_1                   0x00007159   Thumb Code     0  libinit2.o(.ARM.Collect$$libinit$$0000001B)
    __rt_lib_init_clock_1                    0x00007159   Thumb Code     0  libinit2.o(.ARM.Collect$$libinit$$00000021)
    __rt_lib_init_cpp_1                      0x00007159   Thumb Code     0  libinit2.o(.ARM.Collect$$libinit$$00000032)
    __rt_lib_init_exceptions_1               0x00007159   Thumb Code     0  libinit2.o(.ARM.Collect$$libinit$$00000030)
    __rt_lib_init_fp_trap_1                  0x00007159   Thumb Code     0  libinit2.o(.ARM.Collect$$libinit$$0000001F)
    __rt_lib_init_getenv_1                   0x00007159   Thumb Code     0  libinit2.o(.ARM.Collect$$libinit$$00000023)
    __rt_lib_init_lc_ctype_1                 0x00007159   Thumb Code     0  libinit2.o(.ARM.Collect$$libinit$$00000013)
    __rt_lib_init_lc_monetary_1              0x00007159   Thumb Code     0  libinit2.o(.ARM.Collect$$libinit$$00000015)
    __rt_lib_init_lc_numeric_1               0x00007159   Thumb Code     0  libinit2.o(.ARM.Collect$$libinit$$00000017)
    __rt_lib_init_lc_time_1                  0x00007159   Thumb Code     0  libinit2.o(.ARM.Collect$$libinit$$00000019)
    __rt_lib_init_return                     0x00007159   Thumb Code     0  libinit2.o(.ARM.Collect$$libinit$$00000033)
    __rt_lib_init_signal_1                   0x00007159   Thumb Code     0  libinit2.o(.ARM.Collect$$libinit$$0000001D)
    __rt_lib_init_stdio_1                    0x00007159   Thumb Code     0  libinit2.o(.ARM.Collect$$libinit$$00000025)
    __rt_lib_shutdown                        0x0000715b   Thumb Code     0  libshutdown.o(.ARM.Collect$$libshutdown$$00000000)
    __rt_lib_shutdown_cpp_1                  0x0000715d   Thumb Code     0  libshutdown2.o(.ARM.Collect$$libshutdown$$00000002)
    __rt_lib_shutdown_fp_trap_1              0x0000715d   Thumb Code     0  libshutdown2.o(.ARM.Collect$$libshutdown$$00000007)
    __rt_lib_shutdown_heap_1                 0x0000715d   Thumb Code     0  libshutdown2.o(.ARM.Collect$$libshutdown$$0000000F)
    __rt_lib_shutdown_return                 0x0000715d   Thumb Code     0  libshutdown2.o(.ARM.Collect$$libshutdown$$00000010)
    __rt_lib_shutdown_signal_1               0x0000715d   Thumb Code     0  libshutdown2.o(.ARM.Collect$$libshutdown$$0000000A)
    __rt_lib_shutdown_stdio_1                0x0000715d   Thumb Code     0  libshutdown2.o(.ARM.Collect$$libshutdown$$00000004)
    __rt_lib_shutdown_user_alloc_1           0x0000715d   Thumb Code     0  libshutdown2.o(.ARM.Collect$$libshutdown$$0000000C)
    __rt_entry                               0x0000715f   Thumb Code     0  __rtentry.o(.ARM.Collect$$rtentry$$00000000)
    __rt_entry_presh_1                       0x0000715f   Thumb Code     0  __rtentry2.o(.ARM.Collect$$rtentry$$00000002)
    __rt_entry_sh                            0x0000715f   Thumb Code     0  __rtentry4.o(.ARM.Collect$$rtentry$$00000004)
    __rt_entry_li                            0x00007165   Thumb Code     0  __rtentry2.o(.ARM.Collect$$rtentry$$0000000A)
    __rt_entry_postsh_1                      0x00007165   Thumb Code     0  __rtentry2.o(.ARM.Collect$$rtentry$$00000009)
    __rt_entry_main                          0x00007169   Thumb Code     0  __rtentry2.o(.ARM.Collect$$rtentry$$0000000D)
    __rt_entry_postli_1                      0x00007169   Thumb Code     0  __rtentry2.o(.ARM.Collect$$rtentry$$0000000C)
    __rt_exit                                0x00007171   Thumb Code     0  rtexit.o(.ARM.Collect$$rtexit$$00000000)
    __rt_exit_ls                             0x00007173   Thumb Code     0  rtexit2.o(.ARM.Collect$$rtexit$$00000003)
    __rt_exit_prels_1                        0x00007173   Thumb Code     0  rtexit2.o(.ARM.Collect$$rtexit$$00000002)
    __rt_exit_exit                           0x00007177   Thumb Code     0  rtexit2.o(.ARM.Collect$$rtexit$$00000004)
    rand                                     0x0000717d   Thumb Code    52  rand.o(.emb_text)
    __aeabi_memcpy4                          0x000071b5   Thumb Code    56  rt_memcpy.o(.emb_text)
    __aeabi_memcpy8                          0x000071b5   Thumb Code     0  rt_memcpy.o(.emb_text)
    Reset_Handler                            0x000071ed   Thumb Code     8  startup_w7500x.o(.text)
    Remap_HardFault_Handler                  0x000071f7   Thumb Code     2  startup_w7500x.o(.text)
    __user_initial_stackheap                 0x00007201   Thumb Code    10  startup_w7500x.o(.text)
    GetSystemClock                           0x00007225   Thumb Code     6  system_w7500x.o(.text)
    GetSourceClock                           0x0000722b   Thumb Code     6  system_w7500x.o(.text)
    GetPLLSource                             0x00007231   Thumb Code     6  system_w7500x.o(.text)
    SystemInit                               0x00007237   Thumb Code    68  system_w7500x.o(.text)
    SystemCoreClockUpdate_User               0x0000727b   Thumb Code   114  system_w7500x.o(.text)
    SystemInit_User                          0x000072ed   Thumb Code    20  system_w7500x.o(.text)
    ADC_PowerDownEnable                      0x00007319   Thumb Code    18  w7500x_adc.o(.text)
    ADC_ChannelSelect                        0x0000732b   Thumb Code     8  w7500x_adc.o(.text)
    ADC_Start                                0x00007333   Thumb Code    10  w7500x_adc.o(.text)
    ADC_ReadData                             0x0000733d   Thumb Code    10  w7500x_adc.o(.text)
    ADC_IsEOC                                0x00007347   Thumb Code    16  w7500x_adc.o(.text)
    ADC_Init                                 0x00007357   Thumb Code     4  w7500x_adc.o(.text)
    DUALTIMER_ClockEnable                    0x0000735d   Thumb Code    48  w7500x_dualtimer.o(.text)
    DUALTIMER_Init                           0x0000738d   Thumb Code    44  w7500x_dualtimer.o(.text)
    DUALTIMER_IntConfig                      0x000073b9   Thumb Code    18  w7500x_dualtimer.o(.text)
    DUALTIMER_IntClear                       0x000073cb   Thumb Code     6  w7500x_dualtimer.o(.text)
    DUALTIMER_GetIntStatus                   0x000073d1   Thumb Code     6  w7500x_dualtimer.o(.text)
    DUALTIMER_Start                          0x000073d7   Thumb Code    10  w7500x_dualtimer.o(.text)
    GPIO_Init                                0x000073e9   Thumb Code   194  w7500x_gpio.o(.text)
    GPIO_StructInit                          0x000074ab   Thumb Code    14  w7500x_gpio.o(.text)
    GPIO_ReadInputDataBit                    0x000074b9   Thumb Code    14  w7500x_gpio.o(.text)
    GPIO_ReadOutputDataBit                   0x000074c7   Thumb Code    14  w7500x_gpio.o(.text)
    GPIO_SetBits                             0x000074d5   Thumb Code    28  w7500x_gpio.o(.text)
    GPIO_ResetBits                           0x000074f1   Thumb Code    32  w7500x_gpio.o(.text)
    PAD_AFConfig                             0x00007511   Thumb Code    80  w7500x_gpio.o(.text)
    GPIO_Configuration                       0x00007561   Thumb Code    64  w7500x_gpio.o(.text)
    UART_Init                                0x000075ad   Thumb Code   182  w7500x_uart.o(.text)
    UART_ReceiveData                         0x00007663   Thumb Code     6  w7500x_uart.o(.text)
    UART_GetRecvStatus                       0x00007669   Thumb Code    14  w7500x_uart.o(.text)
    UART_ITConfig                            0x00007677   Thumb Code    16  w7500x_uart.o(.text)
    UART_GetITStatus                         0x00007687   Thumb Code    14  w7500x_uart.o(.text)
    UART_ClearITPendingBit                   0x00007695   Thumb Code     8  w7500x_uart.o(.text)
    S_UART_SetBaud                           0x0000769d   Thumb Code    40  w7500x_uart.o(.text)
    S_UART_Init                              0x000076c5   Thumb Code    24  w7500x_uart.o(.text)
    S_UART_SendData                          0x000076dd   Thumb Code    12  w7500x_uart.o(.text)
    UartPutc                                 0x000076e9   Thumb Code    12  w7500x_uart.o(.text)
    S_UartPutc                               0x000076f5   Thumb Code    12  w7500x_uart.o(.text)
    WIZCHIP_READ                             0x00007719   Thumb Code     4  w7500x_wztoe.o(.text)
    WIZCHIP_WRITE                            0x0000771d   Thumb Code     4  w7500x_wztoe.o(.text)
    WIZCHIP_READ_BUF                         0x00007721   Thumb Code    24  w7500x_wztoe.o(.text)
    WIZCHIP_WRITE_BUF                        0x00007739   Thumb Code    24  w7500x_wztoe.o(.text)
    wiz_send_data                            0x00007751   Thumb Code    40  w7500x_wztoe.o(.text)
    wiz_recv_data                            0x00007779   Thumb Code    40  w7500x_wztoe.o(.text)
    wiz_recv_ignore                          0x000077a1   Thumb Code    32  w7500x_wztoe.o(.text)
    wizchip_cris_enter                       0x000077cd   Thumb Code     2  wizchip_conf.o(.text)
    wizchip_cris_exit                        0x000077cf   Thumb Code     2  wizchip_conf.o(.text)
    wizchip_cs_select                        0x000077d1   Thumb Code     2  wizchip_conf.o(.text)
    wizchip_cs_deselect                      0x000077d3   Thumb Code     2  wizchip_conf.o(.text)
    wizchip_bus_readbyte                     0x000077d5   Thumb Code     4  wizchip_conf.o(.text)
    wizchip_bus_writebyte                    0x000077d9   Thumb Code     4  wizchip_conf.o(.text)
    wizchip_sw_reset                         0x000077dd   Thumb Code   332  wizchip_conf.o(.text)
    wizchip_init                             0x00007929   Thumb Code   118  wizchip_conf.o(.text)
    wizchip_gettimeout                       0x0000799f   Thumb Code    24  wizchip_conf.o(.text)
    wizchip_settimeout                       0x000079b7   Thumb Code    28  wizchip_conf.o(.text)
    wizchip_getnetmode                       0x000079d3   Thumb Code    10  wizchip_conf.o(.text)
    wizchip_setnetmode                       0x000079dd   Thumb Code    38  wizchip_conf.o(.text)
    wizchip_getnetinfo                       0x00007a03   Thumb Code   210  wizchip_conf.o(.text)
    wizchip_setnetinfo                       0x00007ad5   Thumb Code   210  wizchip_conf.o(.text)
    ctlnetwork                               0x00007ba7   Thumb Code    90  wizchip_conf.o(.text)
    w7500x_dhcp_assign                       0x00007c01   Thumb Code   136  dhcp_cb.o(.text)
    w7500x_dhcp_conflict                     0x00007c89   Thumb Code     2  dhcp_cb.o(.text)
    NMI_Handler                              0x00007c8d   Thumb Code     2  w7500x_it.o(.text)
    SVC_Handler                              0x00007c8f   Thumb Code     2  w7500x_it.o(.text)
    PendSV_Handler                           0x00007c91   Thumb Code     2  w7500x_it.o(.text)
    SysTick_Handler                          0x00007c93   Thumb Code     8  w7500x_it.o(.text)
    SSP0_Handler                             0x00007c9b   Thumb Code     2  w7500x_it.o(.text)
    SSP1_Handler                             0x00007c9d   Thumb Code     2  w7500x_it.o(.text)
    UART0_Handler                            0x00007c9f   Thumb Code    10  w7500x_it.o(.text)
    UART1_Handler                            0x00007ca9   Thumb Code    10  w7500x_it.o(.text)
    UART2_Handler                            0x00007cb3   Thumb Code     2  w7500x_it.o(.text)
    I2C0_Handler                             0x00007cb5   Thumb Code     2  w7500x_it.o(.text)
    I2C1_Handler                             0x00007cb7   Thumb Code     2  w7500x_it.o(.text)
    PORT0_Handler                            0x00007cb9   Thumb Code     2  w7500x_it.o(.text)
    PORT1_Handler                            0x00007cbb   Thumb Code     2  w7500x_it.o(.text)
    PORT2_Handler                            0x00007cbd   Thumb Code     2  w7500x_it.o(.text)
    PORT3_Handler                            0x00007cbf   Thumb Code     2  w7500x_it.o(.text)
    DMA_Handler                              0x00007cc1   Thumb Code     2  w7500x_it.o(.text)
    DUALTIMER0_Handler                       0x00007cc3   Thumb Code     8  w7500x_it.o(.text)
    DUALTIMER1_Handler                       0x00007ccb   Thumb Code     2  w7500x_it.o(.text)
    PWM0_Handler                             0x00007ccd   Thumb Code     2  w7500x_it.o(.text)
    PWM1_Handler                             0x00007ccf   Thumb Code     2  w7500x_it.o(.text)
    PWM2_Handler                             0x00007cd1   Thumb Code     2  w7500x_it.o(.text)
    PWM3_Handler                             0x00007cd3   Thumb Code     2  w7500x_it.o(.text)
    PWM4_Handler                             0x00007cd5   Thumb Code     2  w7500x_it.o(.text)
    PWM5_Handler                             0x00007cd7   Thumb Code     2  w7500x_it.o(.text)
    PWM6_Handler                             0x00007cd9   Thumb Code     2  w7500x_it.o(.text)
    PWM7_Handler                             0x00007cdb   Thumb Code     2  w7500x_it.o(.text)
    RTC_Handler                              0x00007cdd   Thumb Code     2  w7500x_it.o(.text)
    ADC_Handler                              0x00007cdf   Thumb Code     2  w7500x_it.o(.text)
    WZTOE_Handler                            0x00007ce1   Thumb Code     2  w7500x_it.o(.text)
    EXTI_Handler                             0x00007ce3   Thumb Code     2  w7500x_it.o(.text)
    fputc                                    0x00007ced   Thumb Code    10  retarget.o(.text)
    ferror                                   0x00007cf7   Thumb Code     6  retarget.o(.text)
    _sys_exit                                0x00007cfd   Thumb Code     2  retarget.o(.text)
    __I$use$semihosting                      0x00007cff   Thumb Code     0  use_no_semi.o(.text)
    __use_no_semihosting_swi                 0x00007cff   Thumb Code     2  use_no_semi.o(.text)
    Remap_NMI_Handler                        0x00007d01   Thumb Code     8  isr_vector.o(.ARM.__at_0x00007D00)
    __I$use$fp                               0x00007d08   Number         0  usenofp.o(x$fpl$usenofp)
    Remap_SVC_Handler                        0x00007d0d   Thumb Code     8  isr_vector.o(.ARM.__at_0x00007D0C)
    Remap_PendSV_Handler                     0x00007d15   Thumb Code     8  isr_vector.o(.ARM.__at_0x00007D14)
    Remap_SysTick_Handler                    0x00007d1d   Thumb Code     8  isr_vector.o(.ARM.__at_0x00007D1C)
    Remap_SSP0_Handler                       0x00007d25   Thumb Code     8  isr_vector.o(.ARM.__at_0x00007D24)
    Remap_SSP1_Handler                       0x00007d2d   Thumb Code     8  isr_vector.o(.ARM.__at_0x00007D2C)
    Remap_UART0_Handler                      0x00007d35   Thumb Code     8  isr_vector.o(.ARM.__at_0x00007D34)
    Remap_UART1_Handler                      0x00007d3d   Thumb Code     8  isr_vector.o(.ARM.__at_0x00007D3C)
    Remap_UART2_Handler                      0x00007d45   Thumb Code     8  isr_vector.o(.ARM.__at_0x00007D44)
    Remap_I2C0_Handler                       0x00007d4d   Thumb Code     8  isr_vector.o(.ARM.__at_0x00007D4C)
    Remap_I2C1_Handler                       0x00007d55   Thumb Code     8  isr_vector.o(.ARM.__at_0x00007D54)
    Remap_PORT0_Handler                      0x00007d5d   Thumb Code     8  isr_vector.o(.ARM.__at_0x00007D5C)
    Remap_PORT1_Handler                      0x00007d65   Thumb Code     8  isr_vector.o(.ARM.__at_0x00007D64)
    Remap_PORT2_Handler                      0x00007d6d   Thumb Code     8  isr_vector.o(.ARM.__at_0x00007D6C)
    Remap_PORT3_Handler                      0x00007d75   Thumb Code     8  isr_vector.o(.ARM.__at_0x00007D74)
    Remap_DMA_Handler                        0x00007d7d   Thumb Code     8  isr_vector.o(.ARM.__at_0x00007D7C)
    Remap_DUALTIMER0_Handler                 0x00007d85   Thumb Code     8  isr_vector.o(.ARM.__at_0x00007D84)
    Remap_DUALTIMER1_Handler                 0x00007d8d   Thumb Code     8  isr_vector.o(.ARM.__at_0x00007D8C)
    Remap_PWM0_Handler                       0x00007d95   Thumb Code     8  isr_vector.o(.ARM.__at_0x00007D94)
    Remap_PWM1_Handler                       0x00007d9d   Thumb Code     8  isr_vector.o(.ARM.__at_0x00007D9C)
    Remap_PWM2_Handler                       0x00007da5   Thumb Code     8  isr_vector.o(.ARM.__at_0x00007DA4)
    Remap_PWM3_Handler                       0x00007dad   Thumb Code     8  isr_vector.o(.ARM.__at_0x00007DAC)
    Remap_PWM4_Handler                       0x00007db5   Thumb Code     8  isr_vector.o(.ARM.__at_0x00007DB4)
    Remap_PWM5_Handler                       0x00007dbd   Thumb Code     8  isr_vector.o(.ARM.__at_0x00007DBC)
    Remap_PWM6_Handler                       0x00007dc5   Thumb Code     8  isr_vector.o(.ARM.__at_0x00007DC4)
    Remap_PWM7_Handler                       0x00007dcd   Thumb Code     8  isr_vector.o(.ARM.__at_0x00007DCC)
    Remap_RTC_Handler                        0x00007dd5   Thumb Code     8  isr_vector.o(.ARM.__at_0x00007DD4)
    Remap_ADC_Handler                        0x00007ddd   Thumb Code     8  isr_vector.o(.ARM.__at_0x00007DDC)
    Remap_WZTOE_Handler                      0x00007de5   Thumb Code     8  isr_vector.o(.ARM.__at_0x00007DE4)
    Remap_EXTI_Handler                       0x00007ded   Thumb Code     8  isr_vector.o(.ARM.__at_0x00007DEC)
    close                                    0x00007df5   Thumb Code    96  socket.o(.text)
    socket                                   0x00007e55   Thumb Code   214  socket.o(.text)
    listen                                   0x00007f2b   Thumb Code   110  socket.o(.text)
    connect                                  0x00007f99   Thumb Code   264  socket.o(.text)
    disconnect                               0x000080a1   Thumb Code   132  socket.o(.text)
    send                                     0x00008125   Thumb Code   288  socket.o(.text)
    recv                                     0x00008245   Thumb Code   206  socket.o(.text)
    sendto                                   0x00008313   Thumb Code   348  socket.o(.text)
    recvfrom                                 0x0000846f   Thumb Code   450  socket.o(.text)
    setsockopt                               0x00008631   Thumb Code   204  socket.o(.text)
    getsockopt                               0x000086fd   Thumb Code   230  socket.o(.text)
    idle_MDIO                                0x000087fd   Thumb Code    40  w7500x_miim.o(.text)
    input_MDIO                               0x00008825   Thumb Code    58  w7500x_miim.o(.text)
    turnaround_MDIO                          0x0000885f   Thumb Code    46  w7500x_miim.o(.text)
    output_MDIO                              0x0000888d   Thumb Code    74  w7500x_miim.o(.text)
    mdio_write                               0x000088d7   Thumb Code    78  w7500x_miim.o(.text)
    phy_id                                   0x00008925   Thumb Code   106  w7500x_miim.o(.text)
    mdio_init                                0x0000898f   Thumb Code    66  w7500x_miim.o(.text)
    default_ip_assign                        0x000089f5   Thumb Code   128  dhcp.o(.text)
    default_ip_update                        0x00008a75   Thumb Code    88  dhcp.o(.text)
    default_ip_conflict                      0x00008acd   Thumb Code    84  dhcp.o(.text)
    reg_dhcp_cbfunc                          0x00008b21   Thumb Code    38  dhcp.o(.text)
    makeDHCPMSG                              0x00008b47   Thumb Code   190  dhcp.o(.text)
    send_DHCP_DISCOVER                       0x00008c05   Thumb Code   362  dhcp.o(.text)
    send_DHCP_REQUEST                        0x00008d6f   Thumb Code   556  dhcp.o(.text)
    send_DHCP_DECLINE                        0x00008f9b   Thumb Code   254  dhcp.o(.text)
    parseDHCPMSG                             0x00009099   Thumb Code   438  dhcp.o(.text)
    reset_DHCP_timeout                       0x0000924f   Thumb Code    14  dhcp.o(.text)
    check_DHCP_timeout                       0x0000925d   Thumb Code   102  dhcp.o(.text)
    check_DHCP_leasedIP                      0x000092c3   Thumb Code    76  dhcp.o(.text)
    DHCP_run                                 0x0000930f   Thumb Code   284  dhcp.o(.text)
    DHCP_stop                                0x0000942b   Thumb Code    16  dhcp.o(.text)
    DHCP_init                                0x0000943b   Thumb Code   332  dhcp.o(.text)
    DHCP_time_handler                        0x00009587   Thumb Code    10  dhcp.o(.text)
    getIPfromDHCP                            0x00009591   Thumb Code    22  dhcp.o(.text)
    getGWfromDHCP                            0x000095a7   Thumb Code    22  dhcp.o(.text)
    getSNfromDHCP                            0x000095bd   Thumb Code    22  dhcp.o(.text)
    getDNSfromDHCP                           0x000095d3   Thumb Code    22  dhcp.o(.text)
    getDHCPLeasetime                         0x000095e9   Thumb Code     6  dhcp.o(.text)
    get16                                    0x00009619   Thumb Code    12  dns.o(.text)
    put16                                    0x00009625   Thumb Code    10  dns.o(.text)
    parse_name                               0x0000962f   Thumb Code   122  dns.o(.text)
    dns_question                             0x000096a9   Thumb Code    30  dns.o(.text)
    dns_answer                               0x000096c7   Thumb Code   168  dns.o(.text)
    parseDNSMSG                              0x0000976f   Thumb Code   210  dns.o(.text)
    dns_makequery                            0x00009841   Thumb Code   172  dns.o(.text)
    check_DNS_timeout                        0x000098ed   Thumb Code    36  dns.o(.text)
    DNS_init                                 0x00009911   Thumb Code    12  dns.o(.text)
    DNS_run                                  0x0000991d   Thumb Code   148  dns.o(.text)
    DNS_time_handler                         0x000099b1   Thumb Code    10  dns.o(.text)
    Dev_Mode_Check                           0x000099c9   Thumb Code    34  main.o(.text)
    display_Dev_Info_dns                     0x000099eb   Thumb Code    76  main.o(.text)
    process_dns                              0x00009a37   Thumb Code   106  main.o(.text)
    display_Dev_Info_dhcp                    0x00009aa1   Thumb Code    44  main.o(.text)
    process_dhcp                             0x00009acd   Thumb Code    90  main.o(.text)
    display_Dev_Info_main                    0x00009b27   Thumb Code  1714  main.o(.text)
    display_Dev_Info_header                  0x0000a1d9   Thumb Code    62  main.o(.text)
    delay                                    0x0000a217   Thumb Code    16  main.o(.text)
    main                                     0x0000a227   Thumb Code  1116  main.o(.text)
    TimingDelay_Decrement                    0x0000a683   Thumb Code    16  main.o(.text)
    LED_Init                                 0x0000a71d   Thumb Code    60  w7500x_board.o(.text)
    init_boot_entry_pin                      0x0000a759   Thumb Code    24  w7500x_board.o(.text)
    init_phylink_in_pin                      0x0000a771   Thumb Code    18  w7500x_board.o(.text)
    get_hw_trig_pin                          0x0000a783   Thumb Code    46  w7500x_board.o(.text)
    init_hw_trig_pin                         0x0000a7b1   Thumb Code    24  w7500x_board.o(.text)
    W7500x_Board_Init                        0x0000a7c9   Thumb Code    94  w7500x_board.o(.text)
    Supervisory_IC_Init                      0x0000a827   Thumb Code    12  w7500x_board.o(.text)
    get_phylink_in_pin                       0x0000a833   Thumb Code    14  w7500x_board.o(.text)
    init_uart_if_sel_pin                     0x0000a841   Thumb Code     2  w7500x_board.o(.text)
    get_uart_if_sel_pin                      0x0000a843   Thumb Code     4  w7500x_board.o(.text)
    LED_On                                   0x0000a847   Thumb Code    24  w7500x_board.o(.text)
    LED_Off                                  0x0000a85f   Thumb Code    24  w7500x_board.o(.text)
    LED_Toggle                               0x0000a877   Thumb Code    24  w7500x_board.o(.text)
    set_device_status                        0x0000a8a1   Thumb Code    76  seg.o(.text)
    add_data_transfer_bytecount              0x0000a8ed   Thumb Code    96  seg.o(.text)
    debugSerial_dataTransfer                 0x0000a94d   Thumb Code   138  seg.o(.text)
    check_connect_pw_auth                    0x0000a9d7   Thumb Code    68  seg.o(.text)
    ether_to_uart                            0x0000aa1b   Thumb Code   468  seg.o(.text)
    get_serial_data                          0x0000abef   Thumb Code   410  seg.o(.text)
    uart_to_ether                            0x0000ad89   Thumb Code   280  seg.o(.text)
    proc_SEG_udp                             0x0000aea1   Thumb Code   360  seg.o(.text)
    get_tcp_any_port                         0x0000b009   Thumb Code    58  seg.o(.text)
    reset_SEG_timeflags                      0x0000b043   Thumb Code    28  seg.o(.text)
    process_socket_termination               0x0000b05f   Thumb Code    60  seg.o(.text)
    send_keepalive_packet_manual             0x0000b09b   Thumb Code    12  seg.o(.text)
    check_tcp_connect_exception              0x0000b0a7   Thumb Code   408  seg.o(.text)
    proc_SEG_tcp_mixed                       0x0000b23f   Thumb Code   822  seg.o(.text)
    proc_SEG_tcp_server                      0x0000b575   Thumb Code   782  seg.o(.text)
    proc_SEG_tcp_client                      0x0000b883   Thumb Code   576  seg.o(.text)
    do_seg                                   0x0000bac3   Thumb Code   226  seg.o(.text)
    get_device_status                        0x0000bba5   Thumb Code    12  seg.o(.text)
    init_trigger_modeswitch                  0x0000bbb1   Thumb Code   126  seg.o(.text)
    restore_serial_data                      0x0000bc2f   Thumb Code    62  seg.o(.text)
    check_modeswitch_trigger                 0x0000bc6d   Thumb Code   146  seg.o(.text)
    check_serial_store_permitted             0x0000bcff   Thumb Code    82  seg.o(.text)
    init_time_delimiter_timer                0x0000bd51   Thumb Code    48  seg.o(.text)
    clear_data_transfer_bytecount            0x0000bd81   Thumb Code    42  seg.o(.text)
    seg_timer_msec                           0x0000bdab   Thumb Code   186  seg.o(.text)
    seg_timer_sec                            0x0000be65   Thumb Code    28  seg.o(.text)
    get_DevConfig_pointer                    0x0000bee1   Thumb Code     4  configdata.o(.text)
    set_DevConfig_to_factory_value           0x0000bee5   Thumb Code   366  configdata.o(.text)
    load_DevConfig_from_storage              0x0000c053   Thumb Code   102  configdata.o(.text)
    save_DevConfig_to_storage                0x0000c0b9   Thumb Code    94  configdata.o(.text)
    get_DevConfig_value                      0x0000c117   Thumb Code     8  configdata.o(.text)
    set_DevConfig_value                      0x0000c11f   Thumb Code     8  configdata.o(.text)
    display_Net_Info                         0x0000c127   Thumb Code   252  configdata.o(.text)
    Mac_Conf                                 0x0000c223   Thumb Code    64  configdata.o(.text)
    Net_Conf                                 0x0000c263   Thumb Code   510  configdata.o(.text)
    parse_SEGCP                              0x0000c4e3   Thumb Code   142  segcp.o(.text)
    proc_SEGCP                               0x0000c571   Thumb Code  3230  segcp.o(.text)
    send_keepalive_packet_configtool         0x0000d20f   Thumb Code    12  segcp.o(.text)
    proc_SEGCP_tcp                           0x0000d21b   Thumb Code   386  segcp.o(.text)
    proc_SEGCP_udp                           0x0000d39d   Thumb Code   340  segcp.o(.text)
    uart_get_commandline                     0x0000d4f1   Thumb Code   102  segcp.o(.text)
    proc_SEGCP_uart                          0x0000d557   Thumb Code   248  segcp.o(.text)
    do_segcp                                 0x0000d64f   Thumb Code   318  segcp.o(.text)
    segcp_timer_msec                         0x0000d78d   Thumb Code    44  segcp.o(.text)
    is_ipaddr                                0x0000d819   Thumb Code   150  util.o(.text)
    is_hexstr                                0x0000d8af   Thumb Code    48  util.o(.text)
    is_hex                                   0x0000d8df   Thumb Code    60  util.o(.text)
    str_to_hex                               0x0000d91b   Thumb Code   118  util.o(.text)
    is_macaddr                               0x0000d991   Thumb Code   108  util.o(.text)
    DO_IAP                                   0x0000d9fd   Thumb Code    18  flashhandler.o(.text)
    erase_flash_sector                       0x0000da0f   Thumb Code    60  flashhandler.o(.text)
    erase_flash_block                        0x0000da4b   Thumb Code    24  flashhandler.o(.text)
    write_flash                              0x0000da63   Thumb Code    76  flashhandler.o(.text)
    read_flash                               0x0000daaf   Thumb Code    20  flashhandler.o(.text)
    Copy_Interrupt_VectorTable               0x0000dac3   Thumb Code   116  flashhandler.o(.text)
    read_storage                             0x0000db4d   Thumb Code    50  storagehandler.o(.text)
    erase_storage                            0x0000db7f   Thumb Code   132  storagehandler.o(.text)
    write_storage                            0x0000dc03   Thumb Code    64  storagehandler.o(.text)
    Timer_Configuration                      0x0000dc4d   Thumb Code    70  timerhandler.o(.text)
    Timer_IRQ_Handler                        0x0000dc93   Thumb Code   180  timerhandler.o(.text)
    getDeviceUptime_day                      0x0000dd47   Thumb Code     6  timerhandler.o(.text)
    getDeviceUptime_hour                     0x0000dd4d   Thumb Code     6  timerhandler.o(.text)
    getDeviceUptime_min                      0x0000dd53   Thumb Code     6  timerhandler.o(.text)
    getDeviceUptime_sec                      0x0000dd59   Thumb Code     6  timerhandler.o(.text)
    set_phylink_time_check                   0x0000dd5f   Thumb Code    14  timerhandler.o(.text)
    get_phylink_downtime                     0x0000dd6d   Thumb Code     6  timerhandler.o(.text)
    S2E_UART_IRQ_Handler                     0x0000dd89   Thumb Code   116  uarthandler.o(.text)
    uart_rs485_rs422_init                    0x0000ddfd   Thumb Code    84  uarthandler.o(.text)
    get_uart_rs485_sel                       0x0000de51   Thumb Code    92  uarthandler.o(.text)
    set_uart_rts_pin_low                     0x0000dead   Thumb Code    32  uarthandler.o(.text)
    serial_info_init                         0x0000decd   Thumb Code   314  uarthandler.o(.text)
    S2E_UART_Configuration                   0x0000e007   Thumb Code   114  uarthandler.o(.text)
    UART2_Configuration                      0x0000e079   Thumb Code    12  uarthandler.o(.text)
    set_uart_rts_pin_high                    0x0000e085   Thumb Code    32  uarthandler.o(.text)
    check_uart_flow_control                  0x0000e0a5   Thumb Code   172  uarthandler.o(.text)
    uart_putc                                0x0000e151   Thumb Code    84  uarthandler.o(.text)
    uart_puts                                0x0000e1a5   Thumb Code    58  uarthandler.o(.text)
    uart_getc                                0x0000e1df   Thumb Code    48  uarthandler.o(.text)
    uart_rx_flush                            0x0000e20f   Thumb Code    12  uarthandler.o(.text)
    uart_rs485_enable                        0x0000e21b   Thumb Code    80  uarthandler.o(.text)
    uart_rs485_disable                       0x0000e26b   Thumb Code    80  uarthandler.o(.text)
    get_uart_cts_pin                         0x0000e2bb   Thumb Code    28  uarthandler.o(.text)
    check_n_clear_uart_recv_status           0x0000e2d7   Thumb Code    44  uarthandler.o(.text)
    device_set_factory_default               0x0000e319   Thumb Code    12  devicehandler.o(.text)
    device_socket_termination                0x0000e325   Thumb Code    20  devicehandler.o(.text)
    device_reboot                            0x0000e339   Thumb Code    26  devicehandler.o(.text)
    reset_fw_update_timer                    0x0000e353   Thumb Code    18  devicehandler.o(.text)
    get_firmware_from_network                0x0000e365   Thumb Code   238  devicehandler.o(.text)
    device_firmware_update                   0x0000e453   Thumb Code   250  devicehandler.o(.text)
    device_appboot_update                    0x0000e54d   Thumb Code   298  devicehandler.o(.text)
    device_timer_msec                        0x0000e677   Thumb Code    78  devicehandler.o(.text)
    get_user_io_bitorder                     0x0000e8b5   Thumb Code    28  gpiohandler.o(.text)
    init_user_io                             0x0000e8d1   Thumb Code   178  gpiohandler.o(.text)
    get_user_io_enabled                      0x0000e983   Thumb Code    30  gpiohandler.o(.text)
    set_flowcontrol_dtr_pin                  0x0000e9a1   Thumb Code    28  gpiohandler.o(.text)
    init_status_pin                          0x0000e9bd   Thumb Code    28  gpiohandler.o(.text)
    init_flowcontrol_dsr_pin                 0x0000e9d9   Thumb Code    18  gpiohandler.o(.text)
    init_tcpconnection_status_pin            0x0000e9eb   Thumb Code    54  gpiohandler.o(.text)
    init_flowcontrol_dtr_pin                 0x0000ea21   Thumb Code    30  gpiohandler.o(.text)
    init_phylink_status_pin                  0x0000ea3f   Thumb Code    30  gpiohandler.o(.text)
    init_connection_status_io                0x0000ea5d   Thumb Code    48  gpiohandler.o(.text)
    IO_Configuration                         0x0000ea8d   Thumb Code    90  gpiohandler.o(.text)
    set_user_io_direction                    0x0000eae7   Thumb Code    70  gpiohandler.o(.text)
    set_user_io_type                         0x0000eb2d   Thumb Code    98  gpiohandler.o(.text)
    get_user_io_type                         0x0000eb8f   Thumb Code    30  gpiohandler.o(.text)
    get_user_io_direction                    0x0000ebad   Thumb Code    30  gpiohandler.o(.text)
    read_ADC                                 0x0000ebcb   Thumb Code    24  gpiohandler.o(.text)
    get_user_io_val                          0x0000ebe3   Thumb Code   126  gpiohandler.o(.text)
    set_user_io_val                          0x0000ec61   Thumb Code   148  gpiohandler.o(.text)
    set_connection_status_io                 0x0000ecf5   Thumb Code   132  gpiohandler.o(.text)
    get_connection_status_io                 0x0000ed79   Thumb Code    58  gpiohandler.o(.text)
    get_flowcontrol_dsr_pin                  0x0000edb3   Thumb Code    16  gpiohandler.o(.text)
    check_phylink_status                     0x0000edc3   Thumb Code    38  gpiohandler.o(.text)
    gpio_handler_timer_msec                  0x0000ede9   Thumb Code    36  gpiohandler.o(.text)
    __rt_ctype_table                         0x0000ee19   Thumb Code    16  rt_ctype_table.o(.text)
    toupper                                  0x0000ee29   Thumb Code    30  toupper.o(.text)
    __2printf                                0x0000ee49   Thumb Code    22  __2printf.o(.text)
    __2sprintf                               0x0000ee65   Thumb Code    40  __2sprintf.o(.text)
    _printf_pre_padding                      0x0000ee91   Thumb Code    44  _printf_pad.o(.text)
    _printf_post_padding                     0x0000eebd   Thumb Code    34  _printf_pad.o(.text)
    _printf_str                              0x0000eedf   Thumb Code    82  _printf_str.o(.text)
    _printf_int_dec                          0x0000ef31   Thumb Code    90  _printf_dec.o(.text)
    _printf_int_hex                          0x0000ef9d   Thumb Code    84  _printf_hex_int.o(.text)
    _printf_longlong_hex                     0x0000ef9d   Thumb Code     0  _printf_hex_int.o(.text)
    __printf                                 0x0000eff5   Thumb Code   386  __printf_flags_ss_wp.o(.text)
    atoi                                     0x0000f17d   Thumb Code    26  atoi.o(.text)
    atol                                     0x0000f197   Thumb Code    26  atol.o(.text)
    srand                                    0x0000f1b1   Thumb Code    44  rand.o(.text)
    _rand_init                               0x0000f1dd   Thumb Code     4  rand.o(.text)
    strtok                                   0x0000f1ed   Thumb Code    10  strtok.o(.text)
    strchr                                   0x0000f1fd   Thumb Code    20  strchr.o(.text)
    memcmp                                   0x0000f211   Thumb Code    90  memcmp.o(.text)
    strcpy                                   0x0000f26d   Thumb Code    70  strcpy.o(.text)
    strlen                                   0x0000f2b9   Thumb Code    62  strlen.o(.text)
    strncmp                                  0x0000f2fd   Thumb Code   154  strncmp.o(.text)
    strcat                                   0x0000f39d   Thumb Code    24  strcat.o(.text)
    __aeabi_memcpy                           0x0000f3b5   Thumb Code   130  rt_memcpy.o(.text)
    __rt_memcpy                              0x0000f3b5   Thumb Code     0  rt_memcpy.o(.text)
    _memset_w                                0x0000f437   Thumb Code    26  rt_memclr.o(.text)
    _memset                                  0x0000f451   Thumb Code    30  rt_memclr.o(.text)
    __aeabi_memclr                           0x0000f46f   Thumb Code     4  rt_memclr.o(.text)
    __rt_memclr                              0x0000f46f   Thumb Code     0  rt_memclr.o(.text)
    __aeabi_memclr4                          0x0000f473   Thumb Code     0  rt_memclr.o(.text)
    __aeabi_memclr8                          0x0000f473   Thumb Code     0  rt_memclr.o(.text)
    __rt_memclr_w                            0x0000f473   Thumb Code     4  rt_memclr.o(.text)
    strncpy                                  0x0000f479   Thumb Code   104  strncpy.o(.text)
    strcmp                                   0x0000f4e5   Thumb Code   132  strcmp.o(.text)
    __aeabi_uread4                           0x0000f56d   Thumb Code    34  uread4.o(.text)
    __rt_uread4                              0x0000f56d   Thumb Code     0  uread4.o(.text)
    __aeabi_uwrite4                          0x0000f58f   Thumb Code    16  uwrite4.o(.text)
    __rt_uwrite4                             0x0000f58f   Thumb Code     0  uwrite4.o(.text)
    __aeabi_uidiv                            0x0000f59f   Thumb Code     0  aeabi_sdiv.o(.text)
    __aeabi_uidivmod                         0x0000f59f   Thumb Code    20  aeabi_sdiv.o(.text)
    __aeabi_idiv                             0x0000f5b3   Thumb Code     0  aeabi_sdiv.o(.text)
    __aeabi_idivmod                          0x0000f5b3   Thumb Code   326  aeabi_sdiv.o(.text)
    __use_two_region_memory                  0x0000f6f9   Thumb Code     2  heapauxi.o(.text)
    __rt_heap_escrow$2region                 0x0000f6fb   Thumb Code     2  heapauxi.o(.text)
    __rt_heap_expand$2region                 0x0000f6fd   Thumb Code     2  heapauxi.o(.text)
    __aeabi_dadd                             0x0000f9f9   Thumb Code     0  daddsub.o(.text)
    _dadd                                    0x0000f9f9   Thumb Code    26  daddsub.o(.text)
    __aeabi_dsub                             0x0000fa13   Thumb Code     0  daddsub.o(.text)
    _dsub                                    0x0000fa13   Thumb Code    22  daddsub.o(.text)
    __aeabi_drsub                            0x0000fa29   Thumb Code     0  daddsub.o(.text)
    _drsb                                    0x0000fa29   Thumb Code    28  daddsub.o(.text)
    __aeabi_d2uiz                            0x0000fa59   Thumb Code     0  dfixui.o(.text)
    _dfixu                                   0x0000fa59   Thumb Code    68  dfixui.o(.text)
    __aeabi_f2d                              0x0000faa1   Thumb Code     0  f2d.o(.text)
    _f2d                                     0x0000faa1   Thumb Code    80  f2d.o(.text)
    __aeabi_fdiv                             0x0000faf5   Thumb Code     0  fdiv.o(.text)
    _fdiv                                    0x0000faf5   Thumb Code   334  fdiv.o(.text)
    _frdiv                                   0x0000fc43   Thumb Code     8  fdiv.o(.text)
    __aeabi_f2uiz                            0x0000fc55   Thumb Code     0  ffixui.o(.text)
    _ffixu                                   0x0000fc55   Thumb Code    48  ffixui.o(.text)
    __aeabi_i2f_normalise                    0x0000fc85   Thumb Code    72  fflti.o(.text)
    __aeabi_i2f                              0x0000fccd   Thumb Code    16  fflti.o(.text)
    _fflt                                    0x0000fccd   Thumb Code     0  fflti.o(.text)
    __aeabi_ui2f                             0x0000fcdd   Thumb Code     6  fflti.o(.text)
    _ffltu                                   0x0000fcdd   Thumb Code     0  fflti.o(.text)
    __ARM_scalbnf                            0x0000fce5   Thumb Code    64  fscalbn.o(.text)
    __rt_locale                              0x0000fd29   Thumb Code     8  rt_locale_intlibspace.o(.text)
    __aeabi_errno_addr                       0x0000fd31   Thumb Code     8  rt_errno_addr_intlibspace.o(.text)
    __errno$intlibspace                      0x0000fd31   Thumb Code     0  rt_errno_addr_intlibspace.o(.text)
    __rt_errno_addr$intlibspace              0x0000fd31   Thumb Code     0  rt_errno_addr_intlibspace.o(.text)
    _printf_int_common                       0x0000fd39   Thumb Code   176  _printf_intcommon.o(.text)
    _printf_char_common                      0x0000fdf3   Thumb Code    32  _printf_char_common.o(.text)
    _sputc                                   0x0000fe19   Thumb Code    10  _sputc.o(.text)
    _printf_cs_common                        0x0000fe23   Thumb Code    22  _printf_char.o(.text)
    _printf_char                             0x0000fe39   Thumb Code    16  _printf_char.o(.text)
    _printf_string                           0x0000fe49   Thumb Code     8  _printf_char.o(.text)
    _printf_char_file                        0x0000fe51   Thumb Code    34  _printf_char_file.o(.text)
    strtol                                   0x0000fe79   Thumb Code   108  strtol.o(.text)
    __strtok_internal                        0x0000fee9   Thumb Code    66  strtok_int.o(.text)
    __rt_udiv10                              0x0000ff31   Thumb Code    40  rtudiv10.o(.text)
    __user_libspace                          0x0000ff59   Thumb Code     8  libspace.o(.text)
    __user_perproc_libspace                  0x0000ff59   Thumb Code     0  libspace.o(.text)
    __user_perthread_libspace                0x0000ff59   Thumb Code     0  libspace.o(.text)
    _strtoul                                 0x0000ff61   Thumb Code   166  _strtoul.o(.text)
    strcspn                                  0x00010007   Thumb Code    34  strcspn.o(.text)
    strspn                                   0x00010029   Thumb Code    32  strspn.o(.text)
    __user_setup_stackheap                   0x00010049   Thumb Code    62  sys_stackheap_outer.o(.text)
    _chval                                   0x00010087   Thumb Code    30  _chval.o(.text)
    exit                                     0x000100a5   Thumb Code    16  exit.o(.text)
    __decompress                             0x000100b5   Thumb Code     0  __dczerorl2.o(.text)
    __decompress1                            0x000100b5   Thumb Code    86  __dczerorl2.o(.text)
    __ARM_common_switch8                     0x0001010b   Thumb Code    26  socket.o(i.__ARM_common_switch8)
    _is_digit                                0x00010125   Thumb Code    14  __printf_wp.o(i._is_digit)
    _get_lc_ctype                            0x00010135   Thumb Code    44  lc_ctype_c.o(locale$$code)
    __aeabi_fadd                             0x00010161   Thumb Code     0  faddsub.o(x$fpl$fadd)
    _fadd                                    0x00010161   Thumb Code   134  faddsub.o(x$fpl$fadd)
    __aeabi_frsub                            0x000101ed   Thumb Code     0  faddsub.o(x$fpl$frsb)
    _frsb                                    0x000101ed   Thumb Code    24  faddsub.o(x$fpl$frsb)
    __aeabi_fsub                             0x00010205   Thumb Code     0  faddsub.o(x$fpl$fsub)
    _fsub                                    0x00010205   Thumb Code   204  faddsub.o(x$fpl$fsub)
    LED_PIN                                  0x00010310   Data           6  w7500x_board.o(.constdata)
    USER_IO_PIN                              0x00010354   Data           8  gpiohandler.o(.constdata)
    Region$$Table$$Base                      0x000107e0   Number         0  anon$$obj.o(Region$$Table)
    Region$$Table$$Limit                     0x00010800   Number         0  anon$$obj.o(Region$$Table)
    __ctype                                  0x0001080d   Data           0  lc_ctype_c.o(locale$$data)
    SystemFrequency                          0x20000000   Data           4  system_w7500x.o(.data)
    SourceFrequency                          0x20000004   Data           4  system_w7500x.o(.data)
    WIZCHIP                                  0x20000020   Data          32  wizchip_conf.o(.data)
    PHY_ADDR                                 0x20000044   Data           4  w7500x_miim.o(.data)
    dhcp_state                               0x20000048   Data           1  dhcp.o(.data)
    dhcp_retry_count                         0x20000049   Data           1  dhcp.o(.data)
    DHCP_SOCKET                              0x2000004a   Data           1  dhcp.o(.data)
    OLD_allocated_ip                         0x2000004b   Data           4  dhcp.o(.data)
    DHCP_allocated_ip                        0x2000004f   Data           4  dhcp.o(.data)
    DHCP_allocated_gw                        0x20000053   Data           4  dhcp.o(.data)
    DHCP_allocated_sn                        0x20000057   Data           4  dhcp.o(.data)
    DHCP_allocated_dns                       0x2000005b   Data           4  dhcp.o(.data)
    dhcp_lease_time                          0x20000060   Data           4  dhcp.o(.data)
    dhcp_tick_1s                             0x20000064   Data           4  dhcp.o(.data)
    dhcp_tick_next                           0x20000068   Data           4  dhcp.o(.data)
    dhcp_ip_assign                           0x2000006c   Data           4  dhcp.o(.data)
    dhcp_ip_update                           0x20000070   Data           4  dhcp.o(.data)
    dhcp_ip_conflict                         0x20000074   Data           4  dhcp.o(.data)
    DHCP_SIP                                 0x20000078   Data           4  dhcp.o(.data)
    DHCP_REAL_SIP                            0x2000007c   Data           4  dhcp.o(.data)
    DHCP_XID                                 0x20000080   Data           4  dhcp.o(.data)
    pDHCPMSG                                 0x20000084   Data           4  dhcp.o(.data)
    DHCP_CHADDR                              0x20000088   Data           6  dhcp.o(.data)
    HOST_NAME                                0x2000008e   Data           8  dhcp.o(.data)
    DNS_SOCKET                               0x20000099   Data           1  dns.o(.data)
    DNS_MSGID                                0x2000009a   Data           2  dns.o(.data)
    pDNSMSG                                  0x2000009c   Data           4  dns.o(.data)
    dns_1s_tick                              0x200000a0   Data           4  dns.o(.data)
    __stdout                                 0x200000a4   Data           4  retarget.o(.data)
    flag_hw_trig_enable                      0x200000ac   Data           1  w7500x_board.o(.data)
    LED_PAD                                  0x200000ad   Data           3  w7500x_board.o(.data)
    LED_PAD_AF                               0x200000b0   Data           3  w7500x_board.o(.data)
    LED_PORT                                 0x200000b4   Data          12  w7500x_board.o(.data)
    phylink_check_time_msec                  0x200000c0   Data           2  w7500x_board.o(.data)
    flag_check_phylink                       0x200000c2   Data           1  w7500x_board.o(.data)
    flag_s2e_application_running             0x200000c3   Data           1  seg.o(.data)
    opmode                                   0x200000c4   Data           1  seg.o(.data)
    sw_modeswitch_at_mode_on                 0x200000c6   Data           1  seg.o(.data)
    enable_inactivity_timer                  0x200000c7   Data           1  seg.o(.data)
    enable_keepalive_timer                   0x200000c8   Data           1  seg.o(.data)
    enable_modeswitch_timer                  0x200000c9   Data           1  seg.o(.data)
    enable_reconnection_timer                0x200000ca   Data           1  seg.o(.data)
    enable_serial_input_timer                0x200000cb   Data           1  seg.o(.data)
    flag_serial_input_time_elapse            0x200000cc   Data           1  seg.o(.data)
    enable_connection_auth_timer             0x200000cd   Data           1  seg.o(.data)
    flag_connect_pw_auth                     0x200000ce   Data           1  seg.o(.data)
    flag_sent_keepalive                      0x200000cf   Data           1  seg.o(.data)
    flag_sent_first_keepalive                0x200000d0   Data           1  seg.o(.data)
    isXON                                    0x200000d1   Data           1  seg.o(.data)
    flag_process_dns_success                 0x200000d2   Data           1  seg.o(.data)
    isSocketOpen_TCPclient                   0x200000d3   Data           1  seg.o(.data)
    tmp_timeflag_for_debug                   0x200000d4   Data           1  seg.o(.data)
    triggercode_idx                          0x200000d6   Data           1  seg.o(.data)
    inactivity_time                          0x200000da   Data           2  seg.o(.data)
    keepalive_time                           0x200000dc   Data           2  seg.o(.data)
    modeswitch_time                          0x200000de   Data           2  seg.o(.data)
    modeswitch_gap_time                      0x200000e0   Data           2  seg.o(.data)
    reconnection_time                        0x200000e2   Data           2  seg.o(.data)
    serial_input_time                        0x200000e4   Data           2  seg.o(.data)
    connection_auth_time                     0x200000e6   Data           2  seg.o(.data)
    u2e_size                                 0x200000e8   Data           2  seg.o(.data)
    e2u_size                                 0x200000ea   Data           2  seg.o(.data)
    peerport                                 0x200000ec   Data           2  seg.o(.data)
    s2e_uart_rx_bytecount                    0x200000f4   Data           4  seg.o(.data)
    s2e_uart_tx_bytecount                    0x200000f8   Data           4  seg.o(.data)
    s2e_ether_rx_bytecount                   0x200000fc   Data           4  seg.o(.data)
    s2e_ether_tx_bytecount                   0x20000100   Data           4  seg.o(.data)
    peerip                                   0x20000104   Data           4  seg.o(.data)
    peerip_tmp                               0x20000108   Data           4  seg.o(.data)
    str_working                              0x2000010c   Data          16  seg.o(.data)
    flag_process_dhcp_success                0x2000011c   Data           1  seg.o(.data)
    flag_process_ip_success                  0x2000011d   Data           1  seg.o(.data)
    gSEGCPPRIVILEGE                          0x20000120   Data           1  segcp.o(.data)
    enable_configtool_keepalive_timer        0x20000121   Data           1  segcp.o(.data)
    flag_send_configtool_keepalive           0x20000122   Data           1  segcp.o(.data)
    configtool_keepalive_time                0x20000124   Data           2  segcp.o(.data)
    strDEVSTATUS                             0x2000012c   Data          28  segcp.o(.data)
    tbSEGCPCMD                               0x20000148   Data         304  segcp.o(.data)
    tbSEGCPERR                               0x20000278   Data          28  segcp.o(.data)
    flag_ringbuf_full                        0x200002a8   Data           1  uarthandler.o(.data)
    UART_data_irq                            0x200002a9   Data           1  uarthandler.o(.data)
    data_rx_wr                               0x200002ae   Data           2  uarthandler.o(.data)
    data_rx_rd                               0x200002b0   Data           2  uarthandler.o(.data)
    data_rx_sz                               0x200002b2   Data           2  uarthandler.o(.data)
    UART_data                                0x200002b4   Data           4  uarthandler.o(.data)
    word_len_table                           0x200002b8   Data           3  uarthandler.o(.data)
    parity_table                             0x200002bc   Data          12  uarthandler.o(.data)
    stop_bit_table                           0x200002c8   Data           2  uarthandler.o(.data)
    flow_ctrl_table                          0x200002cc   Data          16  uarthandler.o(.data)
    uart_if_table                            0x200002dc   Data           8  uarthandler.o(.data)
    enable_fw_update_timer                   0x200002e4   Data           1  devicehandler.o(.data)
    flag_fw_update_timeout                   0x200002e5   Data           1  devicehandler.o(.data)
    enable_fw_from_network_timer             0x200002e6   Data           1  devicehandler.o(.data)
    flag_fw_from_network_timeout             0x200002e7   Data           1  devicehandler.o(.data)
    flag_fw_from_server_failed               0x200002e8   Data           1  devicehandler.o(.data)
    fw_update_time                           0x200002ea   Data           2  devicehandler.o(.data)
    fw_from_network_time                     0x200002ec   Data           2  devicehandler.o(.data)
    USER_IO_ADC_CH                           0x20000301   Data           4  gpiohandler.o(.data)
    USER_IO_PORT                             0x20000308   Data          16  gpiohandler.o(.data)
    USER_IO_SEL                              0x20000318   Data           4  gpiohandler.o(.data)
    USER_IO_TYPE_STR                         0x2000031c   Data           8  gpiohandler.o(.data)
    USER_IO_DIR_STR                          0x20000324   Data           8  gpiohandler.o(.data)
    g_send_buf                               0x20000340   Data        2048  main.o(.bss)
    g_recv_buf                               0x20000b40   Data        2048  main.o(.bss)
    data_rx_buf                              0x20001839   Data        4096  uarthandler.o(.bss)
    _random_number_data                      0x2000283c   Data         228  rand.o(.bss)
    __libspace_start                         0x20002920   Data          96  libspace.o(.bss)
    __temporary_stack_top$libspace           0x20002980   Data           0  libspace.o(.bss)



==============================================================================

Memory Map of the image

  Image Entry point : 0x000070a9

  Load Region LR_IROM1 (Base: 0x00007000, Size: 0x00009c40, Max: 0x00020000, ABSOLUTE, COMPRESSED[0x00009ac4])

    Execution Region ER_IROM1 (Exec base: 0x00007000, Load base: 0x00007000, Size: 0x00009910, Max: 0x00020000, ABSOLUTE)

    Exec Addr    Load Addr    Size         Type   Attr      Idx    E Section Name        Object

    0x00007000   0x00007000   0x000000a8   Data   RO            3    RESET               startup_w7500x.o
    0x000070a8   0x000070a8   0x00000008   Code   RO         2821  * !!!main             c_p.l(__main.o)
    0x000070b0   0x000070b0   0x0000003c   Code   RO         3048    !!!scatter          c_p.l(__scatter.o)
    0x000070ec   0x000070ec   0x0000001c   Code   RO         3050    !!handler_zi        c_p.l(__scatter_zi.o)
    0x00007108   0x00007108   0x00000002   Code   RO         2772    .ARM.Collect$$_printf_percent$$00000000  c_p.l(_printf_percent.o)
    0x0000710a   0x0000710a   0x0000000a   Code   RO         2770    .ARM.Collect$$_printf_percent$$00000009  c_p.l(_printf_d.o)
    0x00007114   0x00007114   0x0000000a   Code   RO         2771    .ARM.Collect$$_printf_percent$$0000000A  c_p.l(_printf_u.o)
    0x0000711e   0x0000711e   0x0000000a   Code   RO         2769    .ARM.Collect$$_printf_percent$$0000000C  c_p.l(_printf_x.o)
    0x00007128   0x00007128   0x0000000a   Code   RO         2767    .ARM.Collect$$_printf_percent$$00000013  c_p.l(_printf_c.o)
    0x00007132   0x00007132   0x0000000a   Code   RO         2768    .ARM.Collect$$_printf_percent$$00000014  c_p.l(_printf_s.o)
    0x0000713c   0x0000713c   0x00000004   Code   RO         2869    .ARM.Collect$$_printf_percent$$00000017  c_p.l(_printf_percent_end.o)
    0x00007140   0x00007140   0x00000002   Code   RO         2977    .ARM.Collect$$libinit$$00000000  c_p.l(libinit.o)
    0x00007142   0x00007142   0x00000000   Code   RO         2880    .ARM.Collect$$libinit$$00000002  c_p.l(libinit2.o)
    0x00007142   0x00007142   0x00000000   Code   RO         2882    .ARM.Collect$$libinit$$00000004  c_p.l(libinit2.o)
    0x00007142   0x00007142   0x00000000   Code   RO         2885    .ARM.Collect$$libinit$$0000000A  c_p.l(libinit2.o)
    0x00007142   0x00007142   0x00000000   Code   RO         2887    .ARM.Collect$$libinit$$0000000C  c_p.l(libinit2.o)
    0x00007142   0x00007142   0x00000004   Code   RO         2888    .ARM.Collect$$libinit$$0000000D  c_p.l(libinit2.o)
    0x00007146   0x00007146   0x00000000   Code   RO         2889    .ARM.Collect$$libinit$$0000000E  c_p.l(libinit2.o)
    0x00007146   0x00007146   0x00000006   Code   RO         2890    .ARM.Collect$$libinit$$0000000F  c_p.l(libinit2.o)
    0x0000714c   0x0000714c   0x00000000   Code   RO         2892    .ARM.Collect$$libinit$$00000011  c_p.l(libinit2.o)
    0x0000714c   0x0000714c   0x0000000c   Code   RO         2893    .ARM.Collect$$libinit$$00000012  c_p.l(libinit2.o)
    0x00007158   0x00007158   0x00000000   Code   RO         2894    .ARM.Collect$$libinit$$00000013  c_p.l(libinit2.o)
    0x00007158   0x00007158   0x00000000   Code   RO         2896    .ARM.Collect$$libinit$$00000015  c_p.l(libinit2.o)
    0x00007158   0x00007158   0x00000000   Code   RO         2898    .ARM.Collect$$libinit$$00000017  c_p.l(libinit2.o)
    0x00007158   0x00007158   0x00000000   Code   RO         2900    .ARM.Collect$$libinit$$00000019  c_p.l(libinit2.o)
    0x00007158   0x00007158   0x00000000   Code   RO         2902    .ARM.Collect$$libinit$$0000001B  c_p.l(libinit2.o)
    0x00007158   0x00007158   0x00000000   Code   RO         2904    .ARM.Collect$$libinit$$0000001D  c_p.l(libinit2.o)
    0x00007158   0x00007158   0x00000000   Code   RO         2906    .ARM.Collect$$libinit$$0000001F  c_p.l(libinit2.o)
    0x00007158   0x00007158   0x00000000   Code   RO         2908    .ARM.Collect$$libinit$$00000021  c_p.l(libinit2.o)
    0x00007158   0x00007158   0x00000000   Code   RO         2910    .ARM.Collect$$libinit$$00000023  c_p.l(libinit2.o)
    0x00007158   0x00007158   0x00000000   Code   RO         2912    .ARM.Collect$$libinit$$00000025  c_p.l(libinit2.o)
    0x00007158   0x00007158   0x00000000   Code   RO         2916    .ARM.Collect$$libinit$$0000002C  c_p.l(libinit2.o)
    0x00007158   0x00007158   0x00000000   Code   RO         2918    .ARM.Collect$$libinit$$0000002E  c_p.l(libinit2.o)
    0x00007158   0x00007158   0x00000000   Code   RO         2920    .ARM.Collect$$libinit$$00000030  c_p.l(libinit2.o)
    0x00007158   0x00007158   0x00000000   Code   RO         2922    .ARM.Collect$$libinit$$00000032  c_p.l(libinit2.o)
    0x00007158   0x00007158   0x00000002   Code   RO         2923    .ARM.Collect$$libinit$$00000033  c_p.l(libinit2.o)
    0x0000715a   0x0000715a   0x00000002   Code   RO         3013    .ARM.Collect$$libshutdown$$00000000  c_p.l(libshutdown.o)
    0x0000715c   0x0000715c   0x00000000   Code   RO         3029    .ARM.Collect$$libshutdown$$00000002  c_p.l(libshutdown2.o)
    0x0000715c   0x0000715c   0x00000000   Code   RO         3031    .ARM.Collect$$libshutdown$$00000004  c_p.l(libshutdown2.o)
    0x0000715c   0x0000715c   0x00000000   Code   RO         3034    .ARM.Collect$$libshutdown$$00000007  c_p.l(libshutdown2.o)
    0x0000715c   0x0000715c   0x00000000   Code   RO         3037    .ARM.Collect$$libshutdown$$0000000A  c_p.l(libshutdown2.o)
    0x0000715c   0x0000715c   0x00000000   Code   RO         3039    .ARM.Collect$$libshutdown$$0000000C  c_p.l(libshutdown2.o)
    0x0000715c   0x0000715c   0x00000000   Code   RO         3042    .ARM.Collect$$libshutdown$$0000000F  c_p.l(libshutdown2.o)
    0x0000715c   0x0000715c   0x00000002   Code   RO         3043    .ARM.Collect$$libshutdown$$00000010  c_p.l(libshutdown2.o)
    0x0000715e   0x0000715e   0x00000000   Code   RO         2844    .ARM.Collect$$rtentry$$00000000  c_p.l(__rtentry.o)
    0x0000715e   0x0000715e   0x00000000   Code   RO         2929    .ARM.Collect$$rtentry$$00000002  c_p.l(__rtentry2.o)
    0x0000715e   0x0000715e   0x00000006   Code   RO         2941    .ARM.Collect$$rtentry$$00000004  c_p.l(__rtentry4.o)
    0x00007164   0x00007164   0x00000000   Code   RO         2931    .ARM.Collect$$rtentry$$00000009  c_p.l(__rtentry2.o)
    0x00007164   0x00007164   0x00000004   Code   RO         2932    .ARM.Collect$$rtentry$$0000000A  c_p.l(__rtentry2.o)
    0x00007168   0x00007168   0x00000000   Code   RO         2934    .ARM.Collect$$rtentry$$0000000C  c_p.l(__rtentry2.o)
    0x00007168   0x00007168   0x00000008   Code   RO         2935    .ARM.Collect$$rtentry$$0000000D  c_p.l(__rtentry2.o)
    0x00007170   0x00007170   0x00000002   Code   RO         2981    .ARM.Collect$$rtexit$$00000000  c_p.l(rtexit.o)
    0x00007172   0x00007172   0x00000000   Code   RO         2997    .ARM.Collect$$rtexit$$00000002  c_p.l(rtexit2.o)
    0x00007172   0x00007172   0x00000004   Code   RO         2998    .ARM.Collect$$rtexit$$00000003  c_p.l(rtexit2.o)
    0x00007176   0x00007176   0x00000006   Code   RO         2999    .ARM.Collect$$rtexit$$00000004  c_p.l(rtexit2.o)
    0x0000717c   0x0000717c   0x00000038   Code   RO         2777    .emb_text           c_p.l(rand.o)
    0x000071b4   0x000071b4   0x00000038   Code   RO         2799    .emb_text           c_p.l(rt_memcpy.o)
    0x000071ec   0x000071ec   0x00000038   Code   RO            4    .text               startup_w7500x.o
    0x00007224   0x00007224   0x000000f4   Code   RO           12    .text               system_w7500x.o
    0x00007318   0x00007318   0x00000042   Code   RO           55    .text               w7500x_adc.o
    0x0000735a   0x0000735a   0x00000002   PAD
    0x0000735c   0x0000735c   0x0000008c   Code   RO           96    .text               w7500x_dualtimer.o
    0x000073e8   0x000073e8   0x000001c4   Code   RO          254    .text               w7500x_gpio.o
    0x000075ac   0x000075ac   0x0000016c   Code   RO          875    .text               w7500x_uart.o
    0x00007718   0x00007718   0x000000b4   Code   RO         1121    .text               w7500x_wztoe.o
    0x000077cc   0x000077cc   0x00000434   Code   RO         1445    .text               wizchip_conf.o
    0x00007c00   0x00007c00   0x0000008a   Code   RO         1701    .text               dhcp_cb.o
    0x00007c8a   0x00007c8a   0x00000002   PAD
    0x00007c8c   0x00007c8c   0x00000060   Code   RO         1724    .text               w7500x_it.o
    0x00007cec   0x00007cec   0x00000012   Code   RO         1764    .text               retarget.o
    0x00007cfe   0x00007cfe   0x00000002   Code   RO         2704    .text               c_p.l(use_no_semi.o)
    0x00007d00   0x00007d00   0x00000008   Code   RO         2507    .ARM.__at_0x00007D00  isr_vector.o
    0x00007d08   0x00007d08   0x00000000   Code   RO         2924    x$fpl$usenofp       fz_ps.l(usenofp.o)
    0x00007d08   0x00007d08   0x00000004   Data   RO         2256    .constdata          devicehandler.o
    0x00007d0c   0x00007d0c   0x00000008   Code   RO         2508    .ARM.__at_0x00007D0C  isr_vector.o
    0x00007d14   0x00007d14   0x00000008   Code   RO         2509    .ARM.__at_0x00007D14  isr_vector.o
    0x00007d1c   0x00007d1c   0x00000008   Code   RO         2510    .ARM.__at_0x00007D1C  isr_vector.o
    0x00007d24   0x00007d24   0x00000008   Code   RO         2511    .ARM.__at_0x00007D24  isr_vector.o
    0x00007d2c   0x00007d2c   0x00000008   Code   RO         2512    .ARM.__at_0x00007D2C  isr_vector.o
    0x00007d34   0x00007d34   0x00000008   Code   RO         2513    .ARM.__at_0x00007D34  isr_vector.o
    0x00007d3c   0x00007d3c   0x00000008   Code   RO         2514    .ARM.__at_0x00007D3C  isr_vector.o
    0x00007d44   0x00007d44   0x00000008   Code   RO         2515    .ARM.__at_0x00007D44  isr_vector.o
    0x00007d4c   0x00007d4c   0x00000008   Code   RO         2516    .ARM.__at_0x00007D4C  isr_vector.o
    0x00007d54   0x00007d54   0x00000008   Code   RO         2517    .ARM.__at_0x00007D54  isr_vector.o
    0x00007d5c   0x00007d5c   0x00000008   Code   RO         2518    .ARM.__at_0x00007D5C  isr_vector.o
    0x00007d64   0x00007d64   0x00000008   Code   RO         2519    .ARM.__at_0x00007D64  isr_vector.o
    0x00007d6c   0x00007d6c   0x00000008   Code   RO         2520    .ARM.__at_0x00007D6C  isr_vector.o
    0x00007d74   0x00007d74   0x00000008   Code   RO         2521    .ARM.__at_0x00007D74  isr_vector.o
    0x00007d7c   0x00007d7c   0x00000008   Code   RO         2522    .ARM.__at_0x00007D7C  isr_vector.o
    0x00007d84   0x00007d84   0x00000008   Code   RO         2523    .ARM.__at_0x00007D84  isr_vector.o
    0x00007d8c   0x00007d8c   0x00000008   Code   RO         2524    .ARM.__at_0x00007D8C  isr_vector.o
    0x00007d94   0x00007d94   0x00000008   Code   RO         2525    .ARM.__at_0x00007D94  isr_vector.o
    0x00007d9c   0x00007d9c   0x00000008   Code   RO         2526    .ARM.__at_0x00007D9C  isr_vector.o
    0x00007da4   0x00007da4   0x00000008   Code   RO         2527    .ARM.__at_0x00007DA4  isr_vector.o
    0x00007dac   0x00007dac   0x00000008   Code   RO         2528    .ARM.__at_0x00007DAC  isr_vector.o
    0x00007db4   0x00007db4   0x00000008   Code   RO         2529    .ARM.__at_0x00007DB4  isr_vector.o
    0x00007dbc   0x00007dbc   0x00000008   Code   RO         2530    .ARM.__at_0x00007DBC  isr_vector.o
    0x00007dc4   0x00007dc4   0x00000008   Code   RO         2531    .ARM.__at_0x00007DC4  isr_vector.o
    0x00007dcc   0x00007dcc   0x00000008   Code   RO         2532    .ARM.__at_0x00007DCC  isr_vector.o
    0x00007dd4   0x00007dd4   0x00000008   Code   RO         2533    .ARM.__at_0x00007DD4  isr_vector.o
    0x00007ddc   0x00007ddc   0x00000008   Code   RO         2534    .ARM.__at_0x00007DDC  isr_vector.o
    0x00007de4   0x00007de4   0x00000008   Code   RO         2535    .ARM.__at_0x00007DE4  isr_vector.o
    0x00007dec   0x00007dec   0x00000008   Code   RO         2536    .ARM.__at_0x00007DEC  isr_vector.o
    0x00007df4   0x00007df4   0x00000a08   Code   RO         1407    .text               socket.o
    0x000087fc   0x000087fc   0x000001f8   Code   RO         1551    .text               w7500x_miim.o
    0x000089f4   0x000089f4   0x00000c24   Code   RO         1596    .text               dhcp.o
    0x00009618   0x00009618   0x000003b0   Code   RO         1623    .text               dns.o
    0x000099c8   0x000099c8   0x00000d54   Code   RO         1813    .text               main.o
    0x0000a71c   0x0000a71c   0x00000184   Code   RO         1874    .text               w7500x_board.o
    0x0000a8a0   0x0000a8a0   0x00001640   Code   RO         1916    .text               seg.o
    0x0000bee0   0x0000bee0   0x00000580   Code   RO         1962    .text               configdata.o
    0x0000c460   0x0000c460   0x000013b8   Code   RO         2025    .text               segcp.o
    0x0000d818   0x0000d818   0x000001e4   Code   RO         2069    .text               util.o
    0x0000d9fc   0x0000d9fc   0x00000150   Code   RO         2095    .text               flashhandler.o
    0x0000db4c   0x0000db4c   0x00000100   Code   RO         2117    .text               storagehandler.o
    0x0000dc4c   0x0000dc4c   0x0000013c   Code   RO         2137    .text               timerhandler.o
    0x0000dd88   0x0000dd88   0x00000590   Code   RO         2196    .text               uarthandler.o
    0x0000e318   0x0000e318   0x0000059c   Code   RO         2251    .text               devicehandler.o
    0x0000e8b4   0x0000e8b4   0x00000564   Code   RO         2311    .text               gpiohandler.o
    0x0000ee18   0x0000ee18   0x00000010   Code   RO         2706    .text               c_p.l(rt_ctype_table.o)
    0x0000ee28   0x0000ee28   0x0000001e   Code   RO         2708    .text               c_p.l(toupper.o)
    0x0000ee46   0x0000ee46   0x00000002   PAD
    0x0000ee48   0x0000ee48   0x0000001c   Code   RO         2710    .text               c_p.l(__2printf.o)
    0x0000ee64   0x0000ee64   0x0000002c   Code   RO         2712    .text               c_p.l(__2sprintf.o)
    0x0000ee90   0x0000ee90   0x0000004e   Code   RO         2720    .text               c_p.l(_printf_pad.o)
    0x0000eede   0x0000eede   0x00000052   Code   RO         2722    .text               c_p.l(_printf_str.o)
    0x0000ef30   0x0000ef30   0x0000006c   Code   RO         2724    .text               c_p.l(_printf_dec.o)
    0x0000ef9c   0x0000ef9c   0x00000058   Code   RO         2729    .text               c_p.l(_printf_hex_int.o)
    0x0000eff4   0x0000eff4   0x00000188   Code   RO         2764    .text               c_p.l(__printf_flags_ss_wp.o)
    0x0000f17c   0x0000f17c   0x0000001a   Code   RO         2773    .text               c_p.l(atoi.o)
    0x0000f196   0x0000f196   0x0000001a   Code   RO         2775    .text               c_p.l(atol.o)
    0x0000f1b0   0x0000f1b0   0x0000003c   Code   RO         2778    .text               c_p.l(rand.o)
    0x0000f1ec   0x0000f1ec   0x00000010   Code   RO         2782    .text               c_p.l(strtok.o)
    0x0000f1fc   0x0000f1fc   0x00000014   Code   RO         2785    .text               c_p.l(strchr.o)
    0x0000f210   0x0000f210   0x0000005a   Code   RO         2789    .text               c_p.l(memcmp.o)
    0x0000f26a   0x0000f26a   0x00000002   PAD
    0x0000f26c   0x0000f26c   0x0000004c   Code   RO         2791    .text               c_p.l(strcpy.o)
    0x0000f2b8   0x0000f2b8   0x00000044   Code   RO         2793    .text               c_p.l(strlen.o)
    0x0000f2fc   0x0000f2fc   0x000000a0   Code   RO         2795    .text               c_p.l(strncmp.o)
    0x0000f39c   0x0000f39c   0x00000018   Code   RO         2797    .text               c_p.l(strcat.o)
    0x0000f3b4   0x0000f3b4   0x00000082   Code   RO         2800    .text               c_p.l(rt_memcpy.o)
    0x0000f436   0x0000f436   0x00000040   Code   RO         2805    .text               c_p.l(rt_memclr.o)
    0x0000f476   0x0000f476   0x00000002   PAD
    0x0000f478   0x0000f478   0x0000006c   Code   RO         2807    .text               c_p.l(strncpy.o)
    0x0000f4e4   0x0000f4e4   0x00000088   Code   RO         2809    .text               c_p.l(strcmp.o)
    0x0000f56c   0x0000f56c   0x00000022   Code   RO         2811    .text               c_p.l(uread4.o)
    0x0000f58e   0x0000f58e   0x00000010   Code   RO         2813    .text               c_p.l(uwrite4.o)
    0x0000f59e   0x0000f59e   0x0000015a   Code   RO         2815    .text               c_p.l(aeabi_sdiv.o)
    0x0000f6f8   0x0000f6f8   0x00000006   Code   RO         2819    .text               c_p.l(heapauxi.o)
    0x0000f6fe   0x0000f6fe   0x00000002   PAD
    0x0000f700   0x0000f700   0x00000358   Code   RO         2823    .text               fz_ps.l(daddsub.o)
    0x0000fa58   0x0000fa58   0x00000048   Code   RO         2825    .text               fz_ps.l(dfixui.o)
    0x0000faa0   0x0000faa0   0x00000054   Code   RO         2827    .text               fz_ps.l(f2d.o)
    0x0000faf4   0x0000faf4   0x00000160   Code   RO         2835    .text               fz_ps.l(fdiv.o)
    0x0000fc54   0x0000fc54   0x00000030   Code   RO         2838    .text               fz_ps.l(ffixui.o)
    0x0000fc84   0x0000fc84   0x0000005e   Code   RO         2840    .text               fz_ps.l(fflti.o)
    0x0000fce2   0x0000fce2   0x00000002   PAD
    0x0000fce4   0x0000fce4   0x00000044   Code   RO         2842    .text               fz_ps.l(fscalbn.o)
    0x0000fd28   0x0000fd28   0x00000008   Code   RO         2852    .text               c_p.l(rt_locale_intlibspace.o)
    0x0000fd30   0x0000fd30   0x00000008   Code   RO         2857    .text               c_p.l(rt_errno_addr_intlibspace.o)
    0x0000fd38   0x0000fd38   0x000000b0   Code   RO         2859    .text               c_p.l(_printf_intcommon.o)
    0x0000fde8   0x0000fde8   0x00000030   Code   RO         2861    .text               c_p.l(_printf_char_common.o)
    0x0000fe18   0x0000fe18   0x0000000a   Code   RO         2863    .text               c_p.l(_sputc.o)
    0x0000fe22   0x0000fe22   0x0000002e   Code   RO         2865    .text               c_p.l(_printf_char.o)
    0x0000fe50   0x0000fe50   0x00000028   Code   RO         2867    .text               c_p.l(_printf_char_file.o)
    0x0000fe78   0x0000fe78   0x00000070   Code   RO         2870    .text               c_p.l(strtol.o)
    0x0000fee8   0x0000fee8   0x00000048   Code   RO         2875    .text               c_p.l(strtok_int.o)
    0x0000ff30   0x0000ff30   0x00000028   Code   RO         2877    .text               c_p.l(rtudiv10.o)
    0x0000ff58   0x0000ff58   0x00000008   Code   RO         2925    .text               c_p.l(libspace.o)
    0x0000ff60   0x0000ff60   0x000000a6   Code   RO         2947    .text               c_p.l(_strtoul.o)
    0x00010006   0x00010006   0x00000022   Code   RO         2949    .text               c_p.l(strcspn.o)
    0x00010028   0x00010028   0x00000020   Code   RO         2951    .text               c_p.l(strspn.o)
    0x00010048   0x00010048   0x0000003e   Code   RO         2957    .text               c_p.l(sys_stackheap_outer.o)
    0x00010086   0x00010086   0x0000001e   Code   RO         2960    .text               c_p.l(_chval.o)
    0x000100a4   0x000100a4   0x00000010   Code   RO         2962    .text               c_p.l(exit.o)
    0x000100b4   0x000100b4   0x00000056   Code   RO         3046    .text               c_p.l(__dczerorl2.o)
    0x0001010a   0x0001010a   0x0000001a   Code   RO         1431    i.__ARM_common_switch8  socket.o
    0x00010124   0x00010124   0x0000000e   Code   RO         2757    i._is_digit         c_p.l(__printf_wp.o)
    0x00010132   0x00010132   0x00000002   PAD
    0x00010134   0x00010134   0x0000002c   Code   RO         2873    locale$$code        c_p.l(lc_ctype_c.o)
    0x00010160   0x00010160   0x0000008c   Code   RO         2829    x$fpl$fadd          fz_ps.l(faddsub.o)
    0x000101ec   0x000101ec   0x00000018   Code   RO         2830    x$fpl$frsb          fz_ps.l(faddsub.o)
    0x00010204   0x00010204   0x000000d0   Code   RO         2831    x$fpl$fsub          fz_ps.l(faddsub.o)
    0x000102d4   0x000102d4   0x0000003c   Data   RO         1816    .constdata          main.o
    0x00010310   0x00010310   0x00000006   Data   RO         1877    .constdata          w7500x_board.o
    0x00010316   0x00010316   0x00000002   PAD
    0x00010318   0x00010318   0x0000003c   Data   RO         2200    .constdata          uarthandler.o
    0x00010354   0x00010354   0x00000008   Data   RO         2313    .constdata          gpiohandler.o
    0x0001035c   0x0001035c   0x00000028   Data   RO         2730    .constdata          c_p.l(_printf_hex_int.o)
    0x00010384   0x00010384   0x00000011   Data   RO         2765    .constdata          c_p.l(__printf_flags_ss_wp.o)
    0x00010395   0x00010395   0x00000040   Data   RO         2836    .constdata          fz_ps.l(fdiv.o)
    0x000103d5   0x000103d5   0x00000003   PAD
    0x000103d8   0x000103d8   0x0000003c   Data   RO         1918    .conststring        seg.o
    0x00010414   0x00010414   0x00000091   Data   RO         1919    .conststring        seg.o
    0x000104a5   0x000104a5   0x00000003   PAD
    0x000104a8   0x000104a8   0x000001af   Data   RO         2027    .conststring        segcp.o
    0x00010657   0x00010657   0x00000001   PAD
    0x00010658   0x00010658   0x0000000e   Data   RO         2201    .conststring        uarthandler.o
    0x00010666   0x00010666   0x00000002   PAD
    0x00010668   0x00010668   0x00000025   Data   RO         2202    .conststring        uarthandler.o
    0x0001068d   0x0001068d   0x00000003   PAD
    0x00010690   0x00010690   0x00000017   Data   RO         2203    .conststring        uarthandler.o
    0x000106a7   0x000106a7   0x00000001   PAD
    0x000106a8   0x000106a8   0x00000116   Data   RO         2257    .conststring        devicehandler.o
    0x000107be   0x000107be   0x00000002   PAD
    0x000107c0   0x000107c0   0x00000010   Data   RO         2315    .conststring        gpiohandler.o
    0x000107d0   0x000107d0   0x0000000f   Data   RO         2316    .conststring        gpiohandler.o
    0x000107df   0x000107df   0x00000001   PAD
    0x000107e0   0x000107e0   0x00000020   Data   RO         3044    Region$$Table       anon$$obj.o
    0x00010800   0x00010800   0x00000110   Data   RO         2872    locale$$data        c_p.l(lc_ctype_c.o)


    Execution Region RW_IRAM1 (Exec base: 0x20000000, Load base: 0x00010910, Size: 0x00003580, Max: 0x00004000, ABSOLUTE, COMPRESSED[0x000001b4])

    Exec Addr    Load Addr    Size         Type   Attr      Idx    E Section Name        Object

    0x20000000   COMPRESSED   0x00000008   Data   RW           13    .data               system_w7500x.o
    0x20000008   COMPRESSED   0x0000000e   Data   RW         1410    .data               socket.o
    0x20000016   COMPRESSED   0x00000002   PAD
    0x20000018   COMPRESSED   0x00000028   Data   RW         1459    .data               wizchip_conf.o
    0x20000040   COMPRESSED   0x00000008   Data   RW         1555    .data               w7500x_miim.o
    0x20000048   COMPRESSED   0x0000004e   Data   RW         1597    .data               dhcp.o
    0x20000096   COMPRESSED   0x00000002   PAD
    0x20000098   COMPRESSED   0x0000000c   Data   RW         1624    .data               dns.o
    0x200000a4   COMPRESSED   0x00000004   Data   RW         1767    .data               retarget.o
    0x200000a8   COMPRESSED   0x00000004   Data   RW         1817    .data               main.o
    0x200000ac   COMPRESSED   0x00000014   Data   RW         1878    .data               w7500x_board.o
    0x200000c0   COMPRESSED   0x00000002   Data   RW         1879    .data               w7500x_board.o
    0x200000c2   COMPRESSED   0x00000001   Data   RW         1880    .data               w7500x_board.o
    0x200000c3   COMPRESSED   0x00000001   Data   RW         1920    .data               seg.o
    0x200000c4   COMPRESSED   0x00000048   Data   RW         1921    .data               seg.o
    0x2000010c   COMPRESSED   0x00000010   Data   RW         1922    .data               seg.o
    0x2000011c   COMPRESSED   0x00000001   Data   RW         1923    .data               seg.o
    0x2000011d   COMPRESSED   0x00000001   Data   RW         1924    .data               seg.o
    0x2000011e   COMPRESSED   0x00000002   PAD
    0x20000120   COMPRESSED   0x00000174   Data   RW         2028    .data               segcp.o
    0x20000294   COMPRESSED   0x00000014   Data   RW         2143    .data               timerhandler.o
    0x200002a8   COMPRESSED   0x00000010   Data   RW         2204    .data               uarthandler.o
    0x200002b8   COMPRESSED   0x00000003   Data   RW         2205    .data               uarthandler.o
    0x200002bb   COMPRESSED   0x00000001   PAD
    0x200002bc   COMPRESSED   0x0000000c   Data   RW         2206    .data               uarthandler.o
    0x200002c8   COMPRESSED   0x00000002   Data   RW         2207    .data               uarthandler.o
    0x200002ca   COMPRESSED   0x00000002   PAD
    0x200002cc   COMPRESSED   0x00000010   Data   RW         2208    .data               uarthandler.o
    0x200002dc   COMPRESSED   0x00000008   Data   RW         2209    .data               uarthandler.o
    0x200002e4   COMPRESSED   0x0000001c   Data   RW         2258    .data               devicehandler.o
    0x20000300   COMPRESSED   0x00000018   Data   RW         2318    .data               gpiohandler.o
    0x20000318   COMPRESSED   0x00000004   Data   RW         2319    .data               gpiohandler.o
    0x2000031c   COMPRESSED   0x00000008   Data   RW         2322    .data               gpiohandler.o
    0x20000324   COMPRESSED   0x00000008   Data   RW         2323    .data               gpiohandler.o
    0x2000032c   COMPRESSED   0x00000004   Data   RW         2783    .data               c_p.l(strtok.o)
    0x20000330        -       0x00000010   Zero   RW         1409    .bss                socket.o
    0x20000340        -       0x00000800   Zero   RW         1814    .bss                main.o
    0x20000b40        -       0x00000800   Zero   RW         1815    .bss                main.o
    0x20001340        -       0x000000f9   Zero   RW         1968    .bss                configdata.o
    0x20001439        -       0x00000400   Zero   RW         2026    .bss                segcp.o
    0x20001839        -       0x00001000   Zero   RW         2199    .bss                uarthandler.o
    0x20002839   COMPRESSED   0x00000003   PAD
    0x2000283c        -       0x000000e4   Zero   RW         2779    .bss                c_p.l(rand.o)
    0x20002920        -       0x00000060   Zero   RW         2926    .bss                c_p.l(libspace.o)
    0x20002980        -       0x00000400   Zero   RW            2    HEAP                startup_w7500x.o
    0x20002d80        -       0x00000800   Zero   RW            1    STACK               startup_w7500x.o

